Component: ARM Compiler 5.06 update 7 (build 960) Tool: armlink [4d3601]

==============================================================================

Section Cross References

    main.o(i.main) refers to systick.o(i.systick_config) for systick_config
    main.o(i.main) refers to gpio.o(i.gpio_config) for gpio_config
    main.o(i.main) refers to gd32f303c_eval.o(i.gd_eval_com_init) for gd_eval_com_init
    main.o(i.main) refers to timer.o(i.Moto0_U_Enable) for Moto0_U_Enable
    main.o(i.main) refers to as5600_i2c.o(i.as5600_i2c_init) for as5600_i2c_init
    main.o(i.main) refers to systick.o(i.delay_1ms) for delay_1ms
    main.o(i.main) refers to as5600_i2c.o(i.as5600_check_magnet) for as5600_check_magnet
    main.o(i.main) refers to timer.o(i.timer_config) for timer_config
    main.o(i.main) refers to gd32f30x_usart.o(i.usart_flag_get) for usart_flag_get
    main.o(i.main) refers to foc_deng.o(i.DFOC_M0_SET_VEL_PID) for DFOC_M0_SET_VEL_PID
    main.o(i.main) refers to foc_deng.o(i.DFOC_Vbus) for DFOC_Vbus
    main.o(i.main) refers to foc_deng.o(i.DFOC_M0_setVelocity) for DFOC_M0_setVelocity
    gd32f30x_it.o(i.SysTick_Handler) refers to systick.o(i.delay_decrement) for delay_decrement
    gd32f30x_it.o(i.SysTick_Handler) refers to systick.o(.data) for sysTickUptime
    systick.o(i._micros) refers to uldiv.o(.text) for __aeabi_uldivmod
    systick.o(i._micros) refers to systick.o(.data) for sysTickUptime
    systick.o(i.delay_1ms) refers to systick.o(.data) for delay
    systick.o(i.delay_decrement) refers to systick.o(.data) for delay
    systick.o(i.systick_config) refers to systick.o(i.NVIC_SetPriority) for NVIC_SetPriority
    systick.o(i.systick_config) refers to system_gd32f30x.o(.data) for SystemCoreClock
    gpio.o(i.gpio_config) refers to gd32f30x_rcu.o(i.rcu_periph_clock_enable) for rcu_periph_clock_enable
    gpio.o(i.gpio_config) refers to gd32f30x_gpio.o(i.gpio_init) for gpio_init
    timer.o(i.Moto0_UV_Run) refers to timer.o(i.Moto0_U_Enable) for Moto0_U_Enable
    timer.o(i.Moto0_UV_Run) refers to timer.o(i.Moto0_U_Set_Val) for Moto0_U_Set_Val
    timer.o(i.Moto0_UV_Run) refers to timer.o(i.Moto0_V_Enable) for Moto0_V_Enable
    timer.o(i.Moto0_UV_Run) refers to timer.o(i.Moto0_V_Set_Val) for Moto0_V_Set_Val
    timer.o(i.Moto0_UV_Run) refers to timer.o(i.Moto0_W_Disable) for Moto0_W_Disable
    timer.o(i.Moto0_UV_Run) refers to timer.o(i.Moto0_W_Set_Val) for Moto0_W_Set_Val
    timer.o(i.Moto0_UW_Run) refers to timer.o(i.Moto0_U_Enable) for Moto0_U_Enable
    timer.o(i.Moto0_UW_Run) refers to timer.o(i.Moto0_U_Set_Val) for Moto0_U_Set_Val
    timer.o(i.Moto0_UW_Run) refers to timer.o(i.Moto0_W_Enable) for Moto0_W_Enable
    timer.o(i.Moto0_UW_Run) refers to timer.o(i.Moto0_W_Set_Val) for Moto0_W_Set_Val
    timer.o(i.Moto0_UW_Run) refers to timer.o(i.Moto0_V_Disable) for Moto0_V_Disable
    timer.o(i.Moto0_UW_Run) refers to timer.o(i.Moto0_V_Set_Val) for Moto0_V_Set_Val
    timer.o(i.Moto0_U_Set_Val) refers to gd32f30x_timer.o(i.timer_channel_output_pulse_value_config) for timer_channel_output_pulse_value_config
    timer.o(i.Moto0_VU_Run) refers to timer.o(i.Moto0_V_Enable) for Moto0_V_Enable
    timer.o(i.Moto0_VU_Run) refers to timer.o(i.Moto0_V_Set_Val) for Moto0_V_Set_Val
    timer.o(i.Moto0_VU_Run) refers to timer.o(i.Moto0_U_Enable) for Moto0_U_Enable
    timer.o(i.Moto0_VU_Run) refers to timer.o(i.Moto0_U_Set_Val) for Moto0_U_Set_Val
    timer.o(i.Moto0_VU_Run) refers to timer.o(i.Moto0_W_Disable) for Moto0_W_Disable
    timer.o(i.Moto0_VU_Run) refers to timer.o(i.Moto0_W_Set_Val) for Moto0_W_Set_Val
    timer.o(i.Moto0_VW_Run) refers to timer.o(i.Moto0_V_Enable) for Moto0_V_Enable
    timer.o(i.Moto0_VW_Run) refers to timer.o(i.Moto0_V_Set_Val) for Moto0_V_Set_Val
    timer.o(i.Moto0_VW_Run) refers to timer.o(i.Moto0_W_Enable) for Moto0_W_Enable
    timer.o(i.Moto0_VW_Run) refers to timer.o(i.Moto0_W_Set_Val) for Moto0_W_Set_Val
    timer.o(i.Moto0_VW_Run) refers to timer.o(i.Moto0_U_Disable) for Moto0_U_Disable
    timer.o(i.Moto0_VW_Run) refers to timer.o(i.Moto0_U_Set_Val) for Moto0_U_Set_Val
    timer.o(i.Moto0_V_Set_Val) refers to gd32f30x_timer.o(i.timer_channel_output_pulse_value_config) for timer_channel_output_pulse_value_config
    timer.o(i.Moto0_WU_Run) refers to timer.o(i.Moto0_W_Enable) for Moto0_W_Enable
    timer.o(i.Moto0_WU_Run) refers to timer.o(i.Moto0_W_Set_Val) for Moto0_W_Set_Val
    timer.o(i.Moto0_WU_Run) refers to timer.o(i.Moto0_U_Enable) for Moto0_U_Enable
    timer.o(i.Moto0_WU_Run) refers to timer.o(i.Moto0_U_Set_Val) for Moto0_U_Set_Val
    timer.o(i.Moto0_WU_Run) refers to timer.o(i.Moto0_V_Disable) for Moto0_V_Disable
    timer.o(i.Moto0_WU_Run) refers to timer.o(i.Moto0_V_Set_Val) for Moto0_V_Set_Val
    timer.o(i.Moto0_WV_Run) refers to timer.o(i.Moto0_W_Enable) for Moto0_W_Enable
    timer.o(i.Moto0_WV_Run) refers to timer.o(i.Moto0_W_Set_Val) for Moto0_W_Set_Val
[...]
    Removing gd32f30x_pmu.o(i.pmu_to_standbymode), (100 bytes).
    Removing gd32f30x_pmu.o(i.pmu_wakeup_pin_disable), (20 bytes).
    Removing gd32f30x_pmu.o(i.pmu_wakeup_pin_enable), (20 bytes).
    Removing gd32f30x_pmu.o(.bss), (16 bytes).
    Removing gd32f30x_rcu.o(.rev16_text), (4 bytes).
    Removing gd32f30x_rcu.o(.revsh_text), (4 bytes).
    Removing gd32f30x_rcu.o(i.rcu_adc_clock_config), (108 bytes).
    Removing gd32f30x_rcu.o(i.rcu_ahb_clock_config), (24 bytes).
    Removing gd32f30x_rcu.o(i.rcu_all_reset_flag_clear), (20 bytes).
    Removing gd32f30x_rcu.o(i.rcu_apb1_clock_config), (24 bytes).
    Removing gd32f30x_rcu.o(i.rcu_apb2_clock_config), (24 bytes).
    Removing gd32f30x_rcu.o(i.rcu_bkp_reset_disable), (20 bytes).
    Removing gd32f30x_rcu.o(i.rcu_bkp_reset_enable), (20 bytes).
    Removing gd32f30x_rcu.o(i.rcu_ck48m_clock_config), (28 bytes).
    Removing gd32f30x_rcu.o(i.rcu_ckout0_config), (24 bytes).
    Removing gd32f30x_rcu.o(i.rcu_deepsleep_voltage_set), (16 bytes).
    Removing gd32f30x_rcu.o(i.rcu_deinit), (120 bytes).
    Removing gd32f30x_rcu.o(i.rcu_flag_get), (36 bytes).
    Removing gd32f30x_rcu.o(i.rcu_hxtal_clock_monitor_disable), (20 bytes).
    Removing gd32f30x_rcu.o(i.rcu_hxtal_clock_monitor_enable), (20 bytes).
    Removing gd32f30x_rcu.o(i.rcu_interrupt_disable), (32 bytes).
    Removing gd32f30x_rcu.o(i.rcu_interrupt_enable), (32 bytes).
    Removing gd32f30x_rcu.o(i.rcu_interrupt_flag_clear), (32 bytes).
    Removing gd32f30x_rcu.o(i.rcu_interrupt_flag_get), (36 bytes).
    Removing gd32f30x_rcu.o(i.rcu_irc8m_adjust_value_set), (28 bytes).
    Removing gd32f30x_rcu.o(i.rcu_lxtal_drive_capability_config), (24 bytes).
    Removing gd32f30x_rcu.o(i.rcu_osci_bypass_mode_disable), (100 bytes).
    Removing gd32f30x_rcu.o(i.rcu_osci_bypass_mode_enable), (100 bytes).
    Removing gd32f30x_rcu.o(i.rcu_osci_off), (32 bytes).
    Removing gd32f30x_rcu.o(i.rcu_osci_on), (32 bytes).
    Removing gd32f30x_rcu.o(i.rcu_osci_stab_wait), (272 bytes).
    Removing gd32f30x_rcu.o(i.rcu_periph_clock_disable), (32 bytes).
    Removing gd32f30x_rcu.o(i.rcu_periph_clock_sleep_disable), (32 bytes).
    Removing gd32f30x_rcu.o(i.rcu_periph_clock_sleep_enable), (32 bytes).
    Removing gd32f30x_rcu.o(i.rcu_pll_config), (32 bytes).
    Removing gd32f30x_rcu.o(i.rcu_pllpresel_config), (24 bytes).
    Removing gd32f30x_rcu.o(i.rcu_predv0_config), (32 bytes).
    Removing gd32f30x_rcu.o(i.rcu_rtc_clock_config), (24 bytes).
    Removing gd32f30x_rcu.o(i.rcu_system_clock_source_config), (24 bytes).
    Removing gd32f30x_rcu.o(i.rcu_system_clock_source_get), (16 bytes).
    Removing gd32f30x_rcu.o(i.rcu_usb_clock_config), (24 bytes).
    Removing gd32f30x_rtc.o(.rev16_text), (4 bytes).
    Removing gd32f30x_rtc.o(.revsh_text), (4 bytes).
    Removing gd32f30x_rtc.o(i.rtc_alarm_config), (32 bytes).
    Removing gd32f30x_rtc.o(i.rtc_configuration_mode_enter), (20 bytes).
    Removing gd32f30x_rtc.o(i.rtc_configuration_mode_exit), (20 bytes).
    Removing gd32f30x_rtc.o(i.rtc_counter_get), (20 bytes).
    Removing gd32f30x_rtc.o(i.rtc_counter_set), (32 bytes).
    Removing gd32f30x_rtc.o(i.rtc_divider_get), (24 bytes).
    Removing gd32f30x_rtc.o(i.rtc_flag_clear), (16 bytes).
    Removing gd32f30x_rtc.o(i.rtc_flag_get), (24 bytes).
    Removing gd32f30x_rtc.o(i.rtc_interrupt_disable), (16 bytes).
    Removing gd32f30x_rtc.o(i.rtc_interrupt_enable), (16 bytes).
    Removing gd32f30x_rtc.o(i.rtc_lwoff_wait), (20 bytes).
    Removing gd32f30x_rtc.o(i.rtc_prescaler_set), (32 bytes).
    Removing gd32f30x_rtc.o(i.rtc_register_sync_wait), (32 bytes).
    Removing gd32f30x_sdio.o(.rev16_text), (4 bytes).
    Removing gd32f30x_sdio.o(.revsh_text), (4 bytes).
    Removing gd32f30x_sdio.o(i.sdio_bus_mode_set), (28 bytes).
    Removing gd32f30x_sdio.o(i.sdio_ceata_command_completion_disable), (20 bytes).
    Removing gd32f30x_sdio.o(i.sdio_ceata_command_completion_enable), (20 bytes).
    Removing gd32f30x_sdio.o(i.sdio_ceata_command_disable), (20 bytes).
    Removing gd32f30x_sdio.o(i.sdio_ceata_command_enable), (20 bytes).
    Removing gd32f30x_sdio.o(i.sdio_ceata_interrupt_disable), (20 bytes).
    Removing gd32f30x_sdio.o(i.sdio_ceata_interrupt_enable), (20 bytes).
    Removing gd32f30x_sdio.o(i.sdio_clock_config), (52 bytes).
    Removing gd32f30x_sdio.o(i.sdio_clock_disable), (20 bytes).
    Removing gd32f30x_sdio.o(i.sdio_clock_enable), (20 bytes).
    Removing gd32f30x_sdio.o(i.sdio_command_index_get), (12 bytes).
    Removing gd32f30x_sdio.o(i.sdio_command_response_config), (52 bytes).
    Removing gd32f30x_sdio.o(i.sdio_csm_disable), (20 bytes).
    Removing gd32f30x_sdio.o(i.sdio_csm_enable), (20 bytes).
    Removing gd32f30x_sdio.o(i.sdio_data_config), (52 bytes).
    Removing gd32f30x_sdio.o(i.sdio_data_counter_get), (12 bytes).
    Removing gd32f30x_sdio.o(i.sdio_data_read), (12 bytes).
    Removing gd32f30x_sdio.o(i.sdio_data_transfer_config), (28 bytes).
    Removing gd32f30x_sdio.o(i.sdio_data_write), (12 bytes).
    Removing gd32f30x_sdio.o(i.sdio_deinit), (28 bytes).
    Removing gd32f30x_sdio.o(i.sdio_dma_disable), (20 bytes).
    Removing gd32f30x_sdio.o(i.sdio_dma_enable), (20 bytes).
    Removing gd32f30x_sdio.o(i.sdio_dsm_disable), (20 bytes).
    Removing gd32f30x_sdio.o(i.sdio_dsm_enable), (20 bytes).
    Removing gd32f30x_sdio.o(i.sdio_fifo_counter_get), (12 bytes).
    Removing gd32f30x_sdio.o(i.sdio_flag_clear), (12 bytes).
    Removing gd32f30x_sdio.o(i.sdio_flag_get), (24 bytes).
    Removing gd32f30x_sdio.o(i.sdio_hardware_clock_disable), (20 bytes).
    Removing gd32f30x_sdio.o(i.sdio_hardware_clock_enable), (20 bytes).
    Removing gd32f30x_sdio.o(i.sdio_interrupt_disable), (16 bytes).
    Removing gd32f30x_sdio.o(i.sdio_interrupt_enable), (16 bytes).
    Removing gd32f30x_sdio.o(i.sdio_interrupt_flag_clear), (12 bytes).
    Removing gd32f30x_sdio.o(i.sdio_interrupt_flag_get), (24 bytes).
    Removing gd32f30x_sdio.o(i.sdio_operation_disable), (20 bytes).
    Removing gd32f30x_sdio.o(i.sdio_operation_enable), (20 bytes).
    Removing gd32f30x_sdio.o(i.sdio_power_state_get), (12 bytes).
    Removing gd32f30x_sdio.o(i.sdio_power_state_set), (12 bytes).
    Removing gd32f30x_sdio.o(i.sdio_readwait_disable), (20 bytes).
    Removing gd32f30x_sdio.o(i.sdio_readwait_enable), (20 bytes).
    Removing gd32f30x_sdio.o(i.sdio_readwait_type_set), (40 bytes).
    Removing gd32f30x_sdio.o(i.sdio_response_get), (56 bytes).
    Removing gd32f30x_sdio.o(i.sdio_stop_readwait_disable), (20 bytes).
    Removing gd32f30x_sdio.o(i.sdio_stop_readwait_enable), (20 bytes).
    Removing gd32f30x_sdio.o(i.sdio_suspend_disable), (20 bytes).
    Removing gd32f30x_sdio.o(i.sdio_suspend_enable), (20 bytes).
    Removing gd32f30x_sdio.o(i.sdio_wait_type_set), (28 bytes).
    Removing gd32f30x_spi.o(.rev16_text), (4 bytes).
    Removing gd32f30x_spi.o(.revsh_text), (4 bytes).
    Removing gd32f30x_spi.o(i.i2s_disable), (10 bytes).
    Removing gd32f30x_spi.o(i.i2s_enable), (10 bytes).
    Removing gd32f30x_spi.o(i.i2s_init), (28 bytes).
    Removing gd32f30x_spi.o(i.i2s_psc_config), (170 bytes).
    Removing gd32f30x_spi.o(i.spi_bidirectional_transfer_config), (26 bytes).
    Removing gd32f30x_spi.o(i.spi_crc_error_clear), (8 bytes).
    Removing gd32f30x_spi.o(i.spi_crc_get), (16 bytes).
    Removing gd32f30x_spi.o(i.spi_crc_next), (10 bytes).
    Removing gd32f30x_spi.o(i.spi_crc_off), (10 bytes).
    Removing gd32f30x_spi.o(i.spi_crc_on), (10 bytes).
    Removing gd32f30x_spi.o(i.spi_crc_polynomial_get), (8 bytes).
    Removing gd32f30x_spi.o(i.spi_crc_polynomial_set), (4 bytes).
    Removing gd32f30x_spi.o(i.spi_disable), (10 bytes).
    Removing gd32f30x_spi.o(i.spi_dma_disable), (22 bytes).
    Removing gd32f30x_spi.o(i.spi_dma_enable), (22 bytes).
    Removing gd32f30x_spi.o(i.spi_enable), (10 bytes).
    Removing gd32f30x_spi.o(i.spi_i2s_data_frame_format_config), (16 bytes).
    Removing gd32f30x_spi.o(i.spi_i2s_data_receive), (8 bytes).
    Removing gd32f30x_spi.o(i.spi_i2s_data_transmit), (4 bytes).
    Removing gd32f30x_spi.o(i.spi_i2s_deinit), (88 bytes).
    Removing gd32f30x_spi.o(i.spi_i2s_flag_get), (16 bytes).
    Removing gd32f30x_spi.o(i.spi_i2s_format_error_clear), (6 bytes).
    Removing gd32f30x_spi.o(i.spi_i2s_interrupt_disable), (48 bytes).
    Removing gd32f30x_spi.o(i.spi_i2s_interrupt_enable), (48 bytes).
    Removing gd32f30x_spi.o(i.spi_i2s_interrupt_flag_get), (112 bytes).
    Removing gd32f30x_spi.o(i.spi_init), (50 bytes).
    Removing gd32f30x_spi.o(i.spi_nss_internal_high), (10 bytes).
    Removing gd32f30x_spi.o(i.spi_nss_internal_low), (10 bytes).
    Removing gd32f30x_spi.o(i.spi_nss_output_disable), (10 bytes).
    Removing gd32f30x_spi.o(i.spi_nss_output_enable), (10 bytes).
    Removing gd32f30x_spi.o(i.spi_nssp_mode_disable), (10 bytes).
    Removing gd32f30x_spi.o(i.spi_nssp_mode_enable), (10 bytes).
    Removing gd32f30x_spi.o(i.spi_quad_disable), (14 bytes).
    Removing gd32f30x_spi.o(i.spi_quad_enable), (14 bytes).
    Removing gd32f30x_spi.o(i.spi_quad_io23_output_disable), (14 bytes).
    Removing gd32f30x_spi.o(i.spi_quad_io23_output_enable), (14 bytes).
    Removing gd32f30x_spi.o(i.spi_quad_read_enable), (14 bytes).
    Removing gd32f30x_spi.o(i.spi_quad_write_enable), (14 bytes).
    Removing gd32f30x_spi.o(i.spi_struct_para_init), (18 bytes).
    Removing gd32f30x_spi.o(i.spi_ti_mode_disable), (10 bytes).
    Removing gd32f30x_spi.o(i.spi_ti_mode_enable), (10 bytes).
    Removing gd32f30x_timer.o(.rev16_text), (4 bytes).
    Removing gd32f30x_timer.o(.revsh_text), (4 bytes).
    Removing gd32f30x_timer.o(i.timer_auto_reload_shadow_disable), (10 bytes).
    Removing gd32f30x_timer.o(i.timer_automatic_output_disable), (10 bytes).
    Removing gd32f30x_timer.o(i.timer_automatic_output_enable), (10 bytes).
    Removing gd32f30x_timer.o(i.timer_autoreload_value_config), (4 bytes).
    Removing gd32f30x_timer.o(i.timer_break_config), (30 bytes).
    Removing gd32f30x_timer.o(i.timer_break_disable), (10 bytes).
    Removing gd32f30x_timer.o(i.timer_break_enable), (10 bytes).
    Removing gd32f30x_timer.o(i.timer_break_struct_para_init), (18 bytes).
    Removing gd32f30x_timer.o(i.timer_channel_capture_value_register_read), (42 bytes).
    Removing gd32f30x_timer.o(i.timer_channel_complementary_output_polarity_config), (70 bytes).
    Removing gd32f30x_timer.o(i.timer_channel_complementary_output_state_config), (70 bytes).
    Removing gd32f30x_timer.o(i.timer_channel_control_shadow_config), (24 bytes).
    Removing gd32f30x_timer.o(i.timer_channel_control_shadow_update_config), (26 bytes).
    Removing gd32f30x_timer.o(i.timer_channel_dma_request_source_select), (26 bytes).
    Removing gd32f30x_timer.o(i.timer_channel_input_capture_prescaler_config), (90 bytes).
    Removing gd32f30x_timer.o(i.timer_channel_input_struct_para_init), (16 bytes).
    Removing gd32f30x_timer.o(i.timer_channel_output_clear_config), (90 bytes).
    Removing gd32f30x_timer.o(i.timer_channel_output_fast_config), (90 bytes).
    Removing gd32f30x_timer.o(i.timer_channel_output_polarity_config), (92 bytes).
    Removing gd32f30x_timer.o(i.timer_channel_output_state_config), (92 bytes).
    Removing gd32f30x_timer.o(i.timer_channel_output_struct_para_init), (16 bytes).
    Removing gd32f30x_timer.o(i.timer_counter_alignment), (16 bytes).
    Removing gd32f30x_timer.o(i.timer_counter_down_direction), (10 bytes).
    Removing gd32f30x_timer.o(i.timer_counter_read), (8 bytes).
    Removing gd32f30x_timer.o(i.timer_counter_up_direction), (10 bytes).
    Removing gd32f30x_timer.o(i.timer_counter_value_config), (4 bytes).
    Removing gd32f30x_timer.o(i.timer_disable), (10 bytes).
    Removing gd32f30x_timer.o(i.timer_dma_disable), (8 bytes).
    Removing gd32f30x_timer.o(i.timer_dma_enable), (8 bytes).
    Removing gd32f30x_timer.o(i.timer_dma_transfer_config), (24 bytes).
    Removing gd32f30x_timer.o(i.timer_event_software_generate), (8 bytes).
    Removing gd32f30x_timer.o(i.timer_external_clock_mode0_config), (40 bytes).
    Removing gd32f30x_timer.o(i.timer_external_clock_mode1_config), (32 bytes).
    Removing gd32f30x_timer.o(i.timer_external_clock_mode1_disable), (10 bytes).
    Removing gd32f30x_timer.o(i.timer_external_trigger_as_external_clock_config), (166 bytes).
    Removing gd32f30x_timer.o(i.timer_external_trigger_config), (30 bytes).
    Removing gd32f30x_timer.o(i.timer_flag_clear), (6 bytes).
    Removing gd32f30x_timer.o(i.timer_flag_get), (16 bytes).
    Removing gd32f30x_timer.o(i.timer_hall_mode_config), (26 bytes).
    Removing gd32f30x_timer.o(i.timer_input_capture_config), (326 bytes).
    Removing gd32f30x_timer.o(i.timer_input_pwm_capture_config), (356 bytes).
    Removing gd32f30x_timer.o(i.timer_input_trigger_source_select), (16 bytes).
    Removing gd32f30x_timer.o(i.timer_internal_clock_config), (10 bytes).
    Removing gd32f30x_timer.o(i.timer_internal_trigger_as_external_clock_config), (32 bytes).
    Removing gd32f30x_timer.o(i.timer_interrupt_disable), (8 bytes).
    Removing gd32f30x_timer.o(i.timer_interrupt_enable), (8 bytes).
    Removing gd32f30x_timer.o(i.timer_interrupt_flag_clear), (6 bytes).
    Removing gd32f30x_timer.o(i.timer_interrupt_flag_get), (24 bytes).
    Removing gd32f30x_timer.o(i.timer_master_output_trigger_source_select), (16 bytes).
    Removing gd32f30x_timer.o(i.timer_master_slave_mode_config), (26 bytes).
    Removing gd32f30x_timer.o(i.timer_output_value_selection_config), (34 bytes).
    Removing gd32f30x_timer.o(i.timer_prescaler_config), (14 bytes).
    Removing gd32f30x_timer.o(i.timer_prescaler_read), (10 bytes).
    Removing gd32f30x_timer.o(i.timer_quadrature_decoder_mode_config), (64 bytes).
    Removing gd32f30x_timer.o(i.timer_repetition_value_config), (4 bytes).
    Removing gd32f30x_timer.o(i.timer_single_pulse_mode_config), (26 bytes).
    Removing gd32f30x_timer.o(i.timer_slave_mode_select), (16 bytes).
    Removing gd32f30x_timer.o(i.timer_struct_para_init), (22 bytes).
    Removing gd32f30x_timer.o(i.timer_update_event_disable), (10 bytes).
    Removing gd32f30x_timer.o(i.timer_update_event_enable), (10 bytes).
    Removing gd32f30x_timer.o(i.timer_update_source_config), (26 bytes).
    Removing gd32f30x_timer.o(i.timer_write_chxval_register_config), (34 bytes).
    Removing gd32f30x_usart.o(.rev16_text), (4 bytes).
    Removing gd32f30x_usart.o(.revsh_text), (4 bytes).
    Removing gd32f30x_usart.o(i.usart_address_config), (20 bytes).
    Removing gd32f30x_usart.o(i.usart_block_length_config), (28 bytes).
    Removing gd32f30x_usart.o(i.usart_data_first_config), (20 bytes).
    Removing gd32f30x_usart.o(i.usart_data_receive), (10 bytes).
    Removing gd32f30x_usart.o(i.usart_data_transmit), (8 bytes).
    Removing gd32f30x_usart.o(i.usart_disable), (10 bytes).
    Removing gd32f30x_usart.o(i.usart_dma_receive_config), (20 bytes).
    Removing gd32f30x_usart.o(i.usart_dma_transmit_config), (20 bytes).
    Removing gd32f30x_usart.o(i.usart_flag_clear), (18 bytes).
    Removing gd32f30x_usart.o(i.usart_guard_time_config), (24 bytes).
    Removing gd32f30x_usart.o(i.usart_halfduplex_disable), (10 bytes).
    Removing gd32f30x_usart.o(i.usart_halfduplex_enable), (10 bytes).
    Removing gd32f30x_usart.o(i.usart_hardware_flow_cts_config), (20 bytes).
    Removing gd32f30x_usart.o(i.usart_hardware_flow_rts_config), (20 bytes).
    Removing gd32f30x_usart.o(i.usart_interrupt_disable), (26 bytes).
    Removing gd32f30x_usart.o(i.usart_interrupt_enable), (26 bytes).
    Removing gd32f30x_usart.o(i.usart_interrupt_flag_clear), (18 bytes).
    Removing gd32f30x_usart.o(i.usart_interrupt_flag_get), (56 bytes).
    Removing gd32f30x_usart.o(i.usart_invert_config), (104 bytes).
    Removing gd32f30x_usart.o(i.usart_irda_lowpower_config), (20 bytes).
    Removing gd32f30x_usart.o(i.usart_irda_mode_disable), (10 bytes).
    Removing gd32f30x_usart.o(i.usart_irda_mode_enable), (10 bytes).
    Removing gd32f30x_usart.o(i.usart_lin_break_detection_length_config), (20 bytes).
    Removing gd32f30x_usart.o(i.usart_lin_mode_disable), (10 bytes).
    Removing gd32f30x_usart.o(i.usart_lin_mode_enable), (10 bytes).
    Removing gd32f30x_usart.o(i.usart_mute_mode_disable), (10 bytes).
    Removing gd32f30x_usart.o(i.usart_mute_mode_enable), (10 bytes).
    Removing gd32f30x_usart.o(i.usart_mute_mode_wakeup_config), (16 bytes).
    Removing gd32f30x_usart.o(i.usart_parity_config), (16 bytes).
    Removing gd32f30x_usart.o(i.usart_prescaler_config), (16 bytes).
    Removing gd32f30x_usart.o(i.usart_receiver_timeout_disable), (14 bytes).
    Removing gd32f30x_usart.o(i.usart_receiver_timeout_enable), (14 bytes).
    Removing gd32f30x_usart.o(i.usart_receiver_timeout_threshold_config), (20 bytes).
    Removing gd32f30x_usart.o(i.usart_send_break), (10 bytes).
    Removing gd32f30x_usart.o(i.usart_smartcard_autoretry_config), (26 bytes).
    Removing gd32f30x_usart.o(i.usart_smartcard_mode_disable), (10 bytes).
    Removing gd32f30x_usart.o(i.usart_smartcard_mode_enable), (10 bytes).
    Removing gd32f30x_usart.o(i.usart_smartcard_mode_nack_disable), (10 bytes).
    Removing gd32f30x_usart.o(i.usart_smartcard_mode_nack_enable), (10 bytes).
    Removing gd32f30x_usart.o(i.usart_stop_bit_set), (16 bytes).
    Removing gd32f30x_usart.o(i.usart_synchronous_clock_config), (34 bytes).
    Removing gd32f30x_usart.o(i.usart_synchronous_clock_disable), (10 bytes).
    Removing gd32f30x_usart.o(i.usart_synchronous_clock_enable), (10 bytes).
    Removing gd32f30x_usart.o(i.usart_word_length_set), (16 bytes).
    Removing gd32f30x_wwdgt.o(.rev16_text), (4 bytes).
    Removing gd32f30x_wwdgt.o(.revsh_text), (4 bytes).
    Removing gd32f30x_wwdgt.o(i.wwdgt_config), (28 bytes).
    Removing gd32f30x_wwdgt.o(i.wwdgt_counter_update), (16 bytes).
    Removing gd32f30x_wwdgt.o(i.wwdgt_deinit), (20 bytes).
    Removing gd32f30x_wwdgt.o(i.wwdgt_enable), (20 bytes).
    Removing gd32f30x_wwdgt.o(i.wwdgt_flag_clear), (12 bytes).
    Removing gd32f30x_wwdgt.o(i.wwdgt_flag_get), (24 bytes).
    Removing gd32f30x_wwdgt.o(i.wwdgt_interrupt_enable), (20 bytes).
    Removing gd32f303c_eval.o(.rev16_text), (4 bytes).
    Removing gd32f303c_eval.o(.revsh_text), (4 bytes).
    Removing gd32f303c_eval.o(i.gd_eval_key_init), (128 bytes).
    Removing gd32f303c_eval.o(i.gd_eval_key_state_get), (32 bytes).
    Removing gd32f303c_eval.o(i.gd_eval_led_init), (64 bytes).
    Removing gd32f303c_eval.o(i.gd_eval_led_off), (24 bytes).
    Removing gd32f303c_eval.o(i.gd_eval_led_on), (24 bytes).
    Removing gd32f303c_eval.o(i.gd_eval_led_toggle), (56 bytes).
    Removing startup_gd32f30x_hd.o(HEAP), (1024 bytes).
    Removing dadd.o(.text), (334 bytes).
    Removing dmul.o(.text), (228 bytes).
    Removing ddiv.o(.text), (222 bytes).
    Removing depilogue.o(.text), (186 bytes).
    Removing dneg.o(.text), (6 bytes).
    Removing dsqrt.o(.text), (162 bytes).
    Removing drem.o(.text), (134 bytes).
    Removing cdcmple.o(.text), (48 bytes).
    Removing dflti.o(.text), (34 bytes).
    Removing dfltui.o(.text), (26 bytes).
    Removing dfixi.o(.text), (62 bytes).

695 unused section(s) (total 27248 bytes) removed from the image.

==============================================================================

Image Symbol Table

    Local Symbols

    Symbol Name                              Value     Ov Type        Size  Object(Section)

    ../clib/microlib/division.c              0x00000000   Number         0  uldiv.o ABSOLUTE
    ../clib/microlib/errno.c                 0x00000000   Number         0  errno.o ABSOLUTE
    ../clib/microlib/init/entry.s            0x00000000   Number         0  entry12b.o ABSOLUTE
    ../clib/microlib/init/entry.s            0x00000000   Number         0  entry12a.o ABSOLUTE
    ../clib/microlib/init/entry.s            0x00000000   Number         0  entry11b.o ABSOLUTE
    ../clib/microlib/init/entry.s            0x00000000   Number         0  entry10b.o ABSOLUTE
    ../clib/microlib/init/entry.s            0x00000000   Number         0  entry10a.o ABSOLUTE
    ../clib/microlib/init/entry.s            0x00000000   Number         0  entry9b.o ABSOLUTE
    ../clib/microlib/init/entry.s            0x00000000   Number         0  entry9a.o ABSOLUTE
    ../clib/microlib/init/entry.s            0x00000000   Number         0  entry8b.o ABSOLUTE
    ../clib/microlib/init/entry.s            0x00000000   Number         0  entry8a.o ABSOLUTE
    ../clib/microlib/init/entry.s            0x00000000   Number         0  entry11a.o ABSOLUTE
    ../clib/microlib/init/entry.s            0x00000000   Number         0  entry7b.o ABSOLUTE
    ../clib/microlib/init/entry.s            0x00000000   Number         0  entry7a.o ABSOLUTE
    ../clib/microlib/init/entry.s            0x00000000   Number         0  entry5.o ABSOLUTE
    ../clib/microlib/init/entry.s            0x00000000   Number         0  entry2.o ABSOLUTE
    ../clib/microlib/init/entry.s            0x00000000   Number         0  entry.o ABSOLUTE
    ../clib/microlib/longlong.c              0x00000000   Number         0  llushr.o ABSOLUTE
    ../clib/microlib/longlong.c              0x00000000   Number         0  llsshr.o ABSOLUTE
    ../clib/microlib/longlong.c              0x00000000   Number         0  llshl.o ABSOLUTE
    ../clib/microlib/stubs.s                 0x00000000   Number         0  iusefp.o ABSOLUTE
    ../fplib/microlib/d2f.c                  0x00000000   Number         0  d2f.o ABSOLUTE
    ../fplib/microlib/f2d.c                  0x00000000   Number         0  f2d.o ABSOLUTE
    ../fplib/microlib/fpadd.c                0x00000000   Number         0  dadd.o ABSOLUTE
    ../fplib/microlib/fpdiv.c                0x00000000   Number         0  ddiv.o ABSOLUTE
    ../fplib/microlib/fpepilogue.c           0x00000000   Number         0  fepilogue.o ABSOLUTE
    ../fplib/microlib/fpepilogue.c           0x00000000   Number         0  depilogue.o ABSOLUTE
    ../fplib/microlib/fpfix.c                0x00000000   Number         0  dfixi.o ABSOLUTE
    ../fplib/microlib/fpflt.c                0x00000000   Number         0  dflti.o ABSOLUTE
    ../fplib/microlib/fpflt.c                0x00000000   Number         0  dfltui.o ABSOLUTE
    ../fplib/microlib/fpmul.c                0x00000000   Number         0  dmul.o ABSOLUTE
    ../fplib/microlib/fpneg.c                0x00000000   Number         0  dneg.o ABSOLUTE
    ../fplib/microlib/fprem.c                0x00000000   Number         0  frem.o ABSOLUTE
    ../fplib/microlib/fprem.c                0x00000000   Number         0  drem.o ABSOLUTE
    ../fplib/microlib/fpsqrt.c               0x00000000   Number         0  dsqrt.o ABSOLUTE
    ../mathlib/cos.c                         0x00000000   Number         0  cos_x.o ABSOLUTE
    ../mathlib/cos.c                         0x00000000   Number         0  cos.o ABSOLUTE
    ../mathlib/cos_i.c                       0x00000000   Number         0  cos_i.o ABSOLUTE
    ../mathlib/cosf.c                        0x00000000   Number         0  cosf_x.o ABSOLUTE
    ../mathlib/cosf.c                        0x00000000   Number         0  cosf.o ABSOLUTE
    ../mathlib/dunder.c                      0x00000000   Number         0  dunder.o ABSOLUTE
    ../mathlib/fabs.c                        0x00000000   Number         0  fabs.o ABSOLUTE
    ../mathlib/fmod.c                        0x00000000   Number         0  fmod_x.o ABSOLUTE
    ../mathlib/fmod.c                        0x00000000   Number         0  fmod.o ABSOLUTE
    ../mathlib/fmodf.c                       0x00000000   Number         0  fmodf_x.o ABSOLUTE
    ../mathlib/fmodf.c                       0x00000000   Number         0  fmodf.o ABSOLUTE
    ../mathlib/fpclassify.c                  0x00000000   Number         0  fpclassify.o ABSOLUTE
    ../mathlib/fpclassifyf.c                 0x00000000   Number         0  fpclassifyf.o ABSOLUTE
    ../mathlib/funder.c                      0x00000000   Number         0  funder.o ABSOLUTE
    ../mathlib/poly.c                        0x00000000   Number         0  poly.o ABSOLUTE
    ../mathlib/rred.c                        0x00000000   Number         0  rred.o ABSOLUTE
    ../mathlib/rredf.c                       0x00000000   Number         0  rredf.o ABSOLUTE
    ../mathlib/sin.c                         0x00000000   Number         0  sin_x.o ABSOLUTE
    ../mathlib/sin.c                         0x00000000   Number         0  sin.o ABSOLUTE
    ../mathlib/sin_i.c                       0x00000000   Number         0  sin_i.o ABSOLUTE
    ../mathlib/sin_i.c                       0x00000000   Number         0  sin_i_x.o ABSOLUTE
    ../mathlib/sinf.c                        0x00000000   Number         0  sinf_x.o ABSOLUTE
    ../mathlib/sinf.c                        0x00000000   Number         0  sinf.o ABSOLUTE
    ../mathlib/sqrt.c                        0x00000000   Number         0  sqrt_x.o ABSOLUTE
    ../mathlib/sqrt.c                        0x00000000   Number         0  sqrt.o ABSOLUTE
    ../mathlib/sqrtf.c                       0x00000000   Number         0  sqrtf_x.o ABSOLUTE
    ../mathlib/sqrtf.c                       0x00000000   Number         0  sqrtf.o ABSOLUTE
    ..\..\GD32F30x_Firmware_Library\CMSIS\GD\GD32F30x\Source\ARM\startup_gd32f30x_hd.s 0x00000000   Number         0  startup_gd32f30x_hd.o ABSOLUTE
    ..\..\GD32F30x_Firmware_Library\CMSIS\GD\GD32F30x\Source\system_gd32f30x.c 0x00000000   Number         0  system_gd32f30x.o ABSOLUTE
    ..\..\GD32F30x_Firmware_Library\GD32F30x_standard_peripheral\Source\gd32f30x_adc.c 0x00000000   Number         0  gd32f30x_adc.o ABSOLUTE
    ..\..\GD32F30x_Firmware_Library\GD32F30x_standard_peripheral\Source\gd32f30x_bkp.c 0x00000000   Number         0  gd32f30x_bkp.o ABSOLUTE
    ..\..\GD32F30x_Firmware_Library\GD32F30x_standard_peripheral\Source\gd32f30x_can.c 0x00000000   Number         0  gd32f30x_can.o ABSOLUTE
    ..\..\GD32F30x_Firmware_Library\GD32F30x_standard_peripheral\Source\gd32f30x_crc.c 0x00000000   Number         0  gd32f30x_crc.o ABSOLUTE
    ..\..\GD32F30x_Firmware_Library\GD32F30x_standard_peripheral\Source\gd32f30x_ctc.c 0x00000000   Number         0  gd32f30x_ctc.o ABSOLUTE
    ..\..\GD32F30x_Firmware_Library\GD32F30x_standard_peripheral\Source\gd32f30x_dac.c 0x00000000   Number         0  gd32f30x_dac.o ABSOLUTE
    ..\..\GD32F30x_Firmware_Library\GD32F30x_standard_peripheral\Source\gd32f30x_dbg.c 0x00000000   Number         0  gd32f30x_dbg.o ABSOLUTE
    ..\..\GD32F30x_Firmware_Library\GD32F30x_standard_peripheral\Source\gd32f30x_dma.c 0x00000000   Number         0  gd32f30x_dma.o ABSOLUTE
    ..\..\GD32F30x_Firmware_Library\GD32F30x_standard_peripheral\Source\gd32f30x_enet.c 0x00000000   Number         0  gd32f30x_enet.o ABSOLUTE
    ..\..\GD32F30x_Firmware_Library\GD32F30x_standard_peripheral\Source\gd32f30x_exmc.c 0x00000000   Number         0  gd32f30x_exmc.o ABSOLUTE
    ..\..\GD32F30x_Firmware_Library\GD32F30x_standard_peripheral\Source\gd32f30x_exti.c 0x00000000   Number         0  gd32f30x_exti.o ABSOLUTE
    ..\..\GD32F30x_Firmware_Library\GD32F30x_standard_peripheral\Source\gd32f30x_fmc.c 0x00000000   Number         0  gd32f30x_fmc.o ABSOLUTE
    ..\..\GD32F30x_Firmware_Library\GD32F30x_standard_peripheral\Source\gd32f30x_fwdgt.c 0x00000000   Number         0  gd32f30x_fwdgt.o ABSOLUTE
    ..\..\GD32F30x_Firmware_Library\GD32F30x_standard_peripheral\Source\gd32f30x_gpio.c 0x00000000   Number         0  gd32f30x_gpio.o ABSOLUTE
    ..\..\GD32F30x_Firmware_Library\GD32F30x_standard_peripheral\Source\gd32f30x_i2c.c 0x00000000   Number         0  gd32f30x_i2c.o ABSOLUTE
    ..\..\GD32F30x_Firmware_Library\GD32F30x_standard_peripheral\Source\gd32f30x_misc.c 0x00000000   Number         0  gd32f30x_misc.o ABSOLUTE
    ..\..\GD32F30x_Firmware_Library\GD32F30x_standard_peripheral\Source\gd32f30x_pmu.c 0x00000000   Number         0  gd32f30x_pmu.o ABSOLUTE
    ..\..\GD32F30x_Firmware_Library\GD32F30x_standard_peripheral\Source\gd32f30x_rcu.c 0x00000000   Number         0  gd32f30x_rcu.o ABSOLUTE
    ..\..\GD32F30x_Firmware_Library\GD32F30x_standard_peripheral\Source\gd32f30x_rtc.c 0x00000000   Number         0  gd32f30x_rtc.o ABSOLUTE
    ..\..\GD32F30x_Firmware_Library\GD32F30x_standard_peripheral\Source\gd32f30x_sdio.c 0x00000000   Number         0  gd32f30x_sdio.o ABSOLUTE
    ..\..\GD32F30x_Firmware_Library\GD32F30x_standard_peripheral\Source\gd32f30x_spi.c 0x00000000   Number         0  gd32f30x_spi.o ABSOLUTE
    ..\..\GD32F30x_Firmware_Library\GD32F30x_standard_peripheral\Source\gd32f30x_timer.c 0x00000000   Number         0  gd32f30x_timer.o ABSOLUTE
    ..\..\GD32F30x_Firmware_Library\GD32F30x_standard_peripheral\Source\gd32f30x_usart.c 0x00000000   Number         0  gd32f30x_usart.o ABSOLUTE
    ..\..\GD32F30x_Firmware_Library\GD32F30x_standard_peripheral\Source\gd32f30x_wwdgt.c 0x00000000   Number         0  gd32f30x_wwdgt.o ABSOLUTE
    ..\..\Utilities\gd32f303c_eval.c         0x00000000   Number         0  gd32f303c_eval.o ABSOLUTE
    ..\\..\\GD32F30x_Firmware_Library\\CMSIS\\GD\\GD32F30x\\Source\\system_gd32f30x.c 0x00000000   Number         0  system_gd32f30x.o ABSOLUTE
    ..\\..\\GD32F30x_Firmware_Library\\GD32F30x_standard_peripheral\\Source\\gd32f30x_adc.c 0x00000000   Number         0  gd32f30x_adc.o ABSOLUTE
    ..\\..\\GD32F30x_Firmware_Library\\GD32F30x_standard_peripheral\\Source\\gd32f30x_bkp.c 0x00000000   Number         0  gd32f30x_bkp.o ABSOLUTE
    ..\\..\\GD32F30x_Firmware_Library\\GD32F30x_standard_peripheral\\Source\\gd32f30x_can.c 0x00000000   Number         0  gd32f30x_can.o ABSOLUTE
    ..\\..\\GD32F30x_Firmware_Library\\GD32F30x_standard_peripheral\\Source\\gd32f30x_crc.c 0x00000000   Number         0  gd32f30x_crc.o ABSOLUTE
    ..\\..\\GD32F30x_Firmware_Library\\GD32F30x_standard_peripheral\\Source\\gd32f30x_ctc.c 0x00000000   Number         0  gd32f30x_ctc.o ABSOLUTE
    ..\\..\\GD32F30x_Firmware_Library\\GD32F30x_standard_peripheral\\Source\\gd32f30x_dac.c 0x00000000   Number         0  gd32f30x_dac.o ABSOLUTE
    ..\\..\\GD32F30x_Firmware_Library\\GD32F30x_standard_peripheral\\Source\\gd32f30x_dbg.c 0x00000000   Number         0  gd32f30x_dbg.o ABSOLUTE
    ..\\..\\GD32F30x_Firmware_Library\\GD32F30x_standard_peripheral\\Source\\gd32f30x_dma.c 0x00000000   Number         0  gd32f30x_dma.o ABSOLUTE
    ..\\..\\GD32F30x_Firmware_Library\\GD32F30x_standard_peripheral\\Source\\gd32f30x_enet.c 0x00000000   Number         0  gd32f30x_enet.o ABSOLUTE
    ..\\..\\GD32F30x_Firmware_Library\\GD32F30x_standard_peripheral\\Source\\gd32f30x_exmc.c 0x00000000   Number         0  gd32f30x_exmc.o ABSOLUTE
    ..\\..\\GD32F30x_Firmware_Library\\GD32F30x_standard_peripheral\\Source\\gd32f30x_exti.c 0x00000000   Number         0  gd32f30x_exti.o ABSOLUTE
    ..\\..\\GD32F30x_Firmware_Library\\GD32F30x_standard_peripheral\\Source\\gd32f30x_fmc.c 0x00000000   Number         0  gd32f30x_fmc.o ABSOLUTE
    ..\\..\\GD32F30x_Firmware_Library\\GD32F30x_standard_peripheral\\Source\\gd32f30x_fwdgt.c 0x00000000   Number         0  gd32f30x_fwdgt.o ABSOLUTE
    ..\\..\\GD32F30x_Firmware_Library\\GD32F30x_standard_peripheral\\Source\\gd32f30x_gpio.c 0x00000000   Number         0  gd32f30x_gpio.o ABSOLUTE
    ..\\..\\GD32F30x_Firmware_Library\\GD32F30x_standard_peripheral\\Source\\gd32f30x_i2c.c 0x00000000   Number         0  gd32f30x_i2c.o ABSOLUTE
    ..\\..\\GD32F30x_Firmware_Library\\GD32F30x_standard_peripheral\\Source\\gd32f30x_misc.c 0x00000000   Number         0  gd32f30x_misc.o ABSOLUTE
    ..\\..\\GD32F30x_Firmware_Library\\GD32F30x_standard_peripheral\\Source\\gd32f30x_pmu.c 0x00000000   Number         0  gd32f30x_pmu.o ABSOLUTE
    ..\\..\\GD32F30x_Firmware_Library\\GD32F30x_standard_peripheral\\Source\\gd32f30x_rcu.c 0x00000000   Number         0  gd32f30x_rcu.o ABSOLUTE
    ..\\..\\GD32F30x_Firmware_Library\\GD32F30x_standard_peripheral\\Source\\gd32f30x_rtc.c 0x00000000   Number         0  gd32f30x_rtc.o ABSOLUTE
    ..\\..\\GD32F30x_Firmware_Library\\GD32F30x_standard_peripheral\\Source\\gd32f30x_sdio.c 0x00000000   Number         0  gd32f30x_sdio.o ABSOLUTE
    ..\\..\\GD32F30x_Firmware_Library\\GD32F30x_standard_peripheral\\Source\\gd32f30x_spi.c 0x00000000   Number         0  gd32f30x_spi.o ABSOLUTE
    ..\\..\\GD32F30x_Firmware_Library\\GD32F30x_standard_peripheral\\Source\\gd32f30x_timer.c 0x00000000   Number         0  gd32f30x_timer.o ABSOLUTE
    ..\\..\\GD32F30x_Firmware_Library\\GD32F30x_standard_peripheral\\Source\\gd32f30x_usart.c 0x00000000   Number         0  gd32f30x_usart.o ABSOLUTE
    ..\\..\\GD32F30x_Firmware_Library\\GD32F30x_standard_peripheral\\Source\\gd32f30x_wwdgt.c 0x00000000   Number         0  gd32f30x_wwdgt.o ABSOLUTE
    ..\\..\\Utilities\\gd32f303c_eval.c      0x00000000   Number         0  gd32f303c_eval.o ABSOLUTE
    ..\\as5600_deng.c                        0x00000000   Number         0  as5600_deng.o ABSOLUTE
    ..\\as5600_i2c.c                         0x00000000   Number         0  as5600_i2c.o ABSOLUTE
    ..\\foc.c                                0x00000000   Number         0  foc.o ABSOLUTE
    ..\\foc_deng.c                           0x00000000   Number         0  foc_deng.o ABSOLUTE
    ..\\gd32f30x_it.c                        0x00000000   Number         0  gd32f30x_it.o ABSOLUTE
    ..\\gpio.c                               0x00000000   Number         0  gpio.o ABSOLUTE
    ..\\lowpass_filter.c                     0x00000000   Number         0  lowpass_filter.o ABSOLUTE
    ..\\main.c                               0x00000000   Number         0  main.o ABSOLUTE
    ..\\pid.c                                0x00000000   Number         0  pid.o ABSOLUTE
    ..\\systick.c                            0x00000000   Number         0  systick.o ABSOLUTE
    ..\\timer.c                              0x00000000   Number         0  timer.o ABSOLUTE
    ..\as5600_deng.c                         0x00000000   Number         0  as5600_deng.o ABSOLUTE
    ..\as5600_i2c.c                          0x00000000   Number         0  as5600_i2c.o ABSOLUTE
    ..\foc.c                                 0x00000000   Number         0  foc.o ABSOLUTE
    ..\foc_deng.c                            0x00000000   Number         0  foc_deng.o ABSOLUTE
    ..\gd32f30x_it.c                         0x00000000   Number         0  gd32f30x_it.o ABSOLUTE
    ..\gpio.c                                0x00000000   Number         0  gpio.o ABSOLUTE
    ..\lowpass_filter.c                      0x00000000   Number         0  lowpass_filter.o ABSOLUTE
    ..\main.c                                0x00000000   Number         0  main.o ABSOLUTE
    ..\pid.c                                 0x00000000   Number         0  pid.o ABSOLUTE
    ..\systick.c                             0x00000000   Number         0  systick.o ABSOLUTE
    ..\timer.c                               0x00000000   Number         0  timer.o ABSOLUTE
    cdcmple.s                                0x00000000   Number         0  cdcmple.o ABSOLUTE
    dc.s                                     0x00000000   Number         0  dc.o ABSOLUTE
    handlers.s                               0x00000000   Number         0  handlers.o ABSOLUTE
    init.s                                   0x00000000   Number         0  init.o ABSOLUTE
    RESET                                    0x08000000   Section      304  startup_gd32f30x_hd.o(RESET)
    .ARM.Collect$$$$00000000                 0x08000130   Section        0  entry.o(.ARM.Collect$$$$00000000)
    .ARM.Collect$$$$00000001                 0x08000130   Section        4  entry2.o(.ARM.Collect$$$$00000001)
    .ARM.Collect$$$$00000004                 0x08000134   Section        4  entry5.o(.ARM.Collect$$$$00000004)
    .ARM.Collect$$$$00000008                 0x08000138   Section        0  entry7b.o(.ARM.Collect$$$$00000008)
    .ARM.Collect$$$$0000000A                 0x08000138   Section        0  entry8b.o(.ARM.Collect$$$$0000000A)
    .ARM.Collect$$$$0000000B                 0x08000138   Section        8  entry9a.o(.ARM.Collect$$$$0000000B)
    .ARM.Collect$$$$0000000E                 0x08000140   Section        4  entry12b.o(.ARM.Collect$$$$0000000E)
    .ARM.Collect$$$$0000000F                 0x08000144   Section        0  entry10a.o(.ARM.Collect$$$$0000000F)
    .ARM.Collect$$$$00000011                 0x08000144   Section        0  entry11a.o(.ARM.Collect$$$$00000011)
    .ARM.Collect$$$$00002712                 0x08000144   Section        4  entry2.o(.ARM.Collect$$$$00002712)
    __lit__00000000                          0x08000144   Data           4  entry2.o(.ARM.Collect$$$$00002712)
    .text                                    0x08000148   Section       36  startup_gd32f30x_hd.o(.text)
    $v0                                      0x08000148   Number         0  startup_gd32f30x_hd.o(.text)
    .text                                    0x0800016c   Section        0  uldiv.o(.text)
    .text                                    0x080001ce   Section        0  f2d.o(.text)
    .text                                    0x080001f4   Section        0  d2f.o(.text)
    .text                                    0x0800022c   Section        0  llshl.o(.text)
    .text                                    0x0800024a   Section        0  llushr.o(.text)
    .text                                    0x0800026a   Section        0  iusefp.o(.text)
    .text                                    0x0800026a   Section        0  fepilogue.o(.text)
    .text                                    0x080002d8   Section        0  frem.o(.text)
    .text                                    0x0800032c   Section       36  init.o(.text)
    i.BusFault_Handler                       0x08000350   Section        0  gd32f30x_it.o(i.BusFault_Handler)
    i.DFOC_M0_SET_VEL_PID                    0x08000354   Section        0  foc_deng.o(i.DFOC_M0_SET_VEL_PID)
    i.DFOC_M0_VEL_PID                        0x0800036c   Section        0  foc_deng.o(i.DFOC_M0_VEL_PID)
    i.DFOC_M0_Velocity                       0x0800038c   Section        0  foc_deng.o(i.DFOC_M0_Velocity)
    i.DFOC_M0_setVelocity                    0x080003d0   Section        0  foc_deng.o(i.DFOC_M0_setVelocity)
    i.DFOC_Vbus                              0x08000424   Section        0  foc_deng.o(i.DFOC_Vbus)
    i.DebugMon_Handler                       0x080004dc   Section        0  gd32f30x_it.o(i.DebugMon_Handler)
    i.HardFault_Handler                      0x080004de   Section        0  gd32f30x_it.o(i.HardFault_Handler)
    i.LowPassFilter_Init                     0x080004e4   Section        0  lowpass_filter.o(i.LowPassFilter_Init)
    i.LowPassFilter_Update                   0x080004f8   Section        0  lowpass_filter.o(i.LowPassFilter_Update)
    i.MemManage_Handler                      0x08000522   Section        0  gd32f30x_it.o(i.MemManage_Handler)
    i.Moto0_U_Enable                         0x08000528   Section        0  timer.o(i.Moto0_U_Enable)
    i.Moto1_U_Set_Val                        0x08000534   Section        0  timer.o(i.Moto1_U_Set_Val)
    i.Moto1_V_Set_Val                        0x08000544   Section        0  timer.o(i.Moto1_V_Set_Val)
    i.Moto1_W_Set_Val                        0x08000554   Section        0  timer.o(i.Moto1_W_Set_Val)
    i.NMI_Handler                            0x08000566   Section        0  gd32f30x_it.o(i.NMI_Handler)
    i.NVIC_SetPriority                       0x08000568   Section        0  systick.o(i.NVIC_SetPriority)
    NVIC_SetPriority                         0x08000569   Thumb Code    32  systick.o(i.NVIC_SetPriority)
    i.PIDController_Init                     0x08000590   Section        0  pid.o(i.PIDController_Init)
    i.PIDController_Update                   0x080005e8   Section        0  pid.o(i.PIDController_Update)
    i.PendSV_Handler                         0x0800076c   Section        0  gd32f30x_it.o(i.PendSV_Handler)
    i.SVC_Handler                            0x0800076e   Section        0  gd32f30x_it.o(i.SVC_Handler)
    i.Sensor_AS5600_GetMechanicalAngle       0x08000770   Section        0  as5600_deng.o(i.Sensor_AS5600_GetMechanicalAngle)
    i.Sensor_AS5600_GetSensorAngle           0x08000778   Section        0  as5600_deng.o(i.Sensor_AS5600_GetSensorAngle)
    i.Sensor_AS5600_GetVelocity              0x080007bc   Section        0  as5600_deng.o(i.Sensor_AS5600_GetVelocity)
    i.Sensor_AS5600_Init                     0x0800082c   Section        0  as5600_deng.o(i.Sensor_AS5600_Init)
    i.Sensor_AS5600_SensorInit               0x08000850   Section        0  as5600_deng.o(i.Sensor_AS5600_SensorInit)
    i.Sensor_AS5600_Update                   0x080008a8   Section        0  as5600_deng.o(i.Sensor_AS5600_Update)
    i.SysTick_Handler                        0x08000914   Section        0  gd32f30x_it.o(i.SysTick_Handler)
    i.SystemInit                             0x0800092c   Section        0  system_gd32f30x.o(i.SystemInit)
    i.UsageFault_Handler                     0x08000a74   Section        0  gd32f30x_it.o(i.UsageFault_Handler)
    i.__ARM_fpclassifyf                      0x08000a78   Section        0  fpclassifyf.o(i.__ARM_fpclassifyf)
    i.__hardfp_cosf                          0x08000aa0   Section        0  cosf.o(i.__hardfp_cosf)
    i.__hardfp_fmodf                         0x08000bf0   Section        0  fmodf.o(i.__hardfp_fmodf)
    i.__hardfp_sinf                          0x08000ca0   Section        0  sinf.o(i.__hardfp_sinf)
    i.__hardfp_sqrtf                         0x08000e30   Section        0  sqrtf.o(i.__hardfp_sqrtf)
    i.__mathlib_flt_infnan                   0x08000e6a   Section        0  funder.o(i.__mathlib_flt_infnan)
    i.__mathlib_flt_invalid                  0x08000e70   Section        0  funder.o(i.__mathlib_flt_invalid)
    i.__mathlib_flt_underflow                0x08000e80   Section        0  funder.o(i.__mathlib_flt_underflow)
    i.__mathlib_rredf2                       0x08000e90   Section        0  rredf.o(i.__mathlib_rredf2)
    i.__scatterload_copy                     0x08000fe4   Section       14  handlers.o(i.__scatterload_copy)
    i.__scatterload_null                     0x08000ff2   Section        2  handlers.o(i.__scatterload_null)
    i.__scatterload_zeroinit                 0x08000ff4   Section       14  handlers.o(i.__scatterload_zeroinit)
    i.__set_errno                            0x08001004   Section        0  errno.o(i.__set_errno)
    i._electricalAngle_speed                 0x08001010   Section        0  foc_deng.o(i._electricalAngle_speed)
    i._micros                                0x0800105c   Section        0  systick.o(i._micros)
    i._normalizeAngle_speed                  0x080010a4   Section        0  foc_deng.o(i._normalizeAngle_speed)
    i._soft_delay_                           0x080010e0   Section        0  system_gd32f30x.o(i._soft_delay_)
    _soft_delay_                             0x080010e1   Thumb Code    28  system_gd32f30x.o(i._soft_delay_)
    i.as5600_check_magnet                    0x080010fc   Section        0  as5600_i2c.o(i.as5600_check_magnet)
    i.as5600_i2c_init                        0x0800110c   Section        0  as5600_i2c.o(i.as5600_i2c_init)
    i.as5600_read_angle_degree               0x0800116c   Section        0  as5600_i2c.o(i.as5600_read_angle_degree)
    i.as5600_read_raw_angle                  0x08001178   Section        0  as5600_i2c.o(i.as5600_read_raw_angle)
    i.as5600_read_reg                        0x08001184   Section        0  as5600_i2c.o(i.as5600_read_reg)
    as5600_read_reg                          0x08001185   Thumb Code   246  as5600_i2c.o(i.as5600_read_reg)
    i.as5600_read_reg16                      0x08001280   Section        0  as5600_i2c.o(i.as5600_read_reg16)
    as5600_read_reg16                        0x08001281   Thumb Code   318  as5600_i2c.o(i.as5600_read_reg16)
    i.as5600_read_status                     0x080013c4   Section        0  as5600_i2c.o(i.as5600_read_status)
    i.delay_1ms                              0x080013d0   Section        0  systick.o(i.delay_1ms)
    i.delay_decrement                        0x080013e4   Section        0  systick.o(i.delay_decrement)
    i.gd_eval_com_init                       0x080013fc   Section        0  gd32f303c_eval.o(i.gd_eval_com_init)
    i.gpio_config                            0x08001494   Section        0  gpio.o(i.gpio_config)
    i.gpio_init                              0x080014e0   Section        0  gd32f30x_gpio.o(i.gpio_init)
    i.i2c_ack_config                         0x0800159c   Section        0  gd32f30x_i2c.o(i.i2c_ack_config)
    i.i2c_ackpos_config                      0x080015ac   Section        0  gd32f30x_i2c.o(i.i2c_ackpos_config)
    i.i2c_clock_config                       0x080015bc   Section        0  gd32f30x_i2c.o(i.i2c_clock_config)
    i.i2c_data_receive                       0x080016fc   Section        0  gd32f30x_i2c.o(i.i2c_data_receive)
    i.i2c_data_transmit                      0x08001704   Section        0  gd32f30x_i2c.o(i.i2c_data_transmit)
    i.i2c_enable                             0x0800170a   Section        0  gd32f30x_i2c.o(i.i2c_enable)
    i.i2c_flag_clear                         0x08001714   Section        0  gd32f30x_i2c.o(i.i2c_flag_clear)
    i.i2c_flag_get                           0x0800173c   Section        0  gd32f30x_i2c.o(i.i2c_flag_get)
    i.i2c_master_addressing                  0x0800175a   Section        0  gd32f30x_i2c.o(i.i2c_master_addressing)
    i.i2c_mode_addr_config                   0x0800176e   Section        0  gd32f30x_i2c.o(i.i2c_mode_addr_config)
    i.i2c_start_on_bus                       0x0800178a   Section        0  gd32f30x_i2c.o(i.i2c_start_on_bus)
    i.i2c_stop_on_bus                        0x08001794   Section        0  gd32f30x_i2c.o(i.i2c_stop_on_bus)
    i.main                                   0x080017a0   Section        0  main.o(i.main)
    i.rcu_clock_freq_get                     0x08001810   Section        0  gd32f30x_rcu.o(i.rcu_clock_freq_get)
    i.rcu_periph_clock_enable                0x08001968   Section        0  gd32f30x_rcu.o(i.rcu_periph_clock_enable)
    i.rcu_periph_reset_disable               0x08001988   Section        0  gd32f30x_rcu.o(i.rcu_periph_reset_disable)
    i.rcu_periph_reset_enable                0x080019a8   Section        0  gd32f30x_rcu.o(i.rcu_periph_reset_enable)
    i.setPwm_speed                           0x080019c8   Section        0  foc_deng.o(i.setPwm_speed)
    i.setTorque                              0x08001b8c   Section        0  foc_deng.o(i.setTorque)
    i.system_clock_120m_hxtal                0x08001cf4   Section        0  system_gd32f30x.o(i.system_clock_120m_hxtal)
    system_clock_120m_hxtal                  0x08001cf5   Thumb Code   266  system_gd32f30x.o(i.system_clock_120m_hxtal)
    i.system_clock_config                    0x08001e10   Section        0  system_gd32f30x.o(i.system_clock_config)
    system_clock_config                      0x08001e11   Thumb Code     8  system_gd32f30x.o(i.system_clock_config)
    i.systick_config                         0x08001e18   Section        0  systick.o(i.systick_config)
    i.timer0_config                          0x08001e68   Section        0  timer.o(i.timer0_config)
    i.timer1_config                          0x08001f54   Section        0  timer.o(i.timer1_config)
    i.timer_auto_reload_shadow_enable        0x08002048   Section        0  gd32f30x_timer.o(i.timer_auto_reload_shadow_enable)
    i.timer_channel_output_config            0x08002054   Section        0  gd32f30x_timer.o(i.timer_channel_output_config)
    i.timer_channel_output_mode_config       0x08002240   Section        0  gd32f30x_timer.o(i.timer_channel_output_mode_config)
    i.timer_channel_output_pulse_value_config 0x0800229a   Section        0  gd32f30x_timer.o(i.timer_channel_output_pulse_value_config)
    i.timer_channel_output_shadow_config     0x080022c0   Section        0  gd32f30x_timer.o(i.timer_channel_output_shadow_config)
    i.timer_config                           0x0800231a   Section        0  timer.o(i.timer_config)
    i.timer_deinit                           0x08002328   Section        0  gd32f30x_timer.o(i.timer_deinit)
    i.timer_enable                           0x08002404   Section        0  gd32f30x_timer.o(i.timer_enable)
    i.timer_init                             0x08002410   Section        0  gd32f30x_timer.o(i.timer_init)
    i.timer_primary_output_config            0x080024a8   Section        0  gd32f30x_timer.o(i.timer_primary_output_config)
    i.usart_baudrate_set                     0x080024c0   Section        0  gd32f30x_usart.o(i.usart_baudrate_set)
    i.usart_deinit                           0x08002550   Section        0  gd32f30x_usart.o(i.usart_deinit)
    i.usart_enable                           0x080025e0   Section        0  gd32f30x_usart.o(i.usart_enable)
    i.usart_flag_get                         0x080025ea   Section        0  gd32f30x_usart.o(i.usart_flag_get)
    i.usart_receive_config                   0x08002608   Section        0  gd32f30x_usart.o(i.usart_receive_config)
    i.usart_transmit_config                  0x0800261c   Section        0  gd32f30x_usart.o(i.usart_transmit_config)
    .constdata                               0x08002630   Section       32  rredf.o(.constdata)
    twooverpi                                0x08002630   Data          32  rredf.o(.constdata)
    .data                                    0x20000000   Section        8  systick.o(.data)
    delay                                    0x20000000   Data           4  systick.o(.data)
    .data                                    0x20000008   Section       52  foc_deng.o(.data)
    motor_target                             0x20000034   Data           4  foc_deng.o(.data)
    received_index                           0x20000038   Data           4  foc_deng.o(.data)
    .data                                    0x2000003c   Section        4  system_gd32f30x.o(.data)
    .data                                    0x20000040   Section      125  gd32f303c_eval.o(.data)
    GPIO_PORT                                0x20000040   Data          16  gd32f303c_eval.o(.data)
    GPIO_PIN                                 0x20000050   Data          16  gd32f303c_eval.o(.data)
    COM_CLK                                  0x20000060   Data           4  gd32f303c_eval.o(.data)
    COM_TX_PIN                               0x20000064   Data           8  gd32f303c_eval.o(.data)
    COM_RX_PIN                               0x2000006c   Data           8  gd32f303c_eval.o(.data)
    COM_GPIO_PORT                            0x20000074   Data           8  gd32f303c_eval.o(.data)
    COM_GPIO_CLK                             0x2000007c   Data           4  gd32f303c_eval.o(.data)
    GPIO_CLK                                 0x20000080   Data           8  gd32f303c_eval.o(.data)
    KEY_PORT                                 0x20000088   Data          12  gd32f303c_eval.o(.data)
    KEY_PIN                                  0x20000094   Data          12  gd32f303c_eval.o(.data)
    KEY_CLK                                  0x200000a0   Data           6  gd32f303c_eval.o(.data)
    KEY_EXTI_LINE                            0x200000a8   Data          12  gd32f303c_eval.o(.data)
    KEY_PORT_SOURCE                          0x200000b4   Data           3  gd32f303c_eval.o(.data)
    KEY_PIN_SOURCE                           0x200000b7   Data           3  gd32f303c_eval.o(.data)
    KEY_IRQn                                 0x200000ba   Data           3  gd32f303c_eval.o(.data)
    .data                                    0x200000c0   Section        4  errno.o(.data)
    _errno                                   0x200000c0   Data           4  errno.o(.data)
    .bss                                     0x200000c4   Section      356  foc_deng.o(.bss)
    received_chars                           0x20000128   Data         256  foc_deng.o(.bss)
    STACK                                    0x20000228   Section     1024  startup_gd32f30x_hd.o(STACK)

    Global Symbols

    Symbol Name                              Value     Ov Type        Size  Object(Section)

    BuildAttributes$$THM_ISAv4$E$P$D$K$B$S$7EM$VFPi3$EXTD16$VFPS$VFMA$PE$A:L22UL41UL21$X:L11$S22US41US21$IEEE1$IW$USESV6$~STKCKD$USESV7$~SHL$OTIME$ROPI$IEEEX$EBA8$MICROLIB$REQ8$PRES8$EABIv2 0x00000000   Number         0  anon$$obj.o ABSOLUTE
    __ARM_use_no_argv                        0x00000000   Number         0  main.o ABSOLUTE
    __arm_fini_                               - Undefined Weak Reference
    __cpp_initialize__aeabi_                  - Undefined Weak Reference
    __cxa_finalize                            - Undefined Weak Reference
    __decompress                              - Undefined Weak Reference
    _clock_init                               - Undefined Weak Reference
    _microlib_exit                            - Undefined Weak Reference
    __Vectors_Size                           0x00000130   Number         0  startup_gd32f30x_hd.o ABSOLUTE
    __Vectors                                0x08000000   Data           4  startup_gd32f30x_hd.o(RESET)
    __Vectors_End                            0x08000130   Data           0  startup_gd32f30x_hd.o(RESET)
    __main                                   0x08000131   Thumb Code     0  entry.o(.ARM.Collect$$$$00000000)
    _main_stk                                0x08000131   Thumb Code     0  entry2.o(.ARM.Collect$$$$00000001)
    _main_scatterload                        0x08000135   Thumb Code     0  entry5.o(.ARM.Collect$$$$00000004)
    __main_after_scatterload                 0x08000139   Thumb Code     0  entry5.o(.ARM.Collect$$$$00000004)
    _main_clock                              0x08000139   Thumb Code     0  entry7b.o(.ARM.Collect$$$$00000008)
    _main_cpp_init                           0x08000139   Thumb Code     0  entry8b.o(.ARM.Collect$$$$0000000A)
    _main_init                               0x08000139   Thumb Code     0  entry9a.o(.ARM.Collect$$$$0000000B)
    __rt_lib_shutdown_fini                   0x08000141   Thumb Code     0  entry12b.o(.ARM.Collect$$$$0000000E)
    __rt_final_cpp                           0x08000145   Thumb Code     0  entry10a.o(.ARM.Collect$$$$0000000F)
    __rt_final_exit                          0x08000145   Thumb Code     0  entry11a.o(.ARM.Collect$$$$00000011)
    Reset_Handler                            0x08000149   Thumb Code     8  startup_gd32f30x_hd.o(.text)
    ADC0_1_IRQHandler                        0x08000163   Thumb Code     0  startup_gd32f30x_hd.o(.text)
    ADC2_IRQHandler                          0x08000163   Thumb Code     0  startup_gd32f30x_hd.o(.text)
    CAN0_EWMC_IRQHandler                     0x08000163   Thumb Code     0  startup_gd32f30x_hd.o(.text)
    CAN0_RX1_IRQHandler                      0x08000163   Thumb Code     0  startup_gd32f30x_hd.o(.text)
    DMA0_Channel0_IRQHandler                 0x08000163   Thumb Code     0  startup_gd32f30x_hd.o(.text)
    DMA0_Channel1_IRQHandler                 0x08000163   Thumb Code     0  startup_gd32f30x_hd.o(.text)
    DMA0_Channel2_IRQHandler                 0x08000163   Thumb Code     0  startup_gd32f30x_hd.o(.text)
    DMA0_Channel3_IRQHandler                 0x08000163   Thumb Code     0  startup_gd32f30x_hd.o(.text)
    DMA0_Channel4_IRQHandler                 0x08000163   Thumb Code     0  startup_gd32f30x_hd.o(.text)
    DMA0_Channel5_IRQHandler                 0x08000163   Thumb Code     0  startup_gd32f30x_hd.o(.text)
    DMA0_Channel6_IRQHandler                 0x08000163   Thumb Code     0  startup_gd32f30x_hd.o(.text)
    DMA1_Channel0_IRQHandler                 0x08000163   Thumb Code     0  startup_gd32f30x_hd.o(.text)
    DMA1_Channel1_IRQHandler                 0x08000163   Thumb Code     0  startup_gd32f30x_hd.o(.text)
    DMA1_Channel2_IRQHandler                 0x08000163   Thumb Code     0  startup_gd32f30x_hd.o(.text)
    DMA1_Channel3_4_IRQHandler               0x08000163   Thumb Code     0  startup_gd32f30x_hd.o(.text)
    EXMC_IRQHandler                          0x08000163   Thumb Code     0  startup_gd32f30x_hd.o(.text)
    EXTI0_IRQHandler                         0x08000163   Thumb Code     0  startup_gd32f30x_hd.o(.text)
    EXTI10_15_IRQHandler                     0x08000163   Thumb Code     0  startup_gd32f30x_hd.o(.text)
    EXTI1_IRQHandler                         0x08000163   Thumb Code     0  startup_gd32f30x_hd.o(.text)
    EXTI2_IRQHandler                         0x08000163   Thumb Code     0  startup_gd32f30x_hd.o(.text)
    EXTI3_IRQHandler                         0x08000163   Thumb Code     0  startup_gd32f30x_hd.o(.text)
    EXTI4_IRQHandler                         0x08000163   Thumb Code     0  startup_gd32f30x_hd.o(.text)
    EXTI5_9_IRQHandler                       0x08000163   Thumb Code     0  startup_gd32f30x_hd.o(.text)
    FMC_IRQHandler                           0x08000163   Thumb Code     0  startup_gd32f30x_hd.o(.text)
    I2C0_ER_IRQHandler                       0x08000163   Thumb Code     0  startup_gd32f30x_hd.o(.text)
    I2C0_EV_IRQHandler                       0x08000163   Thumb Code     0  startup_gd32f30x_hd.o(.text)
    I2C1_ER_IRQHandler                       0x08000163   Thumb Code     0  startup_gd32f30x_hd.o(.text)
    I2C1_EV_IRQHandler                       0x08000163   Thumb Code     0  startup_gd32f30x_hd.o(.text)
    LVD_IRQHandler                           0x08000163   Thumb Code     0  startup_gd32f30x_hd.o(.text)
    RCU_CTC_IRQHandler                       0x08000163   Thumb Code     0  startup_gd32f30x_hd.o(.text)
    RTC_Alarm_IRQHandler                     0x08000163   Thumb Code     0  startup_gd32f30x_hd.o(.text)
    RTC_IRQHandler                           0x08000163   Thumb Code     0  startup_gd32f30x_hd.o(.text)
    SDIO_IRQHandler                          0x08000163   Thumb Code     0  startup_gd32f30x_hd.o(.text)
    SPI0_IRQHandler                          0x08000163   Thumb Code     0  startup_gd32f30x_hd.o(.text)
    SPI1_IRQHandler                          0x08000163   Thumb Code     0  startup_gd32f30x_hd.o(.text)
    SPI2_IRQHandler                          0x08000163   Thumb Code     0  startup_gd32f30x_hd.o(.text)
    TAMPER_IRQHandler                        0x08000163   Thumb Code     0  startup_gd32f30x_hd.o(.text)
    TIMER0_BRK_IRQHandler                    0x08000163   Thumb Code     0  startup_gd32f30x_hd.o(.text)
    TIMER0_Channel_IRQHandler                0x08000163   Thumb Code     0  startup_gd32f30x_hd.o(.text)
    TIMER0_TRG_CMT_IRQHandler                0x08000163   Thumb Code     0  startup_gd32f30x_hd.o(.text)
    TIMER0_UP_IRQHandler                     0x08000163   Thumb Code     0  startup_gd32f30x_hd.o(.text)
    TIMER1_IRQHandler                        0x08000163   Thumb Code     0  startup_gd32f30x_hd.o(.text)
    TIMER2_IRQHandler                        0x08000163   Thumb Code     0  startup_gd32f30x_hd.o(.text)
    TIMER3_IRQHandler                        0x08000163   Thumb Code     0  startup_gd32f30x_hd.o(.text)
    TIMER4_IRQHandler                        0x08000163   Thumb Code     0  startup_gd32f30x_hd.o(.text)
    TIMER5_IRQHandler                        0x08000163   Thumb Code     0  startup_gd32f30x_hd.o(.text)
    TIMER6_IRQHandler                        0x08000163   Thumb Code     0  startup_gd32f30x_hd.o(.text)
    TIMER7_BRK_IRQHandler                    0x08000163   Thumb Code     0  startup_gd32f30x_hd.o(.text)
    TIMER7_Channel_IRQHandler                0x08000163   Thumb Code     0  startup_gd32f30x_hd.o(.text)
    TIMER7_TRG_CMT_IRQHandler                0x08000163   Thumb Code     0  startup_gd32f30x_hd.o(.text)
    TIMER7_UP_IRQHandler                     0x08000163   Thumb Code     0  startup_gd32f30x_hd.o(.text)
    UART3_IRQHandler                         0x08000163   Thumb Code     0  startup_gd32f30x_hd.o(.text)
    UART4_IRQHandler                         0x08000163   Thumb Code     0  startup_gd32f30x_hd.o(.text)
    USART0_IRQHandler                        0x08000163   Thumb Code     0  startup_gd32f30x_hd.o(.text)
    USART1_IRQHandler                        0x08000163   Thumb Code     0  startup_gd32f30x_hd.o(.text)
    USART2_IRQHandler                        0x08000163   Thumb Code     0  startup_gd32f30x_hd.o(.text)
    USBD_HP_CAN0_TX_IRQHandler               0x08000163   Thumb Code     0  startup_gd32f30x_hd.o(.text)
    USBD_LP_CAN0_RX0_IRQHandler              0x08000163   Thumb Code     0  startup_gd32f30x_hd.o(.text)
    USBD_WKUP_IRQHandler                     0x08000163   Thumb Code     0  startup_gd32f30x_hd.o(.text)
    WWDGT_IRQHandler                         0x08000163   Thumb Code     0  startup_gd32f30x_hd.o(.text)
    __aeabi_uldivmod                         0x0800016d   Thumb Code    98  uldiv.o(.text)
    __aeabi_f2d                              0x080001cf   Thumb Code    38  f2d.o(.text)
    __aeabi_d2f                              0x080001f5   Thumb Code    56  d2f.o(.text)
    __aeabi_llsl                             0x0800022d   Thumb Code    30  llshl.o(.text)
    _ll_shift_l                              0x0800022d   Thumb Code     0  llshl.o(.text)
    __aeabi_llsr                             0x0800024b   Thumb Code    32  llushr.o(.text)
    _ll_ushift_r                             0x0800024b   Thumb Code     0  llushr.o(.text)
    __I$use$fp                               0x0800026b   Thumb Code     0  iusefp.o(.text)
    _float_round                             0x0800026b   Thumb Code    18  fepilogue.o(.text)
    _float_epilogue                          0x0800027d   Thumb Code    92  fepilogue.o(.text)
    _frem                                    0x080002d9   Thumb Code    82  frem.o(.text)
    __scatterload                            0x0800032d   Thumb Code    28  init.o(.text)
    __scatterload_rt2                        0x0800032d   Thumb Code     0  init.o(.text)
    BusFault_Handler                         0x08000351   Thumb Code     4  gd32f30x_it.o(i.BusFault_Handler)
    DFOC_M0_SET_VEL_PID                      0x08000355   Thumb Code    20  foc_deng.o(i.DFOC_M0_SET_VEL_PID)
    DFOC_M0_VEL_PID                          0x0800036d   Thumb Code    26  foc_deng.o(i.DFOC_M0_VEL_PID)
    DFOC_M0_Velocity                         0x0800038d   Thumb Code    54  foc_deng.o(i.DFOC_M0_Velocity)
    DFOC_M0_setVelocity                      0x080003d1   Thumb Code    76  foc_deng.o(i.DFOC_M0_setVelocity)
    DFOC_Vbus                                0x08000425   Thumb Code   144  foc_deng.o(i.DFOC_Vbus)
    DebugMon_Handler                         0x080004dd   Thumb Code     2  gd32f30x_it.o(i.DebugMon_Handler)
    HardFault_Handler                        0x080004df   Thumb Code     4  gd32f30x_it.o(i.HardFault_Handler)
    LowPassFilter_Init                       0x080004e5   Thumb Code    14  lowpass_filter.o(i.LowPassFilter_Init)
    LowPassFilter_Update                     0x080004f9   Thumb Code    42  lowpass_filter.o(i.LowPassFilter_Update)
    MemManage_Handler                        0x08000523   Thumb Code     4  gd32f30x_it.o(i.MemManage_Handler)
    Moto0_U_Enable                           0x08000529   Thumb Code     8  timer.o(i.Moto0_U_Enable)
    Moto1_U_Set_Val                          0x08000535   Thumb Code    16  timer.o(i.Moto1_U_Set_Val)
    Moto1_V_Set_Val                          0x08000545   Thumb Code    16  timer.o(i.Moto1_V_Set_Val)
    Moto1_W_Set_Val                          0x08000555   Thumb Code    18  timer.o(i.Moto1_W_Set_Val)
    NMI_Handler                              0x08000567   Thumb Code     2  gd32f30x_it.o(i.NMI_Handler)
    PIDController_Init                       0x08000591   Thumb Code    84  pid.o(i.PIDController_Init)
    PIDController_Update                     0x080005e9   Thumb Code   380  pid.o(i.PIDController_Update)
    PendSV_Handler                           0x0800076d   Thumb Code     2  gd32f30x_it.o(i.PendSV_Handler)
    SVC_Handler                              0x0800076f   Thumb Code     2  gd32f30x_it.o(i.SVC_Handler)
    Sensor_AS5600_GetMechanicalAngle         0x08000771   Thumb Code     6  as5600_deng.o(i.Sensor_AS5600_GetMechanicalAngle)
    Sensor_AS5600_GetSensorAngle             0x08000779   Thumb Code    60  as5600_deng.o(i.Sensor_AS5600_GetSensorAngle)
    Sensor_AS5600_GetVelocity                0x080007bd   Thumb Code   100  as5600_deng.o(i.Sensor_AS5600_GetVelocity)
    Sensor_AS5600_Init                       0x0800082d   Thumb Code    30  as5600_deng.o(i.Sensor_AS5600_Init)
    Sensor_AS5600_SensorInit                 0x08000851   Thumb Code    86  as5600_deng.o(i.Sensor_AS5600_SensorInit)
    Sensor_AS5600_Update                     0x080008a9   Thumb Code   104  as5600_deng.o(i.Sensor_AS5600_Update)
    SysTick_Handler                          0x08000915   Thumb Code    18  gd32f30x_it.o(i.SysTick_Handler)
    SystemInit                               0x0800092d   Thumb Code   316  system_gd32f30x.o(i.SystemInit)
    UsageFault_Handler                       0x08000a75   Thumb Code     4  gd32f30x_it.o(i.UsageFault_Handler)
    __ARM_fpclassifyf                        0x08000a79   Thumb Code    38  fpclassifyf.o(i.__ARM_fpclassifyf)
    __hardfp_cosf                            0x08000aa1   Thumb Code   280  cosf.o(i.__hardfp_cosf)
    __hardfp_fmodf                           0x08000bf1   Thumb Code   176  fmodf.o(i.__hardfp_fmodf)
    __hardfp_sinf                            0x08000ca1   Thumb Code   344  sinf.o(i.__hardfp_sinf)
    __hardfp_sqrtf                           0x08000e31   Thumb Code    58  sqrtf.o(i.__hardfp_sqrtf)
    __mathlib_flt_infnan                     0x08000e6b   Thumb Code     6  funder.o(i.__mathlib_flt_infnan)
    __mathlib_flt_invalid                    0x08000e71   Thumb Code    10  funder.o(i.__mathlib_flt_invalid)
    __mathlib_flt_underflow                  0x08000e81   Thumb Code    10  funder.o(i.__mathlib_flt_underflow)
    __mathlib_rredf2                         0x08000e91   Thumb Code   316  rredf.o(i.__mathlib_rredf2)
    __scatterload_copy                       0x08000fe5   Thumb Code    14  handlers.o(i.__scatterload_copy)
    __scatterload_null                       0x08000ff3   Thumb Code     2  handlers.o(i.__scatterload_null)
    __scatterload_zeroinit                   0x08000ff5   Thumb Code    14  handlers.o(i.__scatterload_zeroinit)
    __set_errno                              0x08001005   Thumb Code     6  errno.o(i.__set_errno)
    _electricalAngle_speed                   0x08001011   Thumb Code    58  foc_deng.o(i._electricalAngle_speed)
    _micros                                  0x0800105d   Thumb Code    64  systick.o(i._micros)
    _normalizeAngle_speed                    0x080010a5   Thumb Code    56  foc_deng.o(i._normalizeAngle_speed)
    as5600_check_magnet                      0x080010fd   Thumb Code    14  as5600_i2c.o(i.as5600_check_magnet)
    as5600_i2c_init                          0x0800110d   Thumb Code    82  as5600_i2c.o(i.as5600_i2c_init)
    as5600_read_angle_degree                 0x0800116d   Thumb Code    12  as5600_i2c.o(i.as5600_read_angle_degree)
    as5600_read_raw_angle                    0x08001179   Thumb Code    10  as5600_i2c.o(i.as5600_read_raw_angle)
    as5600_read_status                       0x080013c5   Thumb Code    10  as5600_i2c.o(i.as5600_read_status)
    delay_1ms                                0x080013d1   Thumb Code    16  systick.o(i.delay_1ms)
    delay_decrement                          0x080013e5   Thumb Code    18  systick.o(i.delay_decrement)
    gd_eval_com_init                         0x080013fd   Thumb Code   122  gd32f303c_eval.o(i.gd_eval_com_init)
    gpio_config                              0x08001495   Thumb Code    66  gpio.o(i.gpio_config)
    gpio_init                                0x080014e1   Thumb Code   188  gd32f30x_gpio.o(i.gpio_init)
    i2c_ack_config                           0x0800159d   Thumb Code    16  gd32f30x_i2c.o(i.i2c_ack_config)
    i2c_ackpos_config                        0x080015ad   Thumb Code    16  gd32f30x_i2c.o(i.i2c_ackpos_config)
    i2c_clock_config                         0x080015bd   Thumb Code   306  gd32f30x_i2c.o(i.i2c_clock_config)
    i2c_data_receive                         0x080016fd   Thumb Code     8  gd32f30x_i2c.o(i.i2c_data_receive)
    i2c_data_transmit                        0x08001705   Thumb Code     6  gd32f30x_i2c.o(i.i2c_data_transmit)
    i2c_enable                               0x0800170b   Thumb Code    10  gd32f30x_i2c.o(i.i2c_enable)
    i2c_flag_clear                           0x08001715   Thumb Code    40  gd32f30x_i2c.o(i.i2c_flag_clear)
    i2c_flag_get                             0x0800173d   Thumb Code    30  gd32f30x_i2c.o(i.i2c_flag_get)
    i2c_master_addressing                    0x0800175b   Thumb Code    20  gd32f30x_i2c.o(i.i2c_master_addressing)
    i2c_mode_addr_config                     0x0800176f   Thumb Code    28  gd32f30x_i2c.o(i.i2c_mode_addr_config)
    i2c_start_on_bus                         0x0800178b   Thumb Code    10  gd32f30x_i2c.o(i.i2c_start_on_bus)
    i2c_stop_on_bus                          0x08001795   Thumb Code    10  gd32f30x_i2c.o(i.i2c_stop_on_bus)
    main                                     0x080017a1   Thumb Code    90  main.o(i.main)
    rcu_clock_freq_get                       0x08001811   Thumb Code   310  gd32f30x_rcu.o(i.rcu_clock_freq_get)
    rcu_periph_clock_enable                  0x08001969   Thumb Code    28  gd32f30x_rcu.o(i.rcu_periph_clock_enable)
    rcu_periph_reset_disable                 0x08001989   Thumb Code    28  gd32f30x_rcu.o(i.rcu_periph_reset_disable)
    rcu_periph_reset_enable                  0x080019a9   Thumb Code    28  gd32f30x_rcu.o(i.rcu_periph_reset_enable)
    setPwm_speed                             0x080019c9   Thumb Code   438  foc_deng.o(i.setPwm_speed)
    setTorque                                0x08001b8d   Thumb Code   332  foc_deng.o(i.setTorque)
    systick_config                           0x08001e19   Thumb Code    74  systick.o(i.systick_config)
    timer0_config                            0x08001e69   Thumb Code   230  timer.o(i.timer0_config)
    timer1_config                            0x08001f55   Thumb Code   244  timer.o(i.timer1_config)
    timer_auto_reload_shadow_enable          0x08002049   Thumb Code    10  gd32f30x_timer.o(i.timer_auto_reload_shadow_enable)
    timer_channel_output_config              0x08002055   Thumb Code   484  gd32f30x_timer.o(i.timer_channel_output_config)
    timer_channel_output_mode_config         0x08002241   Thumb Code    90  gd32f30x_timer.o(i.timer_channel_output_mode_config)
    timer_channel_output_pulse_value_config  0x0800229b   Thumb Code    38  gd32f30x_timer.o(i.timer_channel_output_pulse_value_config)
    timer_channel_output_shadow_config       0x080022c1   Thumb Code    90  gd32f30x_timer.o(i.timer_channel_output_shadow_config)
    timer_config                             0x0800231b   Thumb Code    12  timer.o(i.timer_config)
    timer_deinit                             0x08002329   Thumb Code   210  gd32f30x_timer.o(i.timer_deinit)
    timer_enable                             0x08002405   Thumb Code    10  gd32f30x_timer.o(i.timer_enable)
    timer_init                               0x08002411   Thumb Code   122  gd32f30x_timer.o(i.timer_init)
    timer_primary_output_config              0x080024a9   Thumb Code    24  gd32f30x_timer.o(i.timer_primary_output_config)
    usart_baudrate_set                       0x080024c1   Thumb Code   136  gd32f30x_usart.o(i.usart_baudrate_set)
    usart_deinit                             0x08002551   Thumb Code   136  gd32f30x_usart.o(i.usart_deinit)
    usart_enable                             0x080025e1   Thumb Code    10  gd32f30x_usart.o(i.usart_enable)
    usart_flag_get                           0x080025eb   Thumb Code    30  gd32f30x_usart.o(i.usart_flag_get)
    usart_receive_config                     0x08002609   Thumb Code    20  gd32f30x_usart.o(i.usart_receive_config)
    usart_transmit_config                    0x0800261d   Thumb Code    20  gd32f30x_usart.o(i.usart_transmit_config)
    Region$$Table$$Base                      0x08002650   Number         0  anon$$obj.o(Region$$Table)
    Region$$Table$$Limit                     0x08002670   Number         0  anon$$obj.o(Region$$Table)
    sysTickUptime                            0x20000004   Data           4  systick.o(.data)
    voltage_power_supply_speed               0x20000008   Data           4  foc_deng.o(.data)
    Ualpha_speed                             0x2000000c   Data           4  foc_deng.o(.data)
    Ubeta_speed                              0x20000010   Data           4  foc_deng.o(.data)
    Ua_speed                                 0x20000014   Data           4  foc_deng.o(.data)
    Ub_speed                                 0x20000018   Data           4  foc_deng.o(.data)
    Uc_speed                                 0x2000001c   Data           4  foc_deng.o(.data)
    zero_electric_angle_speed                0x20000020   Data           4  foc_deng.o(.data)
    Motor_PP                                 0x20000024   Data           4  foc_deng.o(.data)
    Sensor_DIR                               0x20000028   Data           4  foc_deng.o(.data)
    M0_Vel_Flt                               0x2000002c   Data           8  foc_deng.o(.data)
    SystemCoreClock                          0x2000003c   Data           4  system_gd32f30x.o(.data)
    vel_loop_M0                              0x200000c4   Data          36  foc_deng.o(.bss)
    angle_loop_M0                            0x200000e8   Data          36  foc_deng.o(.bss)
    S0                                       0x2000010c   Data          28  foc_deng.o(.bss)
    __initial_sp                             0x20000628   Data           0  startup_gd32f30x_hd.o(STACK)



==============================================================================

Memory Map of the image

  Image Entry point : 0x08000131

  Load Region LR_IROM1 (Base: 0x08000000, Size: 0x00002734, Max: 0x00040000, ABSOLUTE)

    Execution Region ER_IROM1 (Exec base: 0x08000000, Load base: 0x08000000, Size: 0x00002670, Max: 0x00040000, ABSOLUTE)

    Exec Addr    Load Addr    Size         Type   Attr      Idx    E Section Name        Object

    0x08000000   0x08000000   0x00000130   Data   RO         5002    RESET               startup_gd32f30x_hd.o
    0x08000130   0x08000130   0x00000000   Code   RO         5103  * .ARM.Collect$$$$00000000  mc_w.l(entry.o)
    0x08000130   0x08000130   0x00000004   Code   RO         5165    .ARM.Collect$$$$00000001  mc_w.l(entry2.o)
    0x08000134   0x08000134   0x00000004   Code   RO         5168    .ARM.Collect$$$$00000004  mc_w.l(entry5.o)
    0x08000138   0x08000138   0x00000000   Code   RO         5170    .ARM.Collect$$$$00000008  mc_w.l(entry7b.o)
    0x08000138   0x08000138   0x00000000   Code   RO         5172    .ARM.Collect$$$$0000000A  mc_w.l(entry8b.o)
    0x08000138   0x08000138   0x00000008   Code   RO         5173    .ARM.Collect$$$$0000000B  mc_w.l(entry9a.o)
    0x08000140   0x08000140   0x00000004   Code   RO         5180    .ARM.Collect$$$$0000000E  mc_w.l(entry12b.o)
    0x08000144   0x08000144   0x00000000   Code   RO         5175    .ARM.Collect$$$$0000000F  mc_w.l(entry10a.o)
    0x08000144   0x08000144   0x00000000   Code   RO         5177    .ARM.Collect$$$$00000011  mc_w.l(entry11a.o)
    0x08000144   0x08000144   0x00000004   Code   RO         5166    .ARM.Collect$$$$00002712  mc_w.l(entry2.o)
    0x08000148   0x08000148   0x00000024   Code   RO         5003    .text               startup_gd32f30x_hd.o
    0x0800016c   0x0800016c   0x00000062   Code   RO         5106    .text               mc_w.l(uldiv.o)
    0x080001ce   0x080001ce   0x00000026   Code   RO         5114    .text               mf_w.l(f2d.o)
    0x080001f4   0x080001f4   0x00000038   Code   RO         5116    .text               mf_w.l(d2f.o)
    0x0800022c   0x0800022c   0x0000001e   Code   RO         5181    .text               mc_w.l(llshl.o)
    0x0800024a   0x0800024a   0x00000020   Code   RO         5183    .text               mc_w.l(llushr.o)
    0x0800026a   0x0800026a   0x00000000   Code   RO         5194    .text               mc_w.l(iusefp.o)
    0x0800026a   0x0800026a   0x0000006e   Code   RO         5195    .text               mf_w.l(fepilogue.o)
    0x080002d8   0x080002d8   0x00000052   Code   RO         5197    .text               mf_w.l(frem.o)
    0x0800032a   0x0800032a   0x00000002   PAD
    0x0800032c   0x0800032c   0x00000024   Code   RO         5219    .text               mc_w.l(init.o)
    0x08000350   0x08000350   0x00000004   Code   RO          176    i.BusFault_Handler  gd32f30x_it.o
    0x08000354   0x08000354   0x00000018   Code   RO          649    i.DFOC_M0_SET_VEL_PID  foc_deng.o
    0x0800036c   0x0800036c   0x00000020   Code   RO          650    i.DFOC_M0_VEL_PID   foc_deng.o
    0x0800038c   0x0800038c   0x00000044   Code   RO          651    i.DFOC_M0_Velocity  foc_deng.o
    0x080003d0   0x080003d0   0x00000054   Code   RO          653    i.DFOC_M0_setVelocity  foc_deng.o
    0x08000424   0x08000424   0x000000b8   Code   RO          656    i.DFOC_Vbus         foc_deng.o
    0x080004dc   0x080004dc   0x00000002   Code   RO          177    i.DebugMon_Handler  gd32f30x_it.o
    0x080004de   0x080004de   0x00000004   Code   RO          178    i.HardFault_Handler  gd32f30x_it.o
    0x080004e2   0x080004e2   0x00000002   PAD
    0x080004e4   0x080004e4   0x00000014   Code   RO          767    i.LowPassFilter_Init  lowpass_filter.o
    0x080004f8   0x080004f8   0x0000002a   Code   RO          768    i.LowPassFilter_Update  lowpass_filter.o
    0x08000522   0x08000522   0x00000004   Code   RO          179    i.MemManage_Handler  gd32f30x_it.o
    0x08000526   0x08000526   0x00000002   PAD
    0x08000528   0x08000528   0x0000000c   Code   RO          336    i.Moto0_U_Enable    timer.o
    0x08000534   0x08000534   0x00000010   Code   RO          352    i.Moto1_U_Set_Val   timer.o
    0x08000544   0x08000544   0x00000010   Code   RO          357    i.Moto1_V_Set_Val   timer.o
    0x08000554   0x08000554   0x00000012   Code   RO          362    i.Moto1_W_Set_Val   timer.o
    0x08000566   0x08000566   0x00000002   Code   RO          180    i.NMI_Handler       gd32f30x_it.o
    0x08000568   0x08000568   0x00000028   Code   RO          248    i.NVIC_SetPriority  systick.o
    0x08000590   0x08000590   0x00000058   Code   RO          796    i.PIDController_Init  pid.o
    0x080005e8   0x080005e8   0x00000184   Code   RO          797    i.PIDController_Update  pid.o
    0x0800076c   0x0800076c   0x00000002   Code   RO          181    i.PendSV_Handler    gd32f30x_it.o
    0x0800076e   0x0800076e   0x00000002   Code   RO          182    i.SVC_Handler       gd32f30x_it.o
    0x08000770   0x08000770   0x00000006   Code   RO          823    i.Sensor_AS5600_GetMechanicalAngle  as5600_deng.o
    0x08000776   0x08000776   0x00000002   PAD
    0x08000778   0x08000778   0x00000044   Code   RO          824    i.Sensor_AS5600_GetSensorAngle  as5600_deng.o
    0x080007bc   0x080007bc   0x00000070   Code   RO          825    i.Sensor_AS5600_GetVelocity  as5600_deng.o
    0x0800082c   0x0800082c   0x00000024   Code   RO          826    i.Sensor_AS5600_Init  as5600_deng.o
    0x08000850   0x08000850   0x00000056   Code   RO          827    i.Sensor_AS5600_SensorInit  as5600_deng.o
    0x080008a6   0x080008a6   0x00000002   PAD
    0x080008a8   0x080008a8   0x0000006c   Code   RO          828    i.Sensor_AS5600_Update  as5600_deng.o
    0x08000914   0x08000914   0x00000018   Code   RO          183    i.SysTick_Handler   gd32f30x_it.o
    0x0800092c   0x0800092c   0x00000148   Code   RO          889    i.SystemInit        system_gd32f30x.o
    0x08000a74   0x08000a74   0x00000004   Code   RO          184    i.UsageFault_Handler  gd32f30x_it.o
    0x08000a78   0x08000a78   0x00000026   Code   RO         5135    i.__ARM_fpclassifyf  m_wm.l(fpclassifyf.o)
    0x08000a9e   0x08000a9e   0x00000002   PAD
    0x08000aa0   0x08000aa0   0x00000150   Code   RO         5019    i.__hardfp_cosf     m_wm.l(cosf.o)
    0x08000bf0   0x08000bf0   0x000000b0   Code   RO         5043    i.__hardfp_fmodf    m_wm.l(fmodf.o)
    0x08000ca0   0x08000ca0   0x00000190   Code   RO         5067    i.__hardfp_sinf     m_wm.l(sinf.o)
    0x08000e30   0x08000e30   0x0000003a   Code   RO         5091    i.__hardfp_sqrtf    m_wm.l(sqrtf.o)
    0x08000e6a   0x08000e6a   0x00000006   Code   RO         5138    i.__mathlib_flt_infnan  m_wm.l(funder.o)
    0x08000e70   0x08000e70   0x00000010   Code   RO         5140    i.__mathlib_flt_invalid  m_wm.l(funder.o)
    0x08000e80   0x08000e80   0x00000010   Code   RO         5143    i.__mathlib_flt_underflow  m_wm.l(funder.o)
    0x08000e90   0x08000e90   0x00000154   Code   RO         5156    i.__mathlib_rredf2  m_wm.l(rredf.o)
    0x08000fe4   0x08000fe4   0x0000000e   Code   RO         5229    i.__scatterload_copy  mc_w.l(handlers.o)
    0x08000ff2   0x08000ff2   0x00000002   Code   RO         5230    i.__scatterload_null  mc_w.l(handlers.o)
    0x08000ff4   0x08000ff4   0x0000000e   Code   RO         5231    i.__scatterload_zeroinit  mc_w.l(handlers.o)
    0x08001002   0x08001002   0x00000002   PAD
    0x08001004   0x08001004   0x0000000c   Code   RO         5189    i.__set_errno       mc_w.l(errno.o)
    0x08001010   0x08001010   0x0000004c   Code   RO          658    i._electricalAngle_speed  foc_deng.o
    0x0800105c   0x0800105c   0x00000048   Code   RO          249    i._micros           systick.o
    0x080010a4   0x080010a4   0x0000003c   Code   RO          659    i._normalizeAngle_speed  foc_deng.o
    0x080010e0   0x080010e0   0x0000001c   Code   RO          890    i._soft_delay_      system_gd32f30x.o
    0x080010fc   0x080010fc   0x0000000e   Code   RO          592    i.as5600_check_magnet  as5600_i2c.o
    0x0800110a   0x0800110a   0x00000002   PAD
    0x0800110c   0x0800110c   0x00000060   Code   RO          593    i.as5600_i2c_init   as5600_i2c.o
    0x0800116c   0x0800116c   0x0000000c   Code   RO          594    i.as5600_read_angle_degree  as5600_i2c.o
    0x08001178   0x08001178   0x0000000a   Code   RO          595    i.as5600_read_raw_angle  as5600_i2c.o
    0x08001182   0x08001182   0x00000002   PAD
    0x08001184   0x08001184   0x000000fc   Code   RO          596    i.as5600_read_reg   as5600_i2c.o
    0x08001280   0x08001280   0x00000144   Code   RO          597    i.as5600_read_reg16  as5600_i2c.o
    0x080013c4   0x080013c4   0x0000000a   Code   RO          598    i.as5600_read_status  as5600_i2c.o
    0x080013ce   0x080013ce   0x00000002   PAD
    0x080013d0   0x080013d0   0x00000014   Code   RO          250    i.delay_1ms         systick.o
    0x080013e4   0x080013e4   0x00000018   Code   RO          251    i.delay_decrement   systick.o
    0x080013fc   0x080013fc   0x00000098   Code   RO         4944    i.gd_eval_com_init  gd32f303c_eval.o
    0x08001494   0x08001494   0x0000004c   Code   RO          310    i.gpio_config       gpio.o
    0x080014e0   0x080014e0   0x000000bc   Code   RO         2712    i.gpio_init         gd32f30x_gpio.o
    0x0800159c   0x0800159c   0x00000010   Code   RO         2832    i.i2c_ack_config    gd32f30x_i2c.o
    0x080015ac   0x080015ac   0x00000010   Code   RO         2833    i.i2c_ackpos_config  gd32f30x_i2c.o
    0x080015bc   0x080015bc   0x00000140   Code   RO         2834    i.i2c_clock_config  gd32f30x_i2c.o
    0x080016fc   0x080016fc   0x00000008   Code   RO         2835    i.i2c_data_receive  gd32f30x_i2c.o
    0x08001704   0x08001704   0x00000006   Code   RO         2836    i.i2c_data_transmit  gd32f30x_i2c.o
    0x0800170a   0x0800170a   0x0000000a   Code   RO         2843    i.i2c_enable        gd32f30x_i2c.o
    0x08001714   0x08001714   0x00000028   Code   RO         2844    i.i2c_flag_clear    gd32f30x_i2c.o
    0x0800173c   0x0800173c   0x0000001e   Code   RO         2845    i.i2c_flag_get      gd32f30x_i2c.o
    0x0800175a   0x0800175a   0x00000014   Code   RO         2850    i.i2c_master_addressing  gd32f30x_i2c.o
    0x0800176e   0x0800176e   0x0000001c   Code   RO         2851    i.i2c_mode_addr_config  gd32f30x_i2c.o
    0x0800178a   0x0800178a   0x0000000a   Code   RO         2860    i.i2c_start_on_bus  gd32f30x_i2c.o
    0x08001794   0x08001794   0x0000000a   Code   RO         2861    i.i2c_stop_on_bus   gd32f30x_i2c.o
    0x0800179e   0x0800179e   0x00000002   PAD
    0x080017a0   0x080017a0   0x00000070   Code   RO            3    i.main              main.o
    0x08001810   0x08001810   0x00000158   Code   RO         3241    i.rcu_clock_freq_get  gd32f30x_rcu.o
    0x08001968   0x08001968   0x00000020   Code   RO         3259    i.rcu_periph_clock_enable  gd32f30x_rcu.o
    0x08001988   0x08001988   0x00000020   Code   RO         3262    i.rcu_periph_reset_disable  gd32f30x_rcu.o
    0x080019a8   0x080019a8   0x00000020   Code   RO         3263    i.rcu_periph_reset_enable  gd32f30x_rcu.o
    0x080019c8   0x080019c8   0x000001c4   Code   RO          660    i.setPwm_speed      foc_deng.o
    0x08001b8c   0x08001b8c   0x00000168   Code   RO          661    i.setTorque         foc_deng.o
    0x08001cf4   0x08001cf4   0x0000011c   Code   RO          892    i.system_clock_120m_hxtal  system_gd32f30x.o
    0x08001e10   0x08001e10   0x00000008   Code   RO          893    i.system_clock_config  system_gd32f30x.o
    0x08001e18   0x08001e18   0x00000050   Code   RO          252    i.systick_config    systick.o
    0x08001e68   0x08001e68   0x000000ec   Code   RO          363    i.timer0_config     timer.o
    0x08001f54   0x08001f54   0x000000f4   Code   RO          364    i.timer1_config     timer.o
    0x08002048   0x08002048   0x0000000a   Code   RO         4129    i.timer_auto_reload_shadow_enable  gd32f30x_timer.o
    0x08002052   0x08002052   0x00000002   PAD
    0x08002054   0x08002054   0x000001ec   Code   RO         4146    i.timer_channel_output_config  gd32f30x_timer.o
    0x08002240   0x08002240   0x0000005a   Code   RO         4148    i.timer_channel_output_mode_config  gd32f30x_timer.o
    0x0800229a   0x0800229a   0x00000026   Code   RO         4150    i.timer_channel_output_pulse_value_config  gd32f30x_timer.o
    0x080022c0   0x080022c0   0x0000005a   Code   RO         4151    i.timer_channel_output_shadow_config  gd32f30x_timer.o
    0x0800231a   0x0800231a   0x0000000c   Code   RO          365    i.timer_config      timer.o
    0x08002326   0x08002326   0x00000002   PAD
    0x08002328   0x08002328   0x000000dc   Code   RO         4159    i.timer_deinit      gd32f30x_timer.o
    0x08002404   0x08002404   0x0000000a   Code   RO         4164    i.timer_enable      gd32f30x_timer.o
    0x0800240e   0x0800240e   0x00000002   PAD
    0x08002410   0x08002410   0x00000098   Code   RO         4174    i.timer_init        gd32f30x_timer.o
    0x080024a8   0x080024a8   0x00000018   Code   RO         4189    i.timer_primary_output_config  gd32f30x_timer.o
    0x080024c0   0x080024c0   0x00000090   Code   RO         4572    i.usart_baudrate_set  gd32f30x_usart.o
    0x08002550   0x08002550   0x00000090   Code   RO         4577    i.usart_deinit      gd32f30x_usart.o
    0x080025e0   0x080025e0   0x0000000a   Code   RO         4581    i.usart_enable      gd32f30x_usart.o
    0x080025ea   0x080025ea   0x0000001e   Code   RO         4583    i.usart_flag_get    gd32f30x_usart.o
    0x08002608   0x08002608   0x00000014   Code   RO         4605    i.usart_receive_config  gd32f30x_usart.o
    0x0800261c   0x0800261c   0x00000014   Code   RO         4619    i.usart_transmit_config  gd32f30x_usart.o
    0x08002630   0x08002630   0x00000020   Data   RO         5157    .constdata          m_wm.l(rredf.o)
    0x08002650   0x08002650   0x00000020   Data   RO         5227    Region$$Table       anon$$obj.o


    Execution Region RW_IRAM1 (Exec base: 0x20000000, Load base: 0x08002670, Size: 0x00000628, Max: 0x0000c000, ABSOLUTE)

    Exec Addr    Load Addr    Size         Type   Attr      Idx    E Section Name        Object

    0x20000000   0x08002670   0x00000008   Data   RW          253    .data               systick.o
    0x20000008   0x08002678   0x00000034   Data   RW          663    .data               foc_deng.o
    0x2000003c   0x080026ac   0x00000004   Data   RW          894    .data               system_gd32f30x.o
    0x20000040   0x080026b0   0x0000007d   Data   RW         4951    .data               gd32f303c_eval.o
    0x200000bd   0x0800272d   0x00000003   PAD
    0x200000c0   0x08002730   0x00000004   Data   RW         5190    .data               mc_w.l(errno.o)
    0x200000c4        -       0x00000164   Zero   RW          662    .bss                foc_deng.o
    0x20000228        -       0x00000400   Zero   RW         5000    STACK               startup_gd32f30x_hd.o


==============================================================================

Image component sizes


      Code (inc. data)   RO Data    RW Data    ZI Data      Debug   Object Name

       416         30          0          0          0       4129   as5600_deng.o
       718         26          0          0          0       4052   as5600_i2c.o
      1340        136          0         52        356       7440   foc_deng.o
       152         30          0        125          0       1727   gd32f303c_eval.o
       188          0          0          0          0        984   gd32f30x_gpio.o
       514         14          0          0          0      14464   gd32f30x_i2c.o
        48          6          0          0          0       4182   gd32f30x_it.o
       440         46          0          0          0      20532   gd32f30x_rcu.o
      1126         48          0          0          0      22883   gd32f30x_timer.o
       368         16          0          0          0      11183   gd32f30x_usart.o
        76         10          0          0          0        490   gpio.o
        62          6          0          0          0       1568   lowpass_filter.o
       112         22          0          0          0      43203   main.o
       476         12          0          0          0       2284   pid.o
        36          8        304          0       1024        944   startup_gd32f30x_hd.o
       648         30          0          4          0       4259   system_gd32f30x.o
       236         32          0          8          0      34200   systick.o
       554         10          0          0          0       3862   timer.o

    ----------------------------------------------------------------------
      7532        482        336        192       1380     182386   Object Totals
         0          0         32          0          0          0   (incl. Generated)
        22          0          0          3          0          0   (incl. Padding)

    ----------------------------------------------------------------------

      Code (inc. data)   RO Data    RW Data    ZI Data      Debug   Library Member Name

       336         56          0          0          0        136   cosf.o
       176          0          0          0          0        168   fmodf.o
        38          0          0          0          0        116   fpclassifyf.o
        38         12          0          0          0        348   funder.o
       340         24         32          0          0        160   rredf.o
       400         56          0          0          0        212   sinf.o
        58          0          0          0          0        136   sqrtf.o
         0          0          0          0          0          0   entry.o
         0          0          0          0          0          0   entry10a.o
         0          0          0          0          0          0   entry11a.o
         4          0          0          0          0          0   entry12b.o
         8          4          0          0          0          0   entry2.o
         4          0          0          0          0          0   entry5.o
         0          0          0          0          0          0   entry7b.o
         0          0          0          0          0          0   entry8b.o
         8          4          0          0          0          0   entry9a.o
        12          6          0          4          0         68   errno.o
        30          0          0          0          0          0   handlers.o
        36          8          0          0          0         68   init.o
         0          0          0          0          0          0   iusefp.o
        30          0          0          0          0         68   llshl.o
        32          0          0          0          0         68   llushr.o
        98          0          0          0          0         92   uldiv.o
        56          0          0          0          0         88   d2f.o
        38          0          0          0          0         68   f2d.o
       110          0          0          0          0        168   fepilogue.o
        82          0          0          0          0         96   frem.o

    ----------------------------------------------------------------------
      1940        170         32          4          0       2060   Library Totals
         6          0          0          0          0          0   (incl. Padding)

    ----------------------------------------------------------------------

      Code (inc. data)   RO Data    RW Data    ZI Data      Debug   Library Name

      1386        148         32          0          0       1276   m_wm.l
       262         22          0          4          0        364   mc_w.l
       286          0          0          0          0        420   mf_w.l

    ----------------------------------------------------------------------
      1940        170         32          4          0       2060   Library Totals

    ----------------------------------------------------------------------

==============================================================================


      Code (inc. data)   RO Data    RW Data    ZI Data      Debug   

      9472        652        368        196       1380     175790   Grand Totals
      9472        652        368        196       1380     175790   ELF Image Totals
      9472        652        368        196          0          0   ROM Totals

==============================================================================

    Total RO  Size (Code + RO Data)                 9840 (   9.61kB)
    Total RW  Size (RW Data + ZI Data)              1576 (   1.54kB)
    Total ROM Size (Code + RO Data + RW Data)      10036 (   9.80kB)

==============================================================================

