Component: ARM Compiler 5.06 update 7 (build 960) Tool: armlink [4d3601]

==============================================================================

Section Cross References

    main.o(i.main) refers to systick.o(i.systick_config) for systick_config
    main.o(i.main) refers to gpio.o(i.gpio_config) for gpio_config
    main.o(i.main) refers to uart.o(i.Uart_Init) for Uart_Init
    main.o(i.main) refers to timer.o(i.Moto0_U_Enable) for Moto0_U_Enable
    main.o(i.main) refers to as5600_i2c_1.o(i.as5600_i2c_init) for as5600_i2c_init
    main.o(i.main) refers to systick.o(i.delay_1ms) for delay_1ms
    main.o(i.main) refers to as5600_i2c_1.o(i.as5600_check_magnet) for as5600_check_magnet
    main.o(i.main) refers to timer.o(i.timer_config) for timer_config
    main.o(i.main) refers to foc.o(i.DFOC_M0_SET_VEL_PID) for DFOC_M0_SET_VEL_PID
    main.o(i.main) refers to foc.o(i.DFOC_Vbus) for DFOC_Vbus
    main.o(i.main) refers to lowpass_filter_1.o(i.LowPassFilter_Init) for LowPassFilter_Init
    main.o(i.main) refers to f2d.o(.text) for __aeabi_f2d
    main.o(i.main) refers to printfa.o(i.__0printf) for __2printf
    main.o(i.main) refers to foc.o(i.DFOC_M0_setVelocity) for DFOC_M0_setVelocity
    main.o(i.main) refers to uart.o(.data) for rx_counter
    main.o(i.main) refers to uart.o(.bss) for rx_buffer
    main.o(i.main) refers to foc.o(.data) for g_start_flag
    main.o(i.main) refers to main.o(.data) for set_lowpass_para
    main.o(i.main) refers to foc.o(.bss) for M0_Vel_Flt
    gd32f30x_it.o(i.SysTick_Handler) refers to systick.o(i.delay_decrement) for delay_decrement
    gd32f30x_it.o(i.SysTick_Handler) refers to systick.o(.data) for sysTickUptime
    gd32f30x_it.o(i.USART0_IRQHandler) refers to gd32f30x_usart.o(i.usart_interrupt_flag_get) for usart_interrupt_flag_get
    gd32f30x_it.o(i.USART0_IRQHandler) refers to gd32f30x_usart.o(i.usart_data_receive) for usart_data_receive
    gd32f30x_it.o(i.USART0_IRQHandler) refers to gd32f30x_usart.o(i.usart_interrupt_flag_clear) for usart_interrupt_flag_clear
    gd32f30x_it.o(i.USART0_IRQHandler) refers to uart.o(.data) for rx_counter
    gd32f30x_it.o(i.USART0_IRQHandler) refers to uart.o(.bss) for rx_buffer
    systick.o(i._micros) refers to uldiv.o(.text) for __aeabi_uldivmod
    systick.o(i._micros) refers to systick.o(.data) for sysTickUptime
    systick.o(i._micros) refers to system_gd32f30x.o(.data) for SystemCoreClock
    systick.o(i.delay_1ms) refers to systick.o(.data) for delay
    systick.o(i.delay_decrement) refers to systick.o(.data) for delay
    systick.o(i.systick_config) refers to systick.o(i.NVIC_SetPriority) for NVIC_SetPriority
    systick.o(i.systick_config) refers to system_gd32f30x.o(.data) for SystemCoreClock
    gpio.o(i.gpio_config) refers to gd32f30x_rcu.o(i.rcu_periph_clock_enable) for rcu_periph_clock_enable
    gpio.o(i.gpio_config) refers to gd32f30x_gpio.o(i.gpio_init) for gpio_init
    timer.o(i.Moto0_UV_Run) refers to timer.o(i.Moto0_U_Enable) for Moto0_U_Enable
    timer.o(i.Moto0_UV_Run) refers to timer.o(i.Moto0_U_Set_Val) for Moto0_U_Set_Val
    timer.o(i.Moto0_UV_Run) refers to timer.o(i.Moto0_V_Enable) for Moto0_V_Enable
    timer.o(i.Moto0_UV_Run) refers to timer.o(i.Moto0_V_Set_Val) for Moto0_V_Set_Val
    timer.o(i.Moto0_UV_Run) refers to timer.o(i.Moto0_W_Disable) for Moto0_W_Disable
    timer.o(i.Moto0_UV_Run) refers to timer.o(i.Moto0_W_Set_Val) for Moto0_W_Set_Val
    timer.o(i.Moto0_UW_Run) refers to timer.o(i.Moto0_U_Enable) for Moto0_U_Enable
    timer.o(i.Moto0_UW_Run) refers to timer.o(i.Moto0_U_Set_Val) for Moto0_U_Set_Val
    timer.o(i.Moto0_UW_Run) refers to timer.o(i.Moto0_W_Enable) for Moto0_W_Enable
    timer.o(i.Moto0_UW_Run) refers to timer.o(i.Moto0_W_Set_Val) for Moto0_W_Set_Val
    timer.o(i.Moto0_UW_Run) refers to timer.o(i.Moto0_V_Disable) for Moto0_V_Disable
    timer.o(i.Moto0_UW_Run) refers to timer.o(i.Moto0_V_Set_Val) for Moto0_V_Set_Val
    timer.o(i.Moto0_U_Set_Val) refers to gd32f30x_timer.o(i.timer_channel_output_pulse_value_config) for timer_channel_output_pulse_value_config
    timer.o(i.Moto0_VU_Run) refers to timer.o(i.Moto0_V_Enable) for Moto0_V_Enable
    timer.o(i.Moto0_VU_Run) refers to timer.o(i.Moto0_V_Set_Val) for Moto0_V_Set_Val
    timer.o(i.Moto0_VU_Run) refers to timer.o(i.Moto0_U_Enable) for Moto0_U_Enable
    timer.o(i.Moto0_VU_Run) refers to timer.o(i.Moto0_U_Set_Val) for Moto0_U_Set_Val
    timer.o(i.Moto0_VU_Run) refers to timer.o(i.Moto0_W_Disable) for Moto0_W_Disable
    timer.o(i.Moto0_VU_Run) refers to timer.o(i.Moto0_W_Set_Val) for Moto0_W_Set_Val
    timer.o(i.Moto0_VW_Run) refers to timer.o(i.Moto0_V_Enable) for Moto0_V_Enable
    timer.o(i.Moto0_VW_Run) refers to timer.o(i.Moto0_V_Set_Val) for Moto0_V_Set_Val
    timer.o(i.Moto0_VW_Run) refers to timer.o(i.Moto0_W_Enable) for Moto0_W_Enable
    timer.o(i.Moto0_VW_Run) refers to timer.o(i.Moto0_W_Set_Val) for Moto0_W_Set_Val
[...]
    Removing gd32f30x_usart.o(i.usart_lin_break_detection_length_config), (20 bytes).
    Removing gd32f30x_usart.o(i.usart_lin_mode_disable), (10 bytes).
    Removing gd32f30x_usart.o(i.usart_lin_mode_enable), (10 bytes).
    Removing gd32f30x_usart.o(i.usart_mute_mode_disable), (10 bytes).
    Removing gd32f30x_usart.o(i.usart_mute_mode_enable), (10 bytes).
    Removing gd32f30x_usart.o(i.usart_mute_mode_wakeup_config), (16 bytes).
    Removing gd32f30x_usart.o(i.usart_parity_config), (16 bytes).
    Removing gd32f30x_usart.o(i.usart_prescaler_config), (16 bytes).
    Removing gd32f30x_usart.o(i.usart_receiver_timeout_disable), (14 bytes).
    Removing gd32f30x_usart.o(i.usart_receiver_timeout_enable), (14 bytes).
    Removing gd32f30x_usart.o(i.usart_receiver_timeout_threshold_config), (20 bytes).
    Removing gd32f30x_usart.o(i.usart_send_break), (10 bytes).
    Removing gd32f30x_usart.o(i.usart_smartcard_autoretry_config), (26 bytes).
    Removing gd32f30x_usart.o(i.usart_smartcard_mode_disable), (10 bytes).
    Removing gd32f30x_usart.o(i.usart_smartcard_mode_enable), (10 bytes).
    Removing gd32f30x_usart.o(i.usart_smartcard_mode_nack_disable), (10 bytes).
    Removing gd32f30x_usart.o(i.usart_smartcard_mode_nack_enable), (10 bytes).
    Removing gd32f30x_usart.o(i.usart_stop_bit_set), (16 bytes).
    Removing gd32f30x_usart.o(i.usart_synchronous_clock_config), (34 bytes).
    Removing gd32f30x_usart.o(i.usart_synchronous_clock_disable), (10 bytes).
    Removing gd32f30x_usart.o(i.usart_synchronous_clock_enable), (10 bytes).
    Removing gd32f30x_usart.o(i.usart_word_length_set), (16 bytes).
    Removing gd32f30x_wwdgt.o(.rev16_text), (4 bytes).
    Removing gd32f30x_wwdgt.o(.revsh_text), (4 bytes).
    Removing gd32f30x_wwdgt.o(i.wwdgt_config), (28 bytes).
    Removing gd32f30x_wwdgt.o(i.wwdgt_counter_update), (16 bytes).
    Removing gd32f30x_wwdgt.o(i.wwdgt_deinit), (20 bytes).
    Removing gd32f30x_wwdgt.o(i.wwdgt_enable), (20 bytes).
    Removing gd32f30x_wwdgt.o(i.wwdgt_flag_clear), (12 bytes).
    Removing gd32f30x_wwdgt.o(i.wwdgt_flag_get), (24 bytes).
    Removing gd32f30x_wwdgt.o(i.wwdgt_interrupt_enable), (20 bytes).
    Removing gd32f303c_eval.o(.rev16_text), (4 bytes).
    Removing gd32f303c_eval.o(.revsh_text), (4 bytes).
    Removing gd32f303c_eval.o(i.gd_eval_key_init), (128 bytes).
    Removing gd32f303c_eval.o(i.gd_eval_key_state_get), (32 bytes).
    Removing gd32f303c_eval.o(i.gd_eval_led_init), (64 bytes).
    Removing gd32f303c_eval.o(i.gd_eval_led_off), (24 bytes).
    Removing gd32f303c_eval.o(i.gd_eval_led_on), (24 bytes).
    Removing gd32f303c_eval.o(i.gd_eval_led_toggle), (56 bytes).
    Removing startup_gd32f30x_hd.o(HEAP), (1024 bytes).
    Removing as5600_i2c_1.o(.rev16_text), (4 bytes).
    Removing as5600_i2c_1.o(.revsh_text), (4 bytes).
    Removing as5600_i2c_1.o(i.Sensor_AS5600_GetAngle), (32 bytes).
    Removing lowpass_filter_1.o(.rev16_text), (4 bytes).
    Removing lowpass_filter_1.o(.revsh_text), (4 bytes).
    Removing pid_1.o(.rev16_text), (4 bytes).
    Removing pid_1.o(.revsh_text), (4 bytes).
    Removing foc.o(.rev16_text), (4 bytes).
    Removing foc.o(.revsh_text), (4 bytes).
    Removing foc.o(i.DFOC_M0_ANGLE_PID), (32 bytes).
    Removing foc.o(i.DFOC_M0_Angle), (84 bytes).
    Removing foc.o(i.DFOC_M0_SET_ANGLE_PID), (24 bytes).
    Removing foc.o(i.DFOC_M0_setTorque), (36 bytes).
    Removing foc.o(i.DFOC_M0_set_Force_Angle), (116 bytes).
    Removing foc.o(i.DFOC_M0_set_Velocity_Angle), (100 bytes).
    Removing foc.o(i.DFOC_alignSensor), (88 bytes).
    Removing cdcmple.o(.text), (48 bytes).

672 unused section(s) (total 24314 bytes) removed from the image.

==============================================================================

Image Symbol Table

    Local Symbols

    Symbol Name                              Value     Ov Type        Size  Object(Section)

    ../clib/microlib/division.c              0x00000000   Number         0  uldiv.o ABSOLUTE
    ../clib/microlib/division.c              0x00000000   Number         0  uidiv.o ABSOLUTE
    ../clib/microlib/errno.c                 0x00000000   Number         0  errno.o ABSOLUTE
    ../clib/microlib/init/entry.s            0x00000000   Number         0  entry9b.o ABSOLUTE
    ../clib/microlib/init/entry.s            0x00000000   Number         0  entry9a.o ABSOLUTE
    ../clib/microlib/init/entry.s            0x00000000   Number         0  entry7b.o ABSOLUTE
    ../clib/microlib/init/entry.s            0x00000000   Number         0  entry7a.o ABSOLUTE
    ../clib/microlib/init/entry.s            0x00000000   Number         0  entry8b.o ABSOLUTE
    ../clib/microlib/init/entry.s            0x00000000   Number         0  entry5.o ABSOLUTE
    ../clib/microlib/init/entry.s            0x00000000   Number         0  entry11b.o ABSOLUTE
    ../clib/microlib/init/entry.s            0x00000000   Number         0  entry8a.o ABSOLUTE
    ../clib/microlib/init/entry.s            0x00000000   Number         0  entry2.o ABSOLUTE
    ../clib/microlib/init/entry.s            0x00000000   Number         0  entry.o ABSOLUTE
    ../clib/microlib/init/entry.s            0x00000000   Number         0  entry12b.o ABSOLUTE
    ../clib/microlib/init/entry.s            0x00000000   Number         0  entry12a.o ABSOLUTE
    ../clib/microlib/init/entry.s            0x00000000   Number         0  entry11a.o ABSOLUTE
    ../clib/microlib/init/entry.s            0x00000000   Number         0  entry10b.o ABSOLUTE
    ../clib/microlib/init/entry.s            0x00000000   Number         0  entry10a.o ABSOLUTE
    ../clib/microlib/longlong.c              0x00000000   Number         0  llshl.o ABSOLUTE
    ../clib/microlib/longlong.c              0x00000000   Number         0  llsshr.o ABSOLUTE
    ../clib/microlib/longlong.c              0x00000000   Number         0  llushr.o ABSOLUTE
    ../clib/microlib/printf/printf.c         0x00000000   Number         0  printf2.o ABSOLUTE
    ../clib/microlib/printf/printf.c         0x00000000   Number         0  printf1.o ABSOLUTE
    ../clib/microlib/printf/printf.c         0x00000000   Number         0  printfb.o ABSOLUTE
    ../clib/microlib/printf/printf.c         0x00000000   Number         0  printf5.o ABSOLUTE
    ../clib/microlib/printf/printf.c         0x00000000   Number         0  printf4.o ABSOLUTE
    ../clib/microlib/printf/printf.c         0x00000000   Number         0  printf0.o ABSOLUTE
    ../clib/microlib/printf/printf.c         0x00000000   Number         0  printf6.o ABSOLUTE
    ../clib/microlib/printf/printf.c         0x00000000   Number         0  printf7.o ABSOLUTE
    ../clib/microlib/printf/printf.c         0x00000000   Number         0  printf8.o ABSOLUTE
    ../clib/microlib/printf/printf.c         0x00000000   Number         0  printf3.o ABSOLUTE
    ../clib/microlib/printf/printf.c         0x00000000   Number         0  printfa.o ABSOLUTE
    ../clib/microlib/printf/stubs.s          0x00000000   Number         0  stubs.o ABSOLUTE
    ../clib/microlib/stdio/streams.c         0x00000000   Number         0  stdout.o ABSOLUTE
    ../clib/microlib/stubs.s                 0x00000000   Number         0  iusefp.o ABSOLUTE
    ../fplib/microlib/d2f.c                  0x00000000   Number         0  d2f.o ABSOLUTE
    ../fplib/microlib/f2d.c                  0x00000000   Number         0  f2d.o ABSOLUTE
    ../fplib/microlib/fpadd.c                0x00000000   Number         0  dadd.o ABSOLUTE
    ../fplib/microlib/fpdiv.c                0x00000000   Number         0  ddiv.o ABSOLUTE
    ../fplib/microlib/fpepilogue.c           0x00000000   Number         0  depilogue.o ABSOLUTE
    ../fplib/microlib/fpepilogue.c           0x00000000   Number         0  fepilogue.o ABSOLUTE
    ../fplib/microlib/fpfix.c                0x00000000   Number         0  dfixul.o ABSOLUTE
    ../fplib/microlib/fpmul.c                0x00000000   Number         0  dmul.o ABSOLUTE
    ../fplib/microlib/fprem.c                0x00000000   Number         0  frem.o ABSOLUTE
    ../mathlib/cosf.c                        0x00000000   Number         0  cosf.o ABSOLUTE
    ../mathlib/cosf.c                        0x00000000   Number         0  cosf_x.o ABSOLUTE
    ../mathlib/fmodf.c                       0x00000000   Number         0  fmodf.o ABSOLUTE
    ../mathlib/fmodf.c                       0x00000000   Number         0  fmodf_x.o ABSOLUTE
    ../mathlib/fpclassifyf.c                 0x00000000   Number         0  fpclassifyf.o ABSOLUTE
    ../mathlib/funder.c                      0x00000000   Number         0  funder.o ABSOLUTE
    ../mathlib/rredf.c                       0x00000000   Number         0  rredf.o ABSOLUTE
    ../mathlib/sinf.c                        0x00000000   Number         0  sinf.o ABSOLUTE
    ../mathlib/sinf.c                        0x00000000   Number         0  sinf_x.o ABSOLUTE
    ../mathlib/sqrtf.c                       0x00000000   Number         0  sqrtf_x.o ABSOLUTE
    ../mathlib/sqrtf.c                       0x00000000   Number         0  sqrtf.o ABSOLUTE
    ..\..\GD32F30x_Firmware_Library\CMSIS\GD\GD32F30x\Source\ARM\startup_gd32f30x_hd.s 0x00000000   Number         0  startup_gd32f30x_hd.o ABSOLUTE
    ..\..\GD32F30x_Firmware_Library\CMSIS\GD\GD32F30x\Source\system_gd32f30x.c 0x00000000   Number         0  system_gd32f30x.o ABSOLUTE
    ..\..\GD32F30x_Firmware_Library\GD32F30x_standard_peripheral\Source\gd32f30x_adc.c 0x00000000   Number         0  gd32f30x_adc.o ABSOLUTE
    ..\..\GD32F30x_Firmware_Library\GD32F30x_standard_peripheral\Source\gd32f30x_bkp.c 0x00000000   Number         0  gd32f30x_bkp.o ABSOLUTE
    ..\..\GD32F30x_Firmware_Library\GD32F30x_standard_peripheral\Source\gd32f30x_can.c 0x00000000   Number         0  gd32f30x_can.o ABSOLUTE
    ..\..\GD32F30x_Firmware_Library\GD32F30x_standard_peripheral\Source\gd32f30x_crc.c 0x00000000   Number         0  gd32f30x_crc.o ABSOLUTE
    ..\..\GD32F30x_Firmware_Library\GD32F30x_standard_peripheral\Source\gd32f30x_ctc.c 0x00000000   Number         0  gd32f30x_ctc.o ABSOLUTE
    ..\..\GD32F30x_Firmware_Library\GD32F30x_standard_peripheral\Source\gd32f30x_dac.c 0x00000000   Number         0  gd32f30x_dac.o ABSOLUTE
    ..\..\GD32F30x_Firmware_Library\GD32F30x_standard_peripheral\Source\gd32f30x_dbg.c 0x00000000   Number         0  gd32f30x_dbg.o ABSOLUTE
    ..\..\GD32F30x_Firmware_Library\GD32F30x_standard_peripheral\Source\gd32f30x_dma.c 0x00000000   Number         0  gd32f30x_dma.o ABSOLUTE
    ..\..\GD32F30x_Firmware_Library\GD32F30x_standard_peripheral\Source\gd32f30x_enet.c 0x00000000   Number         0  gd32f30x_enet.o ABSOLUTE
    ..\..\GD32F30x_Firmware_Library\GD32F30x_standard_peripheral\Source\gd32f30x_exmc.c 0x00000000   Number         0  gd32f30x_exmc.o ABSOLUTE
    ..\..\GD32F30x_Firmware_Library\GD32F30x_standard_peripheral\Source\gd32f30x_exti.c 0x00000000   Number         0  gd32f30x_exti.o ABSOLUTE
    ..\..\GD32F30x_Firmware_Library\GD32F30x_standard_peripheral\Source\gd32f30x_fmc.c 0x00000000   Number         0  gd32f30x_fmc.o ABSOLUTE
    ..\..\GD32F30x_Firmware_Library\GD32F30x_standard_peripheral\Source\gd32f30x_fwdgt.c 0x00000000   Number         0  gd32f30x_fwdgt.o ABSOLUTE
    ..\..\GD32F30x_Firmware_Library\GD32F30x_standard_peripheral\Source\gd32f30x_gpio.c 0x00000000   Number         0  gd32f30x_gpio.o ABSOLUTE
    ..\..\GD32F30x_Firmware_Library\GD32F30x_standard_peripheral\Source\gd32f30x_i2c.c 0x00000000   Number         0  gd32f30x_i2c.o ABSOLUTE
    ..\..\GD32F30x_Firmware_Library\GD32F30x_standard_peripheral\Source\gd32f30x_misc.c 0x00000000   Number         0  gd32f30x_misc.o ABSOLUTE
    ..\..\GD32F30x_Firmware_Library\GD32F30x_standard_peripheral\Source\gd32f30x_pmu.c 0x00000000   Number         0  gd32f30x_pmu.o ABSOLUTE
    ..\..\GD32F30x_Firmware_Library\GD32F30x_standard_peripheral\Source\gd32f30x_rcu.c 0x00000000   Number         0  gd32f30x_rcu.o ABSOLUTE
    ..\..\GD32F30x_Firmware_Library\GD32F30x_standard_peripheral\Source\gd32f30x_rtc.c 0x00000000   Number         0  gd32f30x_rtc.o ABSOLUTE
    ..\..\GD32F30x_Firmware_Library\GD32F30x_standard_peripheral\Source\gd32f30x_sdio.c 0x00000000   Number         0  gd32f30x_sdio.o ABSOLUTE
    ..\..\GD32F30x_Firmware_Library\GD32F30x_standard_peripheral\Source\gd32f30x_spi.c 0x00000000   Number         0  gd32f30x_spi.o ABSOLUTE
    ..\..\GD32F30x_Firmware_Library\GD32F30x_standard_peripheral\Source\gd32f30x_timer.c 0x00000000   Number         0  gd32f30x_timer.o ABSOLUTE
    ..\..\GD32F30x_Firmware_Library\GD32F30x_standard_peripheral\Source\gd32f30x_usart.c 0x00000000   Number         0  gd32f30x_usart.o ABSOLUTE
    ..\..\GD32F30x_Firmware_Library\GD32F30x_standard_peripheral\Source\gd32f30x_wwdgt.c 0x00000000   Number         0  gd32f30x_wwdgt.o ABSOLUTE
    ..\..\Utilities\gd32f303c_eval.c         0x00000000   Number         0  gd32f303c_eval.o ABSOLUTE
    ..\FOR\as5600_i2c.c                      0x00000000   Number         0  as5600_i2c_1.o ABSOLUTE
    ..\FOR\foc.c                             0x00000000   Number         0  foc.o ABSOLUTE
    ..\FOR\lowpass_filter.c                  0x00000000   Number         0  lowpass_filter_1.o ABSOLUTE
    ..\FOR\pid.c                             0x00000000   Number         0  pid_1.o ABSOLUTE
    ..\\..\\GD32F30x_Firmware_Library\\CMSIS\\GD\\GD32F30x\\Source\\system_gd32f30x.c 0x00000000   Number         0  system_gd32f30x.o ABSOLUTE
    ..\\..\\GD32F30x_Firmware_Library\\GD32F30x_standard_peripheral\\Source\\gd32f30x_adc.c 0x00000000   Number         0  gd32f30x_adc.o ABSOLUTE
    ..\\..\\GD32F30x_Firmware_Library\\GD32F30x_standard_peripheral\\Source\\gd32f30x_bkp.c 0x00000000   Number         0  gd32f30x_bkp.o ABSOLUTE
    ..\\..\\GD32F30x_Firmware_Library\\GD32F30x_standard_peripheral\\Source\\gd32f30x_can.c 0x00000000   Number         0  gd32f30x_can.o ABSOLUTE
    ..\\..\\GD32F30x_Firmware_Library\\GD32F30x_standard_peripheral\\Source\\gd32f30x_crc.c 0x00000000   Number         0  gd32f30x_crc.o ABSOLUTE
    ..\\..\\GD32F30x_Firmware_Library\\GD32F30x_standard_peripheral\\Source\\gd32f30x_ctc.c 0x00000000   Number         0  gd32f30x_ctc.o ABSOLUTE
    ..\\..\\GD32F30x_Firmware_Library\\GD32F30x_standard_peripheral\\Source\\gd32f30x_dac.c 0x00000000   Number         0  gd32f30x_dac.o ABSOLUTE
    ..\\..\\GD32F30x_Firmware_Library\\GD32F30x_standard_peripheral\\Source\\gd32f30x_dbg.c 0x00000000   Number         0  gd32f30x_dbg.o ABSOLUTE
    ..\\..\\GD32F30x_Firmware_Library\\GD32F30x_standard_peripheral\\Source\\gd32f30x_dma.c 0x00000000   Number         0  gd32f30x_dma.o ABSOLUTE
    ..\\..\\GD32F30x_Firmware_Library\\GD32F30x_standard_peripheral\\Source\\gd32f30x_enet.c 0x00000000   Number         0  gd32f30x_enet.o ABSOLUTE
    ..\\..\\GD32F30x_Firmware_Library\\GD32F30x_standard_peripheral\\Source\\gd32f30x_exmc.c 0x00000000   Number         0  gd32f30x_exmc.o ABSOLUTE
    ..\\..\\GD32F30x_Firmware_Library\\GD32F30x_standard_peripheral\\Source\\gd32f30x_exti.c 0x00000000   Number         0  gd32f30x_exti.o ABSOLUTE
    ..\\..\\GD32F30x_Firmware_Library\\GD32F30x_standard_peripheral\\Source\\gd32f30x_fmc.c 0x00000000   Number         0  gd32f30x_fmc.o ABSOLUTE
    ..\\..\\GD32F30x_Firmware_Library\\GD32F30x_standard_peripheral\\Source\\gd32f30x_fwdgt.c 0x00000000   Number         0  gd32f30x_fwdgt.o ABSOLUTE
    ..\\..\\GD32F30x_Firmware_Library\\GD32F30x_standard_peripheral\\Source\\gd32f30x_gpio.c 0x00000000   Number         0  gd32f30x_gpio.o ABSOLUTE
    ..\\..\\GD32F30x_Firmware_Library\\GD32F30x_standard_peripheral\\Source\\gd32f30x_i2c.c 0x00000000   Number         0  gd32f30x_i2c.o ABSOLUTE
    ..\\..\\GD32F30x_Firmware_Library\\GD32F30x_standard_peripheral\\Source\\gd32f30x_misc.c 0x00000000   Number         0  gd32f30x_misc.o ABSOLUTE
    ..\\..\\GD32F30x_Firmware_Library\\GD32F30x_standard_peripheral\\Source\\gd32f30x_pmu.c 0x00000000   Number         0  gd32f30x_pmu.o ABSOLUTE
    ..\\..\\GD32F30x_Firmware_Library\\GD32F30x_standard_peripheral\\Source\\gd32f30x_rcu.c 0x00000000   Number         0  gd32f30x_rcu.o ABSOLUTE
    ..\\..\\GD32F30x_Firmware_Library\\GD32F30x_standard_peripheral\\Source\\gd32f30x_rtc.c 0x00000000   Number         0  gd32f30x_rtc.o ABSOLUTE
    ..\\..\\GD32F30x_Firmware_Library\\GD32F30x_standard_peripheral\\Source\\gd32f30x_sdio.c 0x00000000   Number         0  gd32f30x_sdio.o ABSOLUTE
    ..\\..\\GD32F30x_Firmware_Library\\GD32F30x_standard_peripheral\\Source\\gd32f30x_spi.c 0x00000000   Number         0  gd32f30x_spi.o ABSOLUTE
    ..\\..\\GD32F30x_Firmware_Library\\GD32F30x_standard_peripheral\\Source\\gd32f30x_timer.c 0x00000000   Number         0  gd32f30x_timer.o ABSOLUTE
    ..\\..\\GD32F30x_Firmware_Library\\GD32F30x_standard_peripheral\\Source\\gd32f30x_usart.c 0x00000000   Number         0  gd32f30x_usart.o ABSOLUTE
    ..\\..\\GD32F30x_Firmware_Library\\GD32F30x_standard_peripheral\\Source\\gd32f30x_wwdgt.c 0x00000000   Number         0  gd32f30x_wwdgt.o ABSOLUTE
    ..\\..\\Utilities\\gd32f303c_eval.c      0x00000000   Number         0  gd32f303c_eval.o ABSOLUTE
    ..\\FOR\\as5600_i2c.c                    0x00000000   Number         0  as5600_i2c_1.o ABSOLUTE
    ..\\FOR\\foc.c                           0x00000000   Number         0  foc.o ABSOLUTE
    ..\\FOR\\lowpass_filter.c                0x00000000   Number         0  lowpass_filter_1.o ABSOLUTE
    ..\\FOR\\pid.c                           0x00000000   Number         0  pid_1.o ABSOLUTE
    ..\\debug_print_log.c                    0x00000000   Number         0  debug_print_log.o ABSOLUTE
    ..\\gd32f30x_it.c                        0x00000000   Number         0  gd32f30x_it.o ABSOLUTE
    ..\\gpio.c                               0x00000000   Number         0  gpio.o ABSOLUTE
    ..\\main.c                               0x00000000   Number         0  main.o ABSOLUTE
    ..\\systick.c                            0x00000000   Number         0  systick.o ABSOLUTE
    ..\\timer.c                              0x00000000   Number         0  timer.o ABSOLUTE
    ..\\uart.c                               0x00000000   Number         0  uart.o ABSOLUTE
    ..\debug_print_log.c                     0x00000000   Number         0  debug_print_log.o ABSOLUTE
    ..\gd32f30x_it.c                         0x00000000   Number         0  gd32f30x_it.o ABSOLUTE
    ..\gpio.c                                0x00000000   Number         0  gpio.o ABSOLUTE
    ..\main.c                                0x00000000   Number         0  main.o ABSOLUTE
    ..\systick.c                             0x00000000   Number         0  systick.o ABSOLUTE
    ..\timer.c                               0x00000000   Number         0  timer.o ABSOLUTE
    ..\uart.c                                0x00000000   Number         0  uart.o ABSOLUTE
    cdcmple.s                                0x00000000   Number         0  cdcmple.o ABSOLUTE
    cdrcmple.s                               0x00000000   Number         0  cdrcmple.o ABSOLUTE
    dc.s                                     0x00000000   Number         0  dc.o ABSOLUTE
    handlers.s                               0x00000000   Number         0  handlers.o ABSOLUTE
    init.s                                   0x00000000   Number         0  init.o ABSOLUTE
    RESET                                    0x08000000   Section      304  startup_gd32f30x_hd.o(RESET)
    .ARM.Collect$$$$00000000                 0x08000130   Section        0  entry.o(.ARM.Collect$$$$00000000)
    .ARM.Collect$$$$00000001                 0x08000130   Section        4  entry2.o(.ARM.Collect$$$$00000001)
    .ARM.Collect$$$$00000004                 0x08000134   Section        4  entry5.o(.ARM.Collect$$$$00000004)
    .ARM.Collect$$$$00000008                 0x08000138   Section        0  entry7b.o(.ARM.Collect$$$$00000008)
    .ARM.Collect$$$$0000000A                 0x08000138   Section        0  entry8b.o(.ARM.Collect$$$$0000000A)
    .ARM.Collect$$$$0000000B                 0x08000138   Section        8  entry9a.o(.ARM.Collect$$$$0000000B)
    .ARM.Collect$$$$0000000E                 0x08000140   Section        4  entry12b.o(.ARM.Collect$$$$0000000E)
    .ARM.Collect$$$$0000000F                 0x08000144   Section        0  entry10a.o(.ARM.Collect$$$$0000000F)
    .ARM.Collect$$$$00000011                 0x08000144   Section        0  entry11a.o(.ARM.Collect$$$$00000011)
    .ARM.Collect$$$$00002712                 0x08000144   Section        4  entry2.o(.ARM.Collect$$$$00002712)
    __lit__00000000                          0x08000144   Data           4  entry2.o(.ARM.Collect$$$$00002712)
    .text                                    0x08000148   Section       36  startup_gd32f30x_hd.o(.text)
    $v0                                      0x08000148   Number         0  startup_gd32f30x_hd.o(.text)
    .text                                    0x0800016c   Section        0  uldiv.o(.text)
    .text                                    0x080001ce   Section        0  f2d.o(.text)
    .text                                    0x080001f4   Section        0  d2f.o(.text)
    .text                                    0x0800022c   Section        0  uidiv.o(.text)
    .text                                    0x08000258   Section        0  llshl.o(.text)
    .text                                    0x08000276   Section        0  llushr.o(.text)
    .text                                    0x08000296   Section        0  fepilogue.o(.text)
    .text                                    0x08000296   Section        0  iusefp.o(.text)
    .text                                    0x08000304   Section        0  frem.o(.text)
    .text                                    0x08000356   Section        0  dadd.o(.text)
    .text                                    0x080004a4   Section        0  dmul.o(.text)
    .text                                    0x08000588   Section        0  ddiv.o(.text)
    .text                                    0x08000666   Section        0  dfixul.o(.text)
    .text                                    0x08000698   Section       48  cdrcmple.o(.text)
    .text                                    0x080006c8   Section       36  init.o(.text)
    .text                                    0x080006ec   Section        0  llsshr.o(.text)
    .text                                    0x08000710   Section        0  depilogue.o(.text)
    i.BusFault_Handler                       0x080007ca   Section        0  gd32f30x_it.o(i.BusFault_Handler)
    i.DFOC_M0_SET_VEL_PID                    0x080007d0   Section        0  foc.o(i.DFOC_M0_SET_VEL_PID)
    i.DFOC_M0_VEL_PID                        0x080007e8   Section        0  foc.o(i.DFOC_M0_VEL_PID)
    i.DFOC_M0_Velocity                       0x08000808   Section        0  foc.o(i.DFOC_M0_Velocity)
    i.DFOC_M0_setVelocity                    0x08000878   Section        0  foc.o(i.DFOC_M0_setVelocity)
    i.DFOC_Vbus                              0x080008fc   Section        0  foc.o(i.DFOC_Vbus)
    i.DebugMon_Handler                       0x080009b8   Section        0  gd32f30x_it.o(i.DebugMon_Handler)
    i.DebugPrint_log                         0x080009bc   Section        0  debug_print_log.o(i.DebugPrint_log)
    i.HardFault_Handler                      0x08000a34   Section        0  gd32f30x_it.o(i.HardFault_Handler)
    i.LowPassFilter_Init                     0x08000a38   Section        0  lowpass_filter_1.o(i.LowPassFilter_Init)
    i.LowPassFilter_Update                   0x08000a60   Section        0  lowpass_filter_1.o(i.LowPassFilter_Update)
    i.MemManage_Handler                      0x08000b38   Section        0  gd32f30x_it.o(i.MemManage_Handler)
    i.Moto0_U_Enable                         0x08000b3c   Section        0  timer.o(i.Moto0_U_Enable)
    i.Moto1_U_Set_Val                        0x08000b48   Section        0  timer.o(i.Moto1_U_Set_Val)
    i.Moto1_V_Set_Val                        0x08000b58   Section        0  timer.o(i.Moto1_V_Set_Val)
    i.Moto1_W_Set_Val                        0x08000b68   Section        0  timer.o(i.Moto1_W_Set_Val)
    i.NMI_Handler                            0x08000b7a   Section        0  gd32f30x_it.o(i.NMI_Handler)
    i.NVIC_SetPriority                       0x08000b7c   Section        0  systick.o(i.NVIC_SetPriority)
    NVIC_SetPriority                         0x08000b7d   Thumb Code    32  systick.o(i.NVIC_SetPriority)
    i.PIDController_Init                     0x08000ba4   Section        0  pid_1.o(i.PIDController_Init)
    i.PIDController_Update                   0x08000bfc   Section        0  pid_1.o(i.PIDController_Update)
    i.PendSV_Handler                         0x08000da0   Section        0  gd32f30x_it.o(i.PendSV_Handler)
    i.RecordPrintLog                         0x08000da4   Section        0  debug_print_log.o(i.RecordPrintLog)
    i.SVC_Handler                            0x08000e9c   Section        0  gd32f30x_it.o(i.SVC_Handler)
    i.Sensor_AS5600_GetMechanicalAngle       0x08000e9e   Section        0  as5600_i2c_1.o(i.Sensor_AS5600_GetMechanicalAngle)
    i.Sensor_AS5600_GetSensorAngle           0x08000ea4   Section        0  as5600_i2c_1.o(i.Sensor_AS5600_GetSensorAngle)
    i.Sensor_AS5600_GetVelocity              0x08000ebc   Section        0  as5600_i2c_1.o(i.Sensor_AS5600_GetVelocity)
    i.Sensor_AS5600_Init                     0x08000fa4   Section        0  as5600_i2c_1.o(i.Sensor_AS5600_Init)
    i.Sensor_AS5600_SensorInit               0x08000fc8   Section        0  as5600_i2c_1.o(i.Sensor_AS5600_SensorInit)
    i.Sensor_AS5600_Update                   0x08001014   Section        0  as5600_i2c_1.o(i.Sensor_AS5600_Update)
    i.SysTick_Handler                        0x080010b4   Section        0  gd32f30x_it.o(i.SysTick_Handler)
    i.SystemInit                             0x080010cc   Section        0  system_gd32f30x.o(i.SystemInit)
    i.USART0_IRQHandler                      0x08001214   Section        0  gd32f30x_it.o(i.USART0_IRQHandler)
    i.Uart_Init                              0x0800125c   Section        0  uart.o(i.Uart_Init)
    i.UsageFault_Handler                     0x08001280   Section        0  gd32f30x_it.o(i.UsageFault_Handler)
    i.__0printf                              0x08001284   Section        0  printfa.o(i.__0printf)
    i.__ARM_fpclassifyf                      0x080012a4   Section        0  fpclassifyf.o(i.__ARM_fpclassifyf)
    i.__hardfp_cosf                          0x080012cc   Section        0  cosf.o(i.__hardfp_cosf)
    i.__hardfp_fmodf                         0x0800141c   Section        0  fmodf.o(i.__hardfp_fmodf)
    i.__hardfp_sinf                          0x080014cc   Section        0  sinf.o(i.__hardfp_sinf)
    i.__hardfp_sqrtf                         0x0800165c   Section        0  sqrtf.o(i.__hardfp_sqrtf)
    i.__mathlib_flt_infnan                   0x08001696   Section        0  funder.o(i.__mathlib_flt_infnan)
    i.__mathlib_flt_invalid                  0x0800169c   Section        0  funder.o(i.__mathlib_flt_invalid)
    i.__mathlib_flt_underflow                0x080016ac   Section        0  funder.o(i.__mathlib_flt_underflow)
    i.__mathlib_rredf2                       0x080016bc   Section        0  rredf.o(i.__mathlib_rredf2)
    i.__scatterload_copy                     0x08001810   Section       14  handlers.o(i.__scatterload_copy)
    i.__scatterload_null                     0x0800181e   Section        2  handlers.o(i.__scatterload_null)
    i.__scatterload_zeroinit                 0x08001820   Section       14  handlers.o(i.__scatterload_zeroinit)
    i.__set_errno                            0x08001830   Section        0  errno.o(i.__set_errno)
    i._electricalAngle_speed                 0x0800183c   Section        0  foc.o(i._electricalAngle_speed)
    i._fp_digits                             0x08001888   Section        0  printfa.o(i._fp_digits)
    _fp_digits                               0x08001889   Thumb Code   366  printfa.o(i._fp_digits)
    i._micros                                0x08001a0c   Section        0  systick.o(i._micros)
    i._normalizeAngle_speed                  0x08001a6c   Section        0  foc.o(i._normalizeAngle_speed)
    i._printf_core                           0x08001ab4   Section        0  printfa.o(i._printf_core)
    _printf_core                             0x08001ab5   Thumb Code  1704  printfa.o(i._printf_core)
    i._printf_post_padding                   0x08002168   Section        0  printfa.o(i._printf_post_padding)
    _printf_post_padding                     0x08002169   Thumb Code    36  printfa.o(i._printf_post_padding)
    i._printf_pre_padding                    0x0800218c   Section        0  printfa.o(i._printf_pre_padding)
    _printf_pre_padding                      0x0800218d   Thumb Code    46  printfa.o(i._printf_pre_padding)
    i._soft_delay_                           0x080021ba   Section        0  system_gd32f30x.o(i._soft_delay_)
    _soft_delay_                             0x080021bb   Thumb Code    28  system_gd32f30x.o(i._soft_delay_)
    i.as5600_check_magnet                    0x080021d6   Section        0  as5600_i2c_1.o(i.as5600_check_magnet)
    i.as5600_i2c_init                        0x080021e4   Section        0  as5600_i2c_1.o(i.as5600_i2c_init)
    i.as5600_read_angle_degree               0x08002244   Section        0  as5600_i2c_1.o(i.as5600_read_angle_degree)
    i.as5600_read_raw_angle                  0x0800227c   Section        0  as5600_i2c_1.o(i.as5600_read_raw_angle)
    i.as5600_read_reg                        0x08002288   Section        0  as5600_i2c_1.o(i.as5600_read_reg)
    as5600_read_reg                          0x08002289   Thumb Code   488  as5600_i2c_1.o(i.as5600_read_reg)
    i.as5600_read_reg16                      0x0800247c   Section        0  as5600_i2c_1.o(i.as5600_read_reg16)
    as5600_read_reg16                        0x0800247d   Thumb Code   604  as5600_i2c_1.o(i.as5600_read_reg16)
    i.as5600_read_status                     0x080026e4   Section        0  as5600_i2c_1.o(i.as5600_read_status)
    i.delay_1ms                              0x080026f0   Section        0  systick.o(i.delay_1ms)
    i.delay_decrement                        0x08002704   Section        0  systick.o(i.delay_decrement)
    i.fputc                                  0x0800271c   Section        0  uart.o(i.fputc)
    i.gd_eval_com_init                       0x08002740   Section        0  gd32f303c_eval.o(i.gd_eval_com_init)
    i.gpio_config                            0x080027d8   Section        0  gpio.o(i.gpio_config)
    i.gpio_init                              0x08002828   Section        0  gd32f30x_gpio.o(i.gpio_init)
    i.i2c_ack_config                         0x080028e4   Section        0  gd32f30x_i2c.o(i.i2c_ack_config)
    i.i2c_ackpos_config                      0x080028f4   Section        0  gd32f30x_i2c.o(i.i2c_ackpos_config)
    i.i2c_clock_config                       0x08002904   Section        0  gd32f30x_i2c.o(i.i2c_clock_config)
    i.i2c_data_receive                       0x08002a44   Section        0  gd32f30x_i2c.o(i.i2c_data_receive)
    i.i2c_data_transmit                      0x08002a4c   Section        0  gd32f30x_i2c.o(i.i2c_data_transmit)
    i.i2c_enable                             0x08002a52   Section        0  gd32f30x_i2c.o(i.i2c_enable)
    i.i2c_flag_clear                         0x08002a5c   Section        0  gd32f30x_i2c.o(i.i2c_flag_clear)
    i.i2c_flag_get                           0x08002a84   Section        0  gd32f30x_i2c.o(i.i2c_flag_get)
    i.i2c_master_addressing                  0x08002aa2   Section        0  gd32f30x_i2c.o(i.i2c_master_addressing)
    i.i2c_mode_addr_config                   0x08002ab6   Section        0  gd32f30x_i2c.o(i.i2c_mode_addr_config)
    i.i2c_start_on_bus                       0x08002ad2   Section        0  gd32f30x_i2c.o(i.i2c_start_on_bus)
    i.i2c_stop_on_bus                        0x08002adc   Section        0  gd32f30x_i2c.o(i.i2c_stop_on_bus)
    i.main                                   0x08002ae8   Section        0  main.o(i.main)
    i.nvic_irq_enable                        0x08002c20   Section        0  gd32f30x_misc.o(i.nvic_irq_enable)
    i.nvic_priority_group_set                0x08002ce4   Section        0  gd32f30x_misc.o(i.nvic_priority_group_set)
    i.rcu_clock_freq_get                     0x08002cf8   Section        0  gd32f30x_rcu.o(i.rcu_clock_freq_get)
    i.rcu_periph_clock_enable                0x08002e50   Section        0  gd32f30x_rcu.o(i.rcu_periph_clock_enable)
    i.rcu_periph_reset_disable               0x08002e70   Section        0  gd32f30x_rcu.o(i.rcu_periph_reset_disable)
    i.rcu_periph_reset_enable                0x08002e90   Section        0  gd32f30x_rcu.o(i.rcu_periph_reset_enable)
    i.setPwm_speed                           0x08002eb0   Section        0  foc.o(i.setPwm_speed)
    i.setTorque                              0x080030b0   Section        0  foc.o(i.setTorque)
    i.system_clock_120m_hxtal                0x08003218   Section        0  system_gd32f30x.o(i.system_clock_120m_hxtal)
    system_clock_120m_hxtal                  0x08003219   Thumb Code   266  system_gd32f30x.o(i.system_clock_120m_hxtal)
    i.system_clock_config                    0x08003334   Section        0  system_gd32f30x.o(i.system_clock_config)
    system_clock_config                      0x08003335   Thumb Code     8  system_gd32f30x.o(i.system_clock_config)
    i.systick_config                         0x0800333c   Section        0  systick.o(i.systick_config)
    i.timer0_config                          0x0800338c   Section        0  timer.o(i.timer0_config)
    i.timer1_config                          0x08003478   Section        0  timer.o(i.timer1_config)
    i.timer_auto_reload_shadow_enable        0x0800356c   Section        0  gd32f30x_timer.o(i.timer_auto_reload_shadow_enable)
    i.timer_channel_output_config            0x08003578   Section        0  gd32f30x_timer.o(i.timer_channel_output_config)
    i.timer_channel_output_mode_config       0x08003764   Section        0  gd32f30x_timer.o(i.timer_channel_output_mode_config)
    i.timer_channel_output_pulse_value_config 0x080037be   Section        0  gd32f30x_timer.o(i.timer_channel_output_pulse_value_config)
    i.timer_channel_output_shadow_config     0x080037e4   Section        0  gd32f30x_timer.o(i.timer_channel_output_shadow_config)
    i.timer_config                           0x0800383e   Section        0  timer.o(i.timer_config)
    i.timer_deinit                           0x0800384c   Section        0  gd32f30x_timer.o(i.timer_deinit)
    i.timer_enable                           0x08003928   Section        0  gd32f30x_timer.o(i.timer_enable)
    i.timer_init                             0x08003934   Section        0  gd32f30x_timer.o(i.timer_init)
    i.timer_primary_output_config            0x080039cc   Section        0  gd32f30x_timer.o(i.timer_primary_output_config)
    i.usart_baudrate_set                     0x080039e4   Section        0  gd32f30x_usart.o(i.usart_baudrate_set)
    i.usart_data_receive                     0x08003a74   Section        0  gd32f30x_usart.o(i.usart_data_receive)
    i.usart_data_transmit                    0x08003a7e   Section        0  gd32f30x_usart.o(i.usart_data_transmit)
    i.usart_deinit                           0x08003a88   Section        0  gd32f30x_usart.o(i.usart_deinit)
    i.usart_enable                           0x08003b18   Section        0  gd32f30x_usart.o(i.usart_enable)
    i.usart_flag_get                         0x08003b22   Section        0  gd32f30x_usart.o(i.usart_flag_get)
    i.usart_interrupt_enable                 0x08003b40   Section        0  gd32f30x_usart.o(i.usart_interrupt_enable)
    i.usart_interrupt_flag_clear             0x08003b5a   Section        0  gd32f30x_usart.o(i.usart_interrupt_flag_clear)
    i.usart_interrupt_flag_get               0x08003b6c   Section        0  gd32f30x_usart.o(i.usart_interrupt_flag_get)
    i.usart_receive_config                   0x08003ba4   Section        0  gd32f30x_usart.o(i.usart_receive_config)
    i.usart_transmit_config                  0x08003bb8   Section        0  gd32f30x_usart.o(i.usart_transmit_config)
    .constdata                               0x08003bcc   Section       32  rredf.o(.constdata)
    twooverpi                                0x08003bcc   Data          32  rredf.o(.constdata)
    .data                                    0x20000000   Section        4  main.o(.data)
    .data                                    0x20000004   Section        8  systick.o(.data)
    delay                                    0x20000004   Data           4  systick.o(.data)
    .data                                    0x2000000c   Section        5  uart.o(.data)
    .data                                    0x20000012   Section        4  debug_print_log.o(.data)
    count                                    0x20000012   Data           2  debug_print_log.o(.data)
    count                                    0x20000014   Data           2  debug_print_log.o(.data)
    .data                                    0x20000018   Section        4  system_gd32f30x.o(.data)
    .data                                    0x2000001c   Section      125  gd32f303c_eval.o(.data)
    GPIO_PORT                                0x2000001c   Data          16  gd32f303c_eval.o(.data)
    GPIO_PIN                                 0x2000002c   Data          16  gd32f303c_eval.o(.data)
    COM_CLK                                  0x2000003c   Data           4  gd32f303c_eval.o(.data)
    COM_TX_PIN                               0x20000040   Data           8  gd32f303c_eval.o(.data)
    COM_RX_PIN                               0x20000048   Data           8  gd32f303c_eval.o(.data)
    COM_GPIO_PORT                            0x20000050   Data           8  gd32f303c_eval.o(.data)
    COM_GPIO_CLK                             0x20000058   Data           4  gd32f303c_eval.o(.data)
    GPIO_CLK                                 0x2000005c   Data           8  gd32f303c_eval.o(.data)
    KEY_PORT                                 0x20000064   Data          12  gd32f303c_eval.o(.data)
    KEY_PIN                                  0x20000070   Data          12  gd32f303c_eval.o(.data)
    KEY_CLK                                  0x2000007c   Data           6  gd32f303c_eval.o(.data)
    KEY_EXTI_LINE                            0x20000084   Data          12  gd32f303c_eval.o(.data)
    KEY_PORT_SOURCE                          0x20000090   Data           3  gd32f303c_eval.o(.data)
    KEY_PIN_SOURCE                           0x20000093   Data           3  gd32f303c_eval.o(.data)
    KEY_IRQn                                 0x20000096   Data           3  gd32f303c_eval.o(.data)
    .data                                    0x2000009a   Section        4  as5600_i2c_1.o(.data)
    .data                                    0x200000a0   Section       48  foc.o(.data)
    motor_target                             0x200000c8   Data           4  foc.o(.data)
    received_index                           0x200000cc   Data           4  foc.o(.data)
    .data                                    0x200000d0   Section        4  stdout.o(.data)
    .data                                    0x200000d4   Section        4  errno.o(.data)
    _errno                                   0x200000d4   Data           4  errno.o(.data)
    .bss                                     0x200000d8   Section       20  uart.o(.bss)
    .bss                                     0x200000ec   Section    20000  debug_print_log.o(.bss)
    .bss                                     0x20004f0c   Section    20368  foc.o(.bss)
    received_chars                           0x20009d9c   Data         256  foc.o(.bss)
    STACK                                    0x20009ea0   Section     1024  startup_gd32f30x_hd.o(STACK)

    Global Symbols

    Symbol Name                              Value     Ov Type        Size  Object(Section)

    BuildAttributes$$THM_ISAv4$E$P$D$K$B$S$7EM$VFPi3$EXTD16$VFPS$VFMA$PE$A:L22UL41UL21$X:L11$S22US41US21$IEEE1$IW$USESV6$~STKCKD$USESV7$~SHL$OTIME$ROPI$IEEEX$EBA8$MICROLIB$REQ8$PRES8$EABIv2 0x00000000   Number         0  anon$$obj.o ABSOLUTE
    __ARM_use_no_argv                        0x00000000   Number         0  main.o ABSOLUTE
    _printf_a                                0x00000000   Number         0  stubs.o ABSOLUTE
    _printf_c                                0x00000000   Number         0  stubs.o ABSOLUTE
    _printf_charcount                        0x00000000   Number         0  stubs.o ABSOLUTE
    _printf_d                                0x00000000   Number         0  stubs.o ABSOLUTE
    _printf_e                                0x00000000   Number         0  stubs.o ABSOLUTE
    _printf_f                                0x00000000   Number         0  stubs.o ABSOLUTE
    _printf_flags                            0x00000000   Number         0  stubs.o ABSOLUTE
    _printf_fp_dec                           0x00000000   Number         0  stubs.o ABSOLUTE
    _printf_fp_hex                           0x00000000   Number         0  stubs.o ABSOLUTE
    _printf_g                                0x00000000   Number         0  stubs.o ABSOLUTE
    _printf_i                                0x00000000   Number         0  stubs.o ABSOLUTE
    _printf_int_dec                          0x00000000   Number         0  stubs.o ABSOLUTE
    _printf_l                                0x00000000   Number         0  stubs.o ABSOLUTE
    _printf_lc                               0x00000000   Number         0  stubs.o ABSOLUTE
    _printf_ll                               0x00000000   Number         0  stubs.o ABSOLUTE
    _printf_lld                              0x00000000   Number         0  stubs.o ABSOLUTE
    _printf_lli                              0x00000000   Number         0  stubs.o ABSOLUTE
    _printf_llo                              0x00000000   Number         0  stubs.o ABSOLUTE
    _printf_llu                              0x00000000   Number         0  stubs.o ABSOLUTE
    _printf_llx                              0x00000000   Number         0  stubs.o ABSOLUTE
    _printf_longlong_dec                     0x00000000   Number         0  stubs.o ABSOLUTE
    _printf_longlong_hex                     0x00000000   Number         0  stubs.o ABSOLUTE
    _printf_longlong_oct                     0x00000000   Number         0  stubs.o ABSOLUTE
    _printf_ls                               0x00000000   Number         0  stubs.o ABSOLUTE
    _printf_mbtowc                           0x00000000   Number         0  stubs.o ABSOLUTE
    _printf_n                                0x00000000   Number         0  stubs.o ABSOLUTE
    _printf_o                                0x00000000   Number         0  stubs.o ABSOLUTE
    _printf_p                                0x00000000   Number         0  stubs.o ABSOLUTE
    _printf_percent                          0x00000000   Number         0  stubs.o ABSOLUTE
    _printf_pre_padding                      0x00000000   Number         0  stubs.o ABSOLUTE
    _printf_return_value                     0x00000000   Number         0  stubs.o ABSOLUTE
    _printf_s                                0x00000000   Number         0  stubs.o ABSOLUTE
    _printf_sizespec                         0x00000000   Number         0  stubs.o ABSOLUTE
    _printf_str                              0x00000000   Number         0  stubs.o ABSOLUTE
    _printf_truncate_signed                  0x00000000   Number         0  stubs.o ABSOLUTE
    _printf_truncate_unsigned                0x00000000   Number         0  stubs.o ABSOLUTE
    _printf_u                                0x00000000   Number         0  stubs.o ABSOLUTE
    _printf_wc                               0x00000000   Number         0  stubs.o ABSOLUTE
    _printf_wctomb                           0x00000000   Number         0  stubs.o ABSOLUTE
    _printf_widthprec                        0x00000000   Number         0  stubs.o ABSOLUTE
    _printf_x                                0x00000000   Number         0  stubs.o ABSOLUTE
    __arm_fini_                               - Undefined Weak Reference
    __cpp_initialize__aeabi_                  - Undefined Weak Reference
    __cxa_finalize                            - Undefined Weak Reference
    __decompress                              - Undefined Weak Reference
    _clock_init                               - Undefined Weak Reference
    _microlib_exit                            - Undefined Weak Reference
    __Vectors_Size                           0x00000130   Number         0  startup_gd32f30x_hd.o ABSOLUTE
    __Vectors                                0x08000000   Data           4  startup_gd32f30x_hd.o(RESET)
    __Vectors_End                            0x08000130   Data           0  startup_gd32f30x_hd.o(RESET)
    __main                                   0x08000131   Thumb Code     0  entry.o(.ARM.Collect$$$$00000000)
    _main_stk                                0x08000131   Thumb Code     0  entry2.o(.ARM.Collect$$$$00000001)
    _main_scatterload                        0x08000135   Thumb Code     0  entry5.o(.ARM.Collect$$$$00000004)
    __main_after_scatterload                 0x08000139   Thumb Code     0  entry5.o(.ARM.Collect$$$$00000004)
    _main_clock                              0x08000139   Thumb Code     0  entry7b.o(.ARM.Collect$$$$00000008)
    _main_cpp_init                           0x08000139   Thumb Code     0  entry8b.o(.ARM.Collect$$$$0000000A)
    _main_init                               0x08000139   Thumb Code     0  entry9a.o(.ARM.Collect$$$$0000000B)
    __rt_lib_shutdown_fini                   0x08000141   Thumb Code     0  entry12b.o(.ARM.Collect$$$$0000000E)
    __rt_final_cpp                           0x08000145   Thumb Code     0  entry10a.o(.ARM.Collect$$$$0000000F)
    __rt_final_exit                          0x08000145   Thumb Code     0  entry11a.o(.ARM.Collect$$$$00000011)
    Reset_Handler                            0x08000149   Thumb Code     8  startup_gd32f30x_hd.o(.text)
    ADC0_1_IRQHandler                        0x08000163   Thumb Code     0  startup_gd32f30x_hd.o(.text)
    ADC2_IRQHandler                          0x08000163   Thumb Code     0  startup_gd32f30x_hd.o(.text)
    CAN0_EWMC_IRQHandler                     0x08000163   Thumb Code     0  startup_gd32f30x_hd.o(.text)
    CAN0_RX1_IRQHandler                      0x08000163   Thumb Code     0  startup_gd32f30x_hd.o(.text)
    DMA0_Channel0_IRQHandler                 0x08000163   Thumb Code     0  startup_gd32f30x_hd.o(.text)
    DMA0_Channel1_IRQHandler                 0x08000163   Thumb Code     0  startup_gd32f30x_hd.o(.text)
    DMA0_Channel2_IRQHandler                 0x08000163   Thumb Code     0  startup_gd32f30x_hd.o(.text)
    DMA0_Channel3_IRQHandler                 0x08000163   Thumb Code     0  startup_gd32f30x_hd.o(.text)
    DMA0_Channel4_IRQHandler                 0x08000163   Thumb Code     0  startup_gd32f30x_hd.o(.text)
    DMA0_Channel5_IRQHandler                 0x08000163   Thumb Code     0  startup_gd32f30x_hd.o(.text)
    DMA0_Channel6_IRQHandler                 0x08000163   Thumb Code     0  startup_gd32f30x_hd.o(.text)
    DMA1_Channel0_IRQHandler                 0x08000163   Thumb Code     0  startup_gd32f30x_hd.o(.text)
    DMA1_Channel1_IRQHandler                 0x08000163   Thumb Code     0  startup_gd32f30x_hd.o(.text)
    DMA1_Channel2_IRQHandler                 0x08000163   Thumb Code     0  startup_gd32f30x_hd.o(.text)
    DMA1_Channel3_4_IRQHandler               0x08000163   Thumb Code     0  startup_gd32f30x_hd.o(.text)
    EXMC_IRQHandler                          0x08000163   Thumb Code     0  startup_gd32f30x_hd.o(.text)
    EXTI0_IRQHandler                         0x08000163   Thumb Code     0  startup_gd32f30x_hd.o(.text)
    EXTI10_15_IRQHandler                     0x08000163   Thumb Code     0  startup_gd32f30x_hd.o(.text)
    EXTI1_IRQHandler                         0x08000163   Thumb Code     0  startup_gd32f30x_hd.o(.text)
    EXTI2_IRQHandler                         0x08000163   Thumb Code     0  startup_gd32f30x_hd.o(.text)
    EXTI3_IRQHandler                         0x08000163   Thumb Code     0  startup_gd32f30x_hd.o(.text)
    EXTI4_IRQHandler                         0x08000163   Thumb Code     0  startup_gd32f30x_hd.o(.text)
    EXTI5_9_IRQHandler                       0x08000163   Thumb Code     0  startup_gd32f30x_hd.o(.text)
    FMC_IRQHandler                           0x08000163   Thumb Code     0  startup_gd32f30x_hd.o(.text)
    I2C0_ER_IRQHandler                       0x08000163   Thumb Code     0  startup_gd32f30x_hd.o(.text)
    I2C0_EV_IRQHandler                       0x08000163   Thumb Code     0  startup_gd32f30x_hd.o(.text)
    I2C1_ER_IRQHandler                       0x08000163   Thumb Code     0  startup_gd32f30x_hd.o(.text)
    I2C1_EV_IRQHandler                       0x08000163   Thumb Code     0  startup_gd32f30x_hd.o(.text)
    LVD_IRQHandler                           0x08000163   Thumb Code     0  startup_gd32f30x_hd.o(.text)
    RCU_CTC_IRQHandler                       0x08000163   Thumb Code     0  startup_gd32f30x_hd.o(.text)
    RTC_Alarm_IRQHandler                     0x08000163   Thumb Code     0  startup_gd32f30x_hd.o(.text)
    RTC_IRQHandler                           0x08000163   Thumb Code     0  startup_gd32f30x_hd.o(.text)
    SDIO_IRQHandler                          0x08000163   Thumb Code     0  startup_gd32f30x_hd.o(.text)
    SPI0_IRQHandler                          0x08000163   Thumb Code     0  startup_gd32f30x_hd.o(.text)
    SPI1_IRQHandler                          0x08000163   Thumb Code     0  startup_gd32f30x_hd.o(.text)
    SPI2_IRQHandler                          0x08000163   Thumb Code     0  startup_gd32f30x_hd.o(.text)
    TAMPER_IRQHandler                        0x08000163   Thumb Code     0  startup_gd32f30x_hd.o(.text)
    TIMER0_BRK_IRQHandler                    0x08000163   Thumb Code     0  startup_gd32f30x_hd.o(.text)
    TIMER0_Channel_IRQHandler                0x08000163   Thumb Code     0  startup_gd32f30x_hd.o(.text)
    TIMER0_TRG_CMT_IRQHandler                0x08000163   Thumb Code     0  startup_gd32f30x_hd.o(.text)
    TIMER0_UP_IRQHandler                     0x08000163   Thumb Code     0  startup_gd32f30x_hd.o(.text)
    TIMER1_IRQHandler                        0x08000163   Thumb Code     0  startup_gd32f30x_hd.o(.text)
    TIMER2_IRQHandler                        0x08000163   Thumb Code     0  startup_gd32f30x_hd.o(.text)
    TIMER3_IRQHandler                        0x08000163   Thumb Code     0  startup_gd32f30x_hd.o(.text)
    TIMER4_IRQHandler                        0x08000163   Thumb Code     0  startup_gd32f30x_hd.o(.text)
    TIMER5_IRQHandler                        0x08000163   Thumb Code     0  startup_gd32f30x_hd.o(.text)
    TIMER6_IRQHandler                        0x08000163   Thumb Code     0  startup_gd32f30x_hd.o(.text)
    TIMER7_BRK_IRQHandler                    0x08000163   Thumb Code     0  startup_gd32f30x_hd.o(.text)
    TIMER7_Channel_IRQHandler                0x08000163   Thumb Code     0  startup_gd32f30x_hd.o(.text)
    TIMER7_TRG_CMT_IRQHandler                0x08000163   Thumb Code     0  startup_gd32f30x_hd.o(.text)
    TIMER7_UP_IRQHandler                     0x08000163   Thumb Code     0  startup_gd32f30x_hd.o(.text)
    UART3_IRQHandler                         0x08000163   Thumb Code     0  startup_gd32f30x_hd.o(.text)
    UART4_IRQHandler                         0x08000163   Thumb Code     0  startup_gd32f30x_hd.o(.text)
    USART1_IRQHandler                        0x08000163   Thumb Code     0  startup_gd32f30x_hd.o(.text)
    USART2_IRQHandler                        0x08000163   Thumb Code     0  startup_gd32f30x_hd.o(.text)
    USBD_HP_CAN0_TX_IRQHandler               0x08000163   Thumb Code     0  startup_gd32f30x_hd.o(.text)
    USBD_LP_CAN0_RX0_IRQHandler              0x08000163   Thumb Code     0  startup_gd32f30x_hd.o(.text)
    USBD_WKUP_IRQHandler                     0x08000163   Thumb Code     0  startup_gd32f30x_hd.o(.text)
    WWDGT_IRQHandler                         0x08000163   Thumb Code     0  startup_gd32f30x_hd.o(.text)
    __aeabi_uldivmod                         0x0800016d   Thumb Code    98  uldiv.o(.text)
    __aeabi_f2d                              0x080001cf   Thumb Code    38  f2d.o(.text)
    __aeabi_d2f                              0x080001f5   Thumb Code    56  d2f.o(.text)
    __aeabi_uidiv                            0x0800022d   Thumb Code     0  uidiv.o(.text)
    __aeabi_uidivmod                         0x0800022d   Thumb Code    44  uidiv.o(.text)
    __aeabi_llsl                             0x08000259   Thumb Code    30  llshl.o(.text)
    _ll_shift_l                              0x08000259   Thumb Code     0  llshl.o(.text)
    __aeabi_llsr                             0x08000277   Thumb Code    32  llushr.o(.text)
    _ll_ushift_r                             0x08000277   Thumb Code     0  llushr.o(.text)
    __I$use$fp                               0x08000297   Thumb Code     0  iusefp.o(.text)
    _float_round                             0x08000297   Thumb Code    18  fepilogue.o(.text)
    _float_epilogue                          0x080002a9   Thumb Code    92  fepilogue.o(.text)
    _frem                                    0x08000305   Thumb Code    82  frem.o(.text)
    __aeabi_dadd                             0x08000357   Thumb Code   322  dadd.o(.text)
    __aeabi_dsub                             0x08000499   Thumb Code     6  dadd.o(.text)
    __aeabi_drsub                            0x0800049f   Thumb Code     6  dadd.o(.text)
    __aeabi_dmul                             0x080004a5   Thumb Code   228  dmul.o(.text)
    __aeabi_ddiv                             0x08000589   Thumb Code   222  ddiv.o(.text)
    __aeabi_d2ulz                            0x08000667   Thumb Code    48  dfixul.o(.text)
    __aeabi_cdrcmple                         0x08000699   Thumb Code    48  cdrcmple.o(.text)
    __scatterload                            0x080006c9   Thumb Code    28  init.o(.text)
    __scatterload_rt2                        0x080006c9   Thumb Code     0  init.o(.text)
    __aeabi_lasr                             0x080006ed   Thumb Code    36  llsshr.o(.text)
    _ll_sshift_r                             0x080006ed   Thumb Code     0  llsshr.o(.text)
    _double_round                            0x08000711   Thumb Code    30  depilogue.o(.text)
    _double_epilogue                         0x0800072f   Thumb Code   156  depilogue.o(.text)
    BusFault_Handler                         0x080007cb   Thumb Code     4  gd32f30x_it.o(i.BusFault_Handler)
    DFOC_M0_SET_VEL_PID                      0x080007d1   Thumb Code    20  foc.o(i.DFOC_M0_SET_VEL_PID)
    DFOC_M0_VEL_PID                          0x080007e9   Thumb Code    26  foc.o(i.DFOC_M0_VEL_PID)
    DFOC_M0_Velocity                         0x08000809   Thumb Code    96  foc.o(i.DFOC_M0_Velocity)
    DFOC_M0_setVelocity                      0x08000879   Thumb Code   124  foc.o(i.DFOC_M0_setVelocity)
    DFOC_Vbus                                0x080008fd   Thumb Code   144  foc.o(i.DFOC_Vbus)
    DebugMon_Handler                         0x080009b9   Thumb Code     2  gd32f30x_it.o(i.DebugMon_Handler)
    DebugPrint_log                           0x080009bd   Thumb Code    92  debug_print_log.o(i.DebugPrint_log)
    HardFault_Handler                        0x08000a35   Thumb Code     4  gd32f30x_it.o(i.HardFault_Handler)
    LowPassFilter_Init                       0x08000a39   Thumb Code    36  lowpass_filter_1.o(i.LowPassFilter_Init)
    LowPassFilter_Update                     0x08000a61   Thumb Code   198  lowpass_filter_1.o(i.LowPassFilter_Update)
    MemManage_Handler                        0x08000b39   Thumb Code     4  gd32f30x_it.o(i.MemManage_Handler)
    Moto0_U_Enable                           0x08000b3d   Thumb Code     8  timer.o(i.Moto0_U_Enable)
    Moto1_U_Set_Val                          0x08000b49   Thumb Code    16  timer.o(i.Moto1_U_Set_Val)
    Moto1_V_Set_Val                          0x08000b59   Thumb Code    16  timer.o(i.Moto1_V_Set_Val)
    Moto1_W_Set_Val                          0x08000b69   Thumb Code    18  timer.o(i.Moto1_W_Set_Val)
    NMI_Handler                              0x08000b7b   Thumb Code     2  gd32f30x_it.o(i.NMI_Handler)
    PIDController_Init                       0x08000ba5   Thumb Code    84  pid_1.o(i.PIDController_Init)
    PIDController_Update                     0x08000bfd   Thumb Code   410  pid_1.o(i.PIDController_Update)
    PendSV_Handler                           0x08000da1   Thumb Code     2  gd32f30x_it.o(i.PendSV_Handler)
    RecordPrintLog                           0x08000da5   Thumb Code   202  debug_print_log.o(i.RecordPrintLog)
    SVC_Handler                              0x08000e9d   Thumb Code     2  gd32f30x_it.o(i.SVC_Handler)
    Sensor_AS5600_GetMechanicalAngle         0x08000e9f   Thumb Code     6  as5600_i2c_1.o(i.Sensor_AS5600_GetMechanicalAngle)
    Sensor_AS5600_GetSensorAngle             0x08000ea5   Thumb Code    24  as5600_i2c_1.o(i.Sensor_AS5600_GetSensorAngle)
    Sensor_AS5600_GetVelocity                0x08000ebd   Thumb Code   218  as5600_i2c_1.o(i.Sensor_AS5600_GetVelocity)
    Sensor_AS5600_Init                       0x08000fa5   Thumb Code    30  as5600_i2c_1.o(i.Sensor_AS5600_Init)
    Sensor_AS5600_SensorInit                 0x08000fc9   Thumb Code    74  as5600_i2c_1.o(i.Sensor_AS5600_SensorInit)
    Sensor_AS5600_Update                     0x08001015   Thumb Code   150  as5600_i2c_1.o(i.Sensor_AS5600_Update)
    SysTick_Handler                          0x080010b5   Thumb Code    18  gd32f30x_it.o(i.SysTick_Handler)
    SystemInit                               0x080010cd   Thumb Code   316  system_gd32f30x.o(i.SystemInit)
    USART0_IRQHandler                        0x08001215   Thumb Code    54  gd32f30x_it.o(i.USART0_IRQHandler)
    Uart_Init                                0x0800125d   Thumb Code    32  uart.o(i.Uart_Init)
    UsageFault_Handler                       0x08001281   Thumb Code     4  gd32f30x_it.o(i.UsageFault_Handler)
    __0printf                                0x08001285   Thumb Code    22  printfa.o(i.__0printf)
    __1printf                                0x08001285   Thumb Code     0  printfa.o(i.__0printf)
    __2printf                                0x08001285   Thumb Code     0  printfa.o(i.__0printf)
    __c89printf                              0x08001285   Thumb Code     0  printfa.o(i.__0printf)
    printf                                   0x08001285   Thumb Code     0  printfa.o(i.__0printf)
    __ARM_fpclassifyf                        0x080012a5   Thumb Code    38  fpclassifyf.o(i.__ARM_fpclassifyf)
    __hardfp_cosf                            0x080012cd   Thumb Code   280  cosf.o(i.__hardfp_cosf)
    __hardfp_fmodf                           0x0800141d   Thumb Code   176  fmodf.o(i.__hardfp_fmodf)
    __hardfp_sinf                            0x080014cd   Thumb Code   344  sinf.o(i.__hardfp_sinf)
    __hardfp_sqrtf                           0x0800165d   Thumb Code    58  sqrtf.o(i.__hardfp_sqrtf)
    __mathlib_flt_infnan                     0x08001697   Thumb Code     6  funder.o(i.__mathlib_flt_infnan)
    __mathlib_flt_invalid                    0x0800169d   Thumb Code    10  funder.o(i.__mathlib_flt_invalid)
    __mathlib_flt_underflow                  0x080016ad   Thumb Code    10  funder.o(i.__mathlib_flt_underflow)
    __mathlib_rredf2                         0x080016bd   Thumb Code   316  rredf.o(i.__mathlib_rredf2)
    __scatterload_copy                       0x08001811   Thumb Code    14  handlers.o(i.__scatterload_copy)
    __scatterload_null                       0x0800181f   Thumb Code     2  handlers.o(i.__scatterload_null)
    __scatterload_zeroinit                   0x08001821   Thumb Code    14  handlers.o(i.__scatterload_zeroinit)
    __set_errno                              0x08001831   Thumb Code     6  errno.o(i.__set_errno)
    _electricalAngle_speed                   0x0800183d   Thumb Code    58  foc.o(i._electricalAngle_speed)
    _micros                                  0x08001a0d   Thumb Code    82  systick.o(i._micros)
    _normalizeAngle_speed                    0x08001a6d   Thumb Code    64  foc.o(i._normalizeAngle_speed)
    as5600_check_magnet                      0x080021d7   Thumb Code    14  as5600_i2c_1.o(i.as5600_check_magnet)
    as5600_i2c_init                          0x080021e5   Thumb Code    82  as5600_i2c_1.o(i.as5600_i2c_init)
    as5600_read_angle_degree                 0x08002245   Thumb Code    46  as5600_i2c_1.o(i.as5600_read_angle_degree)
    as5600_read_raw_angle                    0x0800227d   Thumb Code    10  as5600_i2c_1.o(i.as5600_read_raw_angle)
    as5600_read_status                       0x080026e5   Thumb Code    10  as5600_i2c_1.o(i.as5600_read_status)
    delay_1ms                                0x080026f1   Thumb Code    16  systick.o(i.delay_1ms)
    delay_decrement                          0x08002705   Thumb Code    18  systick.o(i.delay_decrement)
    fputc                                    0x0800271d   Thumb Code    32  uart.o(i.fputc)
    gd_eval_com_init                         0x08002741   Thumb Code   122  gd32f303c_eval.o(i.gd_eval_com_init)
    gpio_config                              0x080027d9   Thumb Code    72  gpio.o(i.gpio_config)
    gpio_init                                0x08002829   Thumb Code   188  gd32f30x_gpio.o(i.gpio_init)
    i2c_ack_config                           0x080028e5   Thumb Code    16  gd32f30x_i2c.o(i.i2c_ack_config)
    i2c_ackpos_config                        0x080028f5   Thumb Code    16  gd32f30x_i2c.o(i.i2c_ackpos_config)
    i2c_clock_config                         0x08002905   Thumb Code   306  gd32f30x_i2c.o(i.i2c_clock_config)
    i2c_data_receive                         0x08002a45   Thumb Code     8  gd32f30x_i2c.o(i.i2c_data_receive)
    i2c_data_transmit                        0x08002a4d   Thumb Code     6  gd32f30x_i2c.o(i.i2c_data_transmit)
    i2c_enable                               0x08002a53   Thumb Code    10  gd32f30x_i2c.o(i.i2c_enable)
    i2c_flag_clear                           0x08002a5d   Thumb Code    40  gd32f30x_i2c.o(i.i2c_flag_clear)
    i2c_flag_get                             0x08002a85   Thumb Code    30  gd32f30x_i2c.o(i.i2c_flag_get)
    i2c_master_addressing                    0x08002aa3   Thumb Code    20  gd32f30x_i2c.o(i.i2c_master_addressing)
    i2c_mode_addr_config                     0x08002ab7   Thumb Code    28  gd32f30x_i2c.o(i.i2c_mode_addr_config)
    i2c_start_on_bus                         0x08002ad3   Thumb Code    10  gd32f30x_i2c.o(i.i2c_start_on_bus)
    i2c_stop_on_bus                          0x08002add   Thumb Code    10  gd32f30x_i2c.o(i.i2c_stop_on_bus)
    main                                     0x08002ae9   Thumb Code   206  main.o(i.main)
    nvic_irq_enable                          0x08002c21   Thumb Code   186  gd32f30x_misc.o(i.nvic_irq_enable)
    nvic_priority_group_set                  0x08002ce5   Thumb Code    10  gd32f30x_misc.o(i.nvic_priority_group_set)
    rcu_clock_freq_get                       0x08002cf9   Thumb Code   310  gd32f30x_rcu.o(i.rcu_clock_freq_get)
    rcu_periph_clock_enable                  0x08002e51   Thumb Code    28  gd32f30x_rcu.o(i.rcu_periph_clock_enable)
    rcu_periph_reset_disable                 0x08002e71   Thumb Code    28  gd32f30x_rcu.o(i.rcu_periph_reset_disable)
    rcu_periph_reset_enable                  0x08002e91   Thumb Code    28  gd32f30x_rcu.o(i.rcu_periph_reset_enable)
    setPwm_speed                             0x08002eb1   Thumb Code   496  foc.o(i.setPwm_speed)
    setTorque                                0x080030b1   Thumb Code   332  foc.o(i.setTorque)
    systick_config                           0x0800333d   Thumb Code    74  systick.o(i.systick_config)
    timer0_config                            0x0800338d   Thumb Code   230  timer.o(i.timer0_config)
    timer1_config                            0x08003479   Thumb Code   244  timer.o(i.timer1_config)
    timer_auto_reload_shadow_enable          0x0800356d   Thumb Code    10  gd32f30x_timer.o(i.timer_auto_reload_shadow_enable)
    timer_channel_output_config              0x08003579   Thumb Code   484  gd32f30x_timer.o(i.timer_channel_output_config)
    timer_channel_output_mode_config         0x08003765   Thumb Code    90  gd32f30x_timer.o(i.timer_channel_output_mode_config)
    timer_channel_output_pulse_value_config  0x080037bf   Thumb Code    38  gd32f30x_timer.o(i.timer_channel_output_pulse_value_config)
    timer_channel_output_shadow_config       0x080037e5   Thumb Code    90  gd32f30x_timer.o(i.timer_channel_output_shadow_config)
    timer_config                             0x0800383f   Thumb Code    12  timer.o(i.timer_config)
    timer_deinit                             0x0800384d   Thumb Code   210  gd32f30x_timer.o(i.timer_deinit)
    timer_enable                             0x08003929   Thumb Code    10  gd32f30x_timer.o(i.timer_enable)
    timer_init                               0x08003935   Thumb Code   122  gd32f30x_timer.o(i.timer_init)
    timer_primary_output_config              0x080039cd   Thumb Code    24  gd32f30x_timer.o(i.timer_primary_output_config)
    usart_baudrate_set                       0x080039e5   Thumb Code   136  gd32f30x_usart.o(i.usart_baudrate_set)
    usart_data_receive                       0x08003a75   Thumb Code    10  gd32f30x_usart.o(i.usart_data_receive)
    usart_data_transmit                      0x08003a7f   Thumb Code     8  gd32f30x_usart.o(i.usart_data_transmit)
    usart_deinit                             0x08003a89   Thumb Code   136  gd32f30x_usart.o(i.usart_deinit)
    usart_enable                             0x08003b19   Thumb Code    10  gd32f30x_usart.o(i.usart_enable)
    usart_flag_get                           0x08003b23   Thumb Code    30  gd32f30x_usart.o(i.usart_flag_get)
    usart_interrupt_enable                   0x08003b41   Thumb Code    26  gd32f30x_usart.o(i.usart_interrupt_enable)
    usart_interrupt_flag_clear               0x08003b5b   Thumb Code    18  gd32f30x_usart.o(i.usart_interrupt_flag_clear)
    usart_interrupt_flag_get                 0x08003b6d   Thumb Code    56  gd32f30x_usart.o(i.usart_interrupt_flag_get)
    usart_receive_config                     0x08003ba5   Thumb Code    20  gd32f30x_usart.o(i.usart_receive_config)
    usart_transmit_config                    0x08003bb9   Thumb Code    20  gd32f30x_usart.o(i.usart_transmit_config)
    Region$$Table$$Base                      0x08003bec   Number         0  anon$$obj.o(Region$$Table)
    Region$$Table$$Limit                     0x08003c0c   Number         0  anon$$obj.o(Region$$Table)
    set_lowpass_para                         0x20000000   Data           4  main.o(.data)
    sysTickUptime                            0x20000008   Data           4  systick.o(.data)
    tx_counter                               0x2000000c   Data           2  uart.o(.data)
    rx_counter                               0x2000000e   Data           2  uart.o(.data)
    transfer_status                          0x20000010   Data           1  uart.o(.data)
    SystemCoreClock                          0x20000018   Data           4  system_gd32f30x.o(.data)
    g_retry_cnt                              0x2000009a   Data           2  as5600_i2c_1.o(.data)
    g_timeout                                0x2000009c   Data           2  as5600_i2c_1.o(.data)
    voltage_power_supply_speed               0x200000a0   Data           4  foc.o(.data)
    Ualpha_speed                             0x200000a4   Data           4  foc.o(.data)
    Ubeta_speed                              0x200000a8   Data           4  foc.o(.data)
    Ua_speed                                 0x200000ac   Data           4  foc.o(.data)
    Ub_speed                                 0x200000b0   Data           4  foc.o(.data)
    Uc_speed                                 0x200000b4   Data           4  foc.o(.data)
    zero_electric_angle_speed                0x200000b8   Data           4  foc.o(.data)
    Motor_PP                                 0x200000bc   Data           4  foc.o(.data)
    Sensor_DIR                               0x200000c0   Data           4  foc.o(.data)
    g_start_flag                             0x200000c4   Data           1  foc.o(.data)
    __stdout                                 0x200000d0   Data           4  stdout.o(.data)
    tx_buffer                                0x200000d8   Data          10  uart.o(.bss)
    rx_buffer                                0x200000e2   Data          10  uart.o(.bss)
    Record_Buffer                            0x200000ec   Data       20000  debug_print_log.o(.bss)
    g_print_buffer                           0x20004f0c   Data       20000  foc.o(.bss)
    M0_Vel_Flt                               0x20009d2c   Data          12  foc.o(.bss)
    vel_loop_M0                              0x20009d38   Data          36  foc.o(.bss)
    angle_loop_M0                            0x20009d5c   Data          36  foc.o(.bss)
    S0                                       0x20009d80   Data          28  foc.o(.bss)
    __initial_sp                             0x2000a2a0   Data           0  startup_gd32f30x_hd.o(STACK)



==============================================================================

Memory Map of the image

  Image Entry point : 0x08000131

  Load Region LR_IROM1 (Base: 0x08000000, Size: 0x00003ce4, Max: 0x00040000, ABSOLUTE)

    Execution Region ER_IROM1 (Exec base: 0x08000000, Load base: 0x08000000, Size: 0x00003c0c, Max: 0x00040000, ABSOLUTE)

    Exec Addr    Load Addr    Size         Type   Attr      Idx    E Section Name        Object

    0x08000000   0x08000000   0x00000130   Data   RO         4723    RESET               startup_gd32f30x_hd.o
    0x08000130   0x08000130   0x00000000   Code   RO         5052  * .ARM.Collect$$$$00000000  mc_w.l(entry.o)
    0x08000130   0x08000130   0x00000004   Code   RO         5343    .ARM.Collect$$$$00000001  mc_w.l(entry2.o)
    0x08000134   0x08000134   0x00000004   Code   RO         5346    .ARM.Collect$$$$00000004  mc_w.l(entry5.o)
    0x08000138   0x08000138   0x00000000   Code   RO         5348    .ARM.Collect$$$$00000008  mc_w.l(entry7b.o)
    0x08000138   0x08000138   0x00000000   Code   RO         5350    .ARM.Collect$$$$0000000A  mc_w.l(entry8b.o)
    0x08000138   0x08000138   0x00000008   Code   RO         5351    .ARM.Collect$$$$0000000B  mc_w.l(entry9a.o)
    0x08000140   0x08000140   0x00000004   Code   RO         5358    .ARM.Collect$$$$0000000E  mc_w.l(entry12b.o)
    0x08000144   0x08000144   0x00000000   Code   RO         5353    .ARM.Collect$$$$0000000F  mc_w.l(entry10a.o)
    0x08000144   0x08000144   0x00000000   Code   RO         5355    .ARM.Collect$$$$00000011  mc_w.l(entry11a.o)
    0x08000144   0x08000144   0x00000004   Code   RO         5344    .ARM.Collect$$$$00002712  mc_w.l(entry2.o)
    0x08000148   0x08000148   0x00000024   Code   RO         4724    .text               startup_gd32f30x_hd.o
    0x0800016c   0x0800016c   0x00000062   Code   RO         5055    .text               mc_w.l(uldiv.o)
    0x080001ce   0x080001ce   0x00000026   Code   RO         5318    .text               mf_w.l(f2d.o)
    0x080001f4   0x080001f4   0x00000038   Code   RO         5322    .text               mf_w.l(d2f.o)
    0x0800022c   0x0800022c   0x0000002c   Code   RO         5360    .text               mc_w.l(uidiv.o)
    0x08000258   0x08000258   0x0000001e   Code   RO         5362    .text               mc_w.l(llshl.o)
    0x08000276   0x08000276   0x00000020   Code   RO         5364    .text               mc_w.l(llushr.o)
    0x08000296   0x08000296   0x00000000   Code   RO         5373    .text               mc_w.l(iusefp.o)
    0x08000296   0x08000296   0x0000006e   Code   RO         5374    .text               mf_w.l(fepilogue.o)
    0x08000304   0x08000304   0x00000052   Code   RO         5376    .text               mf_w.l(frem.o)
    0x08000356   0x08000356   0x0000014e   Code   RO         5378    .text               mf_w.l(dadd.o)
    0x080004a4   0x080004a4   0x000000e4   Code   RO         5380    .text               mf_w.l(dmul.o)
    0x08000588   0x08000588   0x000000de   Code   RO         5382    .text               mf_w.l(ddiv.o)
    0x08000666   0x08000666   0x00000030   Code   RO         5384    .text               mf_w.l(dfixul.o)
    0x08000696   0x08000696   0x00000002   PAD
    0x08000698   0x08000698   0x00000030   Code   RO         5386    .text               mf_w.l(cdrcmple.o)
    0x080006c8   0x080006c8   0x00000024   Code   RO         5388    .text               mc_w.l(init.o)
    0x080006ec   0x080006ec   0x00000024   Code   RO         5390    .text               mc_w.l(llsshr.o)
    0x08000710   0x08000710   0x000000ba   Code   RO         5392    .text               mf_w.l(depilogue.o)
    0x080007ca   0x080007ca   0x00000004   Code   RO          171    i.BusFault_Handler  gd32f30x_it.o
    0x080007ce   0x080007ce   0x00000002   PAD
    0x080007d0   0x080007d0   0x00000018   Code   RO         4891    i.DFOC_M0_SET_VEL_PID  foc.o
    0x080007e8   0x080007e8   0x00000020   Code   RO         4892    i.DFOC_M0_VEL_PID   foc.o
    0x08000808   0x08000808   0x00000070   Code   RO         4893    i.DFOC_M0_Velocity  foc.o
    0x08000878   0x08000878   0x00000084   Code   RO         4895    i.DFOC_M0_setVelocity  foc.o
    0x080008fc   0x080008fc   0x000000bc   Code   RO         4898    i.DFOC_Vbus         foc.o
    0x080009b8   0x080009b8   0x00000002   Code   RO          172    i.DebugMon_Handler  gd32f30x_it.o
    0x080009ba   0x080009ba   0x00000002   PAD
    0x080009bc   0x080009bc   0x00000078   Code   RO          564    i.DebugPrint_log    debug_print_log.o
    0x08000a34   0x08000a34   0x00000004   Code   RO          173    i.HardFault_Handler  gd32f30x_it.o
    0x08000a38   0x08000a38   0x00000028   Code   RO         4836    i.LowPassFilter_Init  lowpass_filter_1.o
    0x08000a60   0x08000a60   0x000000d8   Code   RO         4837    i.LowPassFilter_Update  lowpass_filter_1.o
    0x08000b38   0x08000b38   0x00000004   Code   RO          174    i.MemManage_Handler  gd32f30x_it.o
    0x08000b3c   0x08000b3c   0x0000000c   Code   RO          322    i.Moto0_U_Enable    timer.o
    0x08000b48   0x08000b48   0x00000010   Code   RO          338    i.Moto1_U_Set_Val   timer.o
    0x08000b58   0x08000b58   0x00000010   Code   RO          343    i.Moto1_V_Set_Val   timer.o
    0x08000b68   0x08000b68   0x00000012   Code   RO          348    i.Moto1_W_Set_Val   timer.o
    0x08000b7a   0x08000b7a   0x00000002   Code   RO          175    i.NMI_Handler       gd32f30x_it.o
    0x08000b7c   0x08000b7c   0x00000028   Code   RO          249    i.NVIC_SetPriority  systick.o
    0x08000ba4   0x08000ba4   0x00000058   Code   RO         4862    i.PIDController_Init  pid_1.o
    0x08000bfc   0x08000bfc   0x000001a4   Code   RO         4863    i.PIDController_Update  pid_1.o
    0x08000da0   0x08000da0   0x00000002   Code   RO          176    i.PendSV_Handler    gd32f30x_it.o
    0x08000da2   0x08000da2   0x00000002   PAD
    0x08000da4   0x08000da4   0x000000f8   Code   RO          565    i.RecordPrintLog    debug_print_log.o
    0x08000e9c   0x08000e9c   0x00000002   Code   RO          177    i.SVC_Handler       gd32f30x_it.o
    0x08000e9e   0x08000e9e   0x00000006   Code   RO         4731    i.Sensor_AS5600_GetMechanicalAngle  as5600_i2c_1.o
    0x08000ea4   0x08000ea4   0x00000018   Code   RO         4732    i.Sensor_AS5600_GetSensorAngle  as5600_i2c_1.o
    0x08000ebc   0x08000ebc   0x000000e8   Code   RO         4733    i.Sensor_AS5600_GetVelocity  as5600_i2c_1.o
    0x08000fa4   0x08000fa4   0x00000024   Code   RO         4734    i.Sensor_AS5600_Init  as5600_i2c_1.o
    0x08000fc8   0x08000fc8   0x0000004a   Code   RO         4735    i.Sensor_AS5600_SensorInit  as5600_i2c_1.o
    0x08001012   0x08001012   0x00000002   PAD
    0x08001014   0x08001014   0x000000a0   Code   RO         4736    i.Sensor_AS5600_Update  as5600_i2c_1.o
    0x080010b4   0x080010b4   0x00000018   Code   RO          178    i.SysTick_Handler   gd32f30x_it.o
    0x080010cc   0x080010cc   0x00000148   Code   RO          595    i.SystemInit        system_gd32f30x.o
    0x08001214   0x08001214   0x00000048   Code   RO          179    i.USART0_IRQHandler  gd32f30x_it.o
    0x0800125c   0x0800125c   0x00000024   Code   RO          531    i.Uart_Init         uart.o
    0x08001280   0x08001280   0x00000004   Code   RO          180    i.UsageFault_Handler  gd32f30x_it.o
    0x08001284   0x08001284   0x00000020   Code   RO         5290    i.__0printf         mc_w.l(printfa.o)
    0x080012a4   0x080012a4   0x00000026   Code   RO         5324    i.__ARM_fpclassifyf  m_wm.l(fpclassifyf.o)
    0x080012ca   0x080012ca   0x00000002   PAD
    0x080012cc   0x080012cc   0x00000150   Code   RO         5004    i.__hardfp_cosf     m_wm.l(cosf.o)
    0x0800141c   0x0800141c   0x000000b0   Code   RO         5016    i.__hardfp_fmodf    m_wm.l(fmodf.o)
    0x080014cc   0x080014cc   0x00000190   Code   RO         5028    i.__hardfp_sinf     m_wm.l(sinf.o)
    0x0800165c   0x0800165c   0x0000003a   Code   RO         5040    i.__hardfp_sqrtf    m_wm.l(sqrtf.o)
    0x08001696   0x08001696   0x00000006   Code   RO         5327    i.__mathlib_flt_infnan  m_wm.l(funder.o)
    0x0800169c   0x0800169c   0x00000010   Code   RO         5329    i.__mathlib_flt_invalid  m_wm.l(funder.o)
    0x080016ac   0x080016ac   0x00000010   Code   RO         5332    i.__mathlib_flt_underflow  m_wm.l(funder.o)
    0x080016bc   0x080016bc   0x00000154   Code   RO         5340    i.__mathlib_rredf2  m_wm.l(rredf.o)
    0x08001810   0x08001810   0x0000000e   Code   RO         5396    i.__scatterload_copy  mc_w.l(handlers.o)
    0x0800181e   0x0800181e   0x00000002   Code   RO         5397    i.__scatterload_null  mc_w.l(handlers.o)
    0x08001820   0x08001820   0x0000000e   Code   RO         5398    i.__scatterload_zeroinit  mc_w.l(handlers.o)
    0x0800182e   0x0800182e   0x00000002   PAD
    0x08001830   0x08001830   0x0000000c   Code   RO         5368    i.__set_errno       mc_w.l(errno.o)
    0x0800183c   0x0800183c   0x0000004c   Code   RO         4900    i._electricalAngle_speed  foc.o
    0x08001888   0x08001888   0x00000184   Code   RO         5297    i._fp_digits        mc_w.l(printfa.o)
    0x08001a0c   0x08001a0c   0x00000060   Code   RO          250    i._micros           systick.o
    0x08001a6c   0x08001a6c   0x00000048   Code   RO         4901    i._normalizeAngle_speed  foc.o
    0x08001ab4   0x08001ab4   0x000006b4   Code   RO         5298    i._printf_core      mc_w.l(printfa.o)
    0x08002168   0x08002168   0x00000024   Code   RO         5299    i._printf_post_padding  mc_w.l(printfa.o)
    0x0800218c   0x0800218c   0x0000002e   Code   RO         5300    i._printf_pre_padding  mc_w.l(printfa.o)
    0x080021ba   0x080021ba   0x0000001c   Code   RO          596    i._soft_delay_      system_gd32f30x.o
    0x080021d6   0x080021d6   0x0000000e   Code   RO         4737    i.as5600_check_magnet  as5600_i2c_1.o
    0x080021e4   0x080021e4   0x00000060   Code   RO         4738    i.as5600_i2c_init   as5600_i2c_1.o
    0x08002244   0x08002244   0x00000038   Code   RO         4739    i.as5600_read_angle_degree  as5600_i2c_1.o
    0x0800227c   0x0800227c   0x0000000a   Code   RO         4740    i.as5600_read_raw_angle  as5600_i2c_1.o
    0x08002286   0x08002286   0x00000002   PAD
    0x08002288   0x08002288   0x000001f4   Code   RO         4741    i.as5600_read_reg   as5600_i2c_1.o
    0x0800247c   0x0800247c   0x00000268   Code   RO         4742    i.as5600_read_reg16  as5600_i2c_1.o
    0x080026e4   0x080026e4   0x0000000a   Code   RO         4743    i.as5600_read_status  as5600_i2c_1.o
    0x080026ee   0x080026ee   0x00000002   PAD
    0x080026f0   0x080026f0   0x00000014   Code   RO          251    i.delay_1ms         systick.o
    0x08002704   0x08002704   0x00000018   Code   RO          252    i.delay_decrement   systick.o
    0x0800271c   0x0800271c   0x00000024   Code   RO          532    i.fputc             uart.o
    0x08002740   0x08002740   0x00000098   Code   RO         4665    i.gd_eval_com_init  gd32f303c_eval.o
    0x080027d8   0x080027d8   0x00000050   Code   RO          299    i.gpio_config       gpio.o
    0x08002828   0x08002828   0x000000bc   Code   RO         2433    i.gpio_init         gd32f30x_gpio.o
    0x080028e4   0x080028e4   0x00000010   Code   RO         2553    i.i2c_ack_config    gd32f30x_i2c.o
    0x080028f4   0x080028f4   0x00000010   Code   RO         2554    i.i2c_ackpos_config  gd32f30x_i2c.o
    0x08002904   0x08002904   0x00000140   Code   RO         2555    i.i2c_clock_config  gd32f30x_i2c.o
    0x08002a44   0x08002a44   0x00000008   Code   RO         2556    i.i2c_data_receive  gd32f30x_i2c.o
    0x08002a4c   0x08002a4c   0x00000006   Code   RO         2557    i.i2c_data_transmit  gd32f30x_i2c.o
    0x08002a52   0x08002a52   0x0000000a   Code   RO         2564    i.i2c_enable        gd32f30x_i2c.o
    0x08002a5c   0x08002a5c   0x00000028   Code   RO         2565    i.i2c_flag_clear    gd32f30x_i2c.o
    0x08002a84   0x08002a84   0x0000001e   Code   RO         2566    i.i2c_flag_get      gd32f30x_i2c.o
    0x08002aa2   0x08002aa2   0x00000014   Code   RO         2571    i.i2c_master_addressing  gd32f30x_i2c.o
    0x08002ab6   0x08002ab6   0x0000001c   Code   RO         2572    i.i2c_mode_addr_config  gd32f30x_i2c.o
    0x08002ad2   0x08002ad2   0x0000000a   Code   RO         2581    i.i2c_start_on_bus  gd32f30x_i2c.o
    0x08002adc   0x08002adc   0x0000000a   Code   RO         2582    i.i2c_stop_on_bus   gd32f30x_i2c.o
    0x08002ae6   0x08002ae6   0x00000002   PAD
    0x08002ae8   0x08002ae8   0x00000138   Code   RO            3    i.main              main.o
    0x08002c20   0x08002c20   0x000000c4   Code   RO         2757    i.nvic_irq_enable   gd32f30x_misc.o
    0x08002ce4   0x08002ce4   0x00000014   Code   RO         2758    i.nvic_priority_group_set  gd32f30x_misc.o
    0x08002cf8   0x08002cf8   0x00000158   Code   RO         2962    i.rcu_clock_freq_get  gd32f30x_rcu.o
    0x08002e50   0x08002e50   0x00000020   Code   RO         2980    i.rcu_periph_clock_enable  gd32f30x_rcu.o
    0x08002e70   0x08002e70   0x00000020   Code   RO         2983    i.rcu_periph_reset_disable  gd32f30x_rcu.o
    0x08002e90   0x08002e90   0x00000020   Code   RO         2984    i.rcu_periph_reset_enable  gd32f30x_rcu.o
    0x08002eb0   0x08002eb0   0x00000200   Code   RO         4902    i.setPwm_speed      foc.o
    0x080030b0   0x080030b0   0x00000168   Code   RO         4903    i.setTorque         foc.o
    0x08003218   0x08003218   0x0000011c   Code   RO          598    i.system_clock_120m_hxtal  system_gd32f30x.o
    0x08003334   0x08003334   0x00000008   Code   RO          599    i.system_clock_config  system_gd32f30x.o
    0x0800333c   0x0800333c   0x00000050   Code   RO          253    i.systick_config    systick.o
    0x0800338c   0x0800338c   0x000000ec   Code   RO          349    i.timer0_config     timer.o
    0x08003478   0x08003478   0x000000f4   Code   RO          350    i.timer1_config     timer.o
    0x0800356c   0x0800356c   0x0000000a   Code   RO         3850    i.timer_auto_reload_shadow_enable  gd32f30x_timer.o
    0x08003576   0x08003576   0x00000002   PAD
    0x08003578   0x08003578   0x000001ec   Code   RO         3867    i.timer_channel_output_config  gd32f30x_timer.o
    0x08003764   0x08003764   0x0000005a   Code   RO         3869    i.timer_channel_output_mode_config  gd32f30x_timer.o
    0x080037be   0x080037be   0x00000026   Code   RO         3871    i.timer_channel_output_pulse_value_config  gd32f30x_timer.o
    0x080037e4   0x080037e4   0x0000005a   Code   RO         3872    i.timer_channel_output_shadow_config  gd32f30x_timer.o
    0x0800383e   0x0800383e   0x0000000c   Code   RO          351    i.timer_config      timer.o
    0x0800384a   0x0800384a   0x00000002   PAD
    0x0800384c   0x0800384c   0x000000dc   Code   RO         3880    i.timer_deinit      gd32f30x_timer.o
    0x08003928   0x08003928   0x0000000a   Code   RO         3885    i.timer_enable      gd32f30x_timer.o
    0x08003932   0x08003932   0x00000002   PAD
    0x08003934   0x08003934   0x00000098   Code   RO         3895    i.timer_init        gd32f30x_timer.o
    0x080039cc   0x080039cc   0x00000018   Code   RO         3910    i.timer_primary_output_config  gd32f30x_timer.o
    0x080039e4   0x080039e4   0x00000090   Code   RO         4293    i.usart_baudrate_set  gd32f30x_usart.o
    0x08003a74   0x08003a74   0x0000000a   Code   RO         4296    i.usart_data_receive  gd32f30x_usart.o
    0x08003a7e   0x08003a7e   0x00000008   Code   RO         4297    i.usart_data_transmit  gd32f30x_usart.o
    0x08003a86   0x08003a86   0x00000002   PAD
    0x08003a88   0x08003a88   0x00000090   Code   RO         4298    i.usart_deinit      gd32f30x_usart.o
    0x08003b18   0x08003b18   0x0000000a   Code   RO         4302    i.usart_enable      gd32f30x_usart.o
    0x08003b22   0x08003b22   0x0000001e   Code   RO         4304    i.usart_flag_get    gd32f30x_usart.o
    0x08003b40   0x08003b40   0x0000001a   Code   RO         4311    i.usart_interrupt_enable  gd32f30x_usart.o
    0x08003b5a   0x08003b5a   0x00000012   Code   RO         4312    i.usart_interrupt_flag_clear  gd32f30x_usart.o
    0x08003b6c   0x08003b6c   0x00000038   Code   RO         4313    i.usart_interrupt_flag_get  gd32f30x_usart.o
    0x08003ba4   0x08003ba4   0x00000014   Code   RO         4326    i.usart_receive_config  gd32f30x_usart.o
    0x08003bb8   0x08003bb8   0x00000014   Code   RO         4340    i.usart_transmit_config  gd32f30x_usart.o
    0x08003bcc   0x08003bcc   0x00000020   Data   RO         5341    .constdata          m_wm.l(rredf.o)
    0x08003bec   0x08003bec   0x00000020   Data   RO         5394    Region$$Table       anon$$obj.o


    Execution Region RW_IRAM1 (Exec base: 0x20000000, Load base: 0x08003c0c, Size: 0x0000a2a0, Max: 0x0000c000, ABSOLUTE)

    Exec Addr    Load Addr    Size         Type   Attr      Idx    E Section Name        Object

    0x20000000   0x08003c0c   0x00000004   Data   RW            4    .data               main.o
    0x20000004   0x08003c10   0x00000008   Data   RW          254    .data               systick.o
    0x2000000c   0x08003c18   0x00000005   Data   RW          534    .data               uart.o
    0x20000011   0x08003c1d   0x00000001   PAD
    0x20000012   0x08003c1e   0x00000004   Data   RW          567    .data               debug_print_log.o
    0x20000016   0x08003c22   0x00000002   PAD
    0x20000018   0x08003c24   0x00000004   Data   RW          600    .data               system_gd32f30x.o
    0x2000001c   0x08003c28   0x0000007d   Data   RW         4672    .data               gd32f303c_eval.o
    0x20000099   0x08003ca5   0x00000001   PAD
    0x2000009a   0x08003ca6   0x00000004   Data   RW         4744    .data               as5600_i2c_1.o
    0x2000009e   0x08003caa   0x00000002   PAD
    0x200000a0   0x08003cac   0x00000030   Data   RW         4905    .data               foc.o
    0x200000d0   0x08003cdc   0x00000004   Data   RW         5359    .data               mc_w.l(stdout.o)
    0x200000d4   0x08003ce0   0x00000004   Data   RW         5369    .data               mc_w.l(errno.o)
    0x200000d8        -       0x00000014   Zero   RW          533    .bss                uart.o
    0x200000ec        -       0x00004e20   Zero   RW          566    .bss                debug_print_log.o
    0x20004f0c        -       0x00004f90   Zero   RW         4904    .bss                foc.o
    0x20009e9c   0x08003ce4   0x00000004   PAD
    0x20009ea0        -       0x00000400   Zero   RW         4721    STACK               startup_gd32f30x_hd.o


==============================================================================

Image component sizes


      Code (inc. data)   RO Data    RW Data    ZI Data      Debug   Object Name

      1834         78          0          4          0       8877   as5600_i2c_1.o
       368         74          0          4      20000       2310   debug_print_log.o
      1508        148          0         48      20368       7396   foc.o
       152         30          0        125          0       1727   gd32f303c_eval.o
       188          0          0          0          0        984   gd32f30x_gpio.o
       514         14          0          0          0      14464   gd32f30x_i2c.o
       120         24          0          0          0       4694   gd32f30x_it.o
       216         20          0          0          0       1620   gd32f30x_misc.o
       440         46          0          0          0      20532   gd32f30x_rcu.o
      1126         48          0          0          0      22883   gd32f30x_timer.o
       486         16          0          0          0      14887   gd32f30x_usart.o
        80          8          0          0          0        490   gpio.o
       256         22          0          0          0       1972   lowpass_filter_1.o
       312        106          0          4          0      49502   main.o
       508         14          0          0          0       2176   pid_1.o
        36          8        304          0       1024        944   startup_gd32f30x_hd.o
       648         30          0          4          0       8687   system_gd32f30x.o
       260         38          0          8          0      29680   systick.o
       554         10          0          0          0       3862   timer.o
        72          8          0          5         20       1832   uart.o

    ----------------------------------------------------------------------
      9700        742        336        208      41416     199519   Object Totals
         0          0         32          0          0          0   (incl. Generated)
        22          0          0          6          4          0   (incl. Padding)

    ----------------------------------------------------------------------

      Code (inc. data)   RO Data    RW Data    ZI Data      Debug   Library Member Name

       336         56          0          0          0        136   cosf.o
       176          0          0          0          0        168   fmodf.o
        38          0          0          0          0        116   fpclassifyf.o
        38         12          0          0          0        348   funder.o
       340         24         32          0          0        160   rredf.o
       400         56          0          0          0        212   sinf.o
        58          0          0          0          0        136   sqrtf.o
         0          0          0          0          0          0   entry.o
         0          0          0          0          0          0   entry10a.o
         0          0          0          0          0          0   entry11a.o
         4          0          0          0          0          0   entry12b.o
         8          4          0          0          0          0   entry2.o
         4          0          0          0          0          0   entry5.o
         0          0          0          0          0          0   entry7b.o
         0          0          0          0          0          0   entry8b.o
         8          4          0          0          0          0   entry9a.o
        12          6          0          4          0         68   errno.o
        30          0          0          0          0          0   handlers.o
        36          8          0          0          0         68   init.o
         0          0          0          0          0          0   iusefp.o
        30          0          0          0          0         68   llshl.o
        36          0          0          0          0         68   llsshr.o
        32          0          0          0          0         68   llushr.o
      2218         90          0          0          0        464   printfa.o
         0          0          0          4          0          0   stdout.o
        44          0          0          0          0         80   uidiv.o
        98          0          0          0          0         92   uldiv.o
        48          0          0          0          0         68   cdrcmple.o
        56          0          0          0          0         88   d2f.o
       334          0          0          0          0        148   dadd.o
       222          0          0          0          0        100   ddiv.o
       186          0          0          0          0        176   depilogue.o
        48          0          0          0          0         68   dfixul.o
       228          0          0          0          0         96   dmul.o
        38          0          0          0          0         68   f2d.o
       110          0          0          0          0        168   fepilogue.o
        82          0          0          0          0         96   frem.o

    ----------------------------------------------------------------------
      5304        260         32          8          0       3328   Library Totals
         6          0          0          0          0          0   (incl. Padding)

    ----------------------------------------------------------------------

      Code (inc. data)   RO Data    RW Data    ZI Data      Debug   Library Name

      1386        148         32          0          0       1276   m_wm.l
      2560        112          0          8          0        976   mc_w.l
      1352          0          0          0          0       1076   mf_w.l

    ----------------------------------------------------------------------
      5304        260         32          8          0       3328   Library Totals

    ----------------------------------------------------------------------

==============================================================================


      Code (inc. data)   RO Data    RW Data    ZI Data      Debug   

     15004       1002        368        216      41416     192163   Grand Totals
     15004       1002        368        216      41416     192163   ELF Image Totals
     15004       1002        368        216          0          0   ROM Totals

==============================================================================

    Total RO  Size (Code + RO Data)                15372 (  15.01kB)
    Total RW  Size (RW Data + ZI Data)             41632 (  40.66kB)
    Total ROM Size (Code + RO Data + RW Data)      15588 (  15.22kB)

==============================================================================

