<html>
<body>
<pre>
<h1>µVision Build Log</h1>
<h2>Tool Versions:</h2>
IDE-Version: ¦ÌVision V5.43.1.0
Copyright (C) 2025 ARM Ltd and ARM Germany GmbH. All rights reserved.
License Information: dfgae areherr, areher, LIC=8VRJ7-E48JK-NN1AF-6M7SU-5XIRH-0JU8C
 
Tool Versions:
Toolchain:       MDK-ARM Plus  Version: 5.43.0.0
Toolchain Path:  F:\software\keil5\keil\ARM\ARMCC\Bin
C Compiler:      Armcc.exe V5.06 update 7 (build 960)
Assembler:       Armasm.exe V5.06 update 7 (build 960)
Linker/Locator:  ArmLink.exe V5.06 update 7 (build 960)
Library Manager: ArmAr.exe V5.06 update 7 (build 960)
Hex Converter:   FromElf.exe V5.06 update 7 (build 960)
CPU DLL:         SARMCM3.DLL V5.43.0.0
Dialog DLL:      DCM.DLL V1.17.5.0
Target DLL:      CMSIS_AGDI.dll V1.33.24.0
Dialog DLL:      TCM.DLL V1.56.6.0
 
<h2>Project:</h2>
F:\project\PR262\GD32F30x\BLDC_Moto_Ctl\BLDC_Moto_Ctl\MDK-ARM\GD32303C_EVAL.uvprojx
Project File Date:  05/21/2026

<h2>Output:</h2>
*** Using Compiler 'V5.06 update 7 (build 960)', folder: 'F:\software\keil5\keil\ARM\ARMCC\Bin'
Rebuild target 'GD32F303C_EVAL'
Note: source file '..\FOR\as5600_i2c.c' - object file renamed from '.\output\as5600_i2c.o' to '.\output\as5600_i2c_1.o'.
Note: source file '..\FOR\lowpass_filter.c' - object file renamed from '.\output\lowpass_filter.o' to '.\output\lowpass_filter_1.o'.
Note: source file '..\FOR\pid.c' - object file renamed from '.\output\pid.o' to '.\output\pid_1.o'.
compiling gd32f30x_it.c...
compiling main.c...
compiling systick.c...
compiling uart.c...
compiling timer.c...
compiling gpio.c...
compiling system_gd32f30x.c...
compiling gd32f30x_adc.c...
compiling gd32f30x_bkp.c...
compiling gd32f30x_can.c...
compiling gd32f30x_ctc.c...
compiling gd32f30x_crc.c...
compiling gd32f30x_dac.c...
compiling gd32f30x_dbg.c...
compiling gd32f30x_dma.c...
compiling gd32f30x_enet.c...
compiling gd32f30x_exti.c...
compiling gd32f30x_exmc.c...
compiling gd32f30x_fwdgt.c...
compiling gd32f30x_fmc.c...
compiling gd32f30x_gpio.c...
compiling gd32f30x_misc.c...
compiling gd32f30x_pmu.c...
compiling gd32f30x_i2c.c...
compiling gd32f30x_sdio.c...
compiling gd32f30x_rcu.c...
compiling gd32f30x_rtc.c...
compiling gd32f30x_usart.c...
compiling gd32f30x_spi.c...
compiling gd32f30x_timer.c...
assembling startup_gd32f30x_hd.s...
compiling gd32f30x_wwdgt.c...
compiling gd32f303c_eval.c...
compiling lowpass_filter.c...
compiling as5600_i2c.c...
compiling pid.c...
compiling foc.c...
..\FOR\foc.c(121): warning:  #177-D: variable "alpha"  was declared but never referenced
      float alpha = dt / (Tf + dt);  /* ?????? */
..\FOR\foc.c(23): warning:  #177-D: variable "motor_target"  was declared but never referenced
  static float motor_target = 0.0f;
..\FOR\foc.c(24): warning:  #177-D: variable "received_chars"  was declared but never referenced
  static char received_chars[256];
..\FOR\foc.c(25): warning:  #177-D: variable "received_index"  was declared but never referenced
  static int received_index = 0;
..\FOR\foc.c: 4 warnings, 0 errors
linking...
Program Size: Code=10916 RO-data=368 RW-data=204 ZI-data=1412  
FromELF: creating hex file...
".\output\Project.axf" - 0 Error(s), 4 Warning(s).

<h2>Software Packages used:</h2>

Package Vendor: ARM
                https://www.keil.com/pack/ARM.CMSIS.6.3.0.pack
                ARM::CMSIS@6.3.0
                CMSIS (Common Microcontroller Software Interface Standard)
   * Component: CORE Version: 6.2.0

Package Vendor: GigaDevice
                https://gd32mcu.com/data/documents/pack/GigaDevice.GD32F30x_DFP.2.6.0.pack
                GigaDevice::GD32F30x_DFP@2.6.0
                GigaDevice GD32F30x Series Device Support and Examples

<h2>Collection of Component include folders:</h2>
  ./RTE/_GD32F303C_EVAL
  F:/software/keil5/package/ARM/CMSIS/6.3.0/CMSIS/Core/Include
  F:/software/keil5/package/GigaDevice/GD32F30x_DFP/2.6.0/Device/Include

<h2>Collection of Component Files used:</h2>

   * Component: ARM::CMSIS:CORE@6.2.0
Build Time Elapsed:  00:00:26
</pre>
</body>
</html>
